Archive member included to satisfy reference by file (symbol)

c:/d/arm cortex m3/gcc-arm-none-eabi-10.3-2021.10-win32/gcc-arm-none-eabi-10.3-2021.10/bin/../lib/gcc/arm-none-eabi/10.3.1/../../../../arm-none-eabi/lib/thumb/v8-m.main/nofp\libg.a(lib_a-exit.o)
                              c:/d/arm cortex m3/gcc-arm-none-eabi-10.3-2021.10-win32/gcc-arm-none-eabi-10.3-2021.10/bin/../lib/gcc/arm-none-eabi/10.3.1/../../../../arm-none-eabi/lib/thumb/v8-m.main/nofp/crt0.o (exit)
c:/d/arm cortex m3/gcc-arm-none-eabi-10.3-2021.10-win32/gcc-arm-none-eabi-10.3-2021.10/bin/../lib/gcc/arm-none-eabi/10.3.1/../../../../arm-none-eabi/lib/thumb/v8-m.main/nofp\libg.a(lib_a-impure.o)
                              c:/d/arm cortex m3/gcc-arm-none-eabi-10.3-2021.10-win32/gcc-arm-none-eabi-10.3-2021.10/bin/../lib/gcc/arm-none-eabi/10.3.1/../../../../arm-none-eabi/lib/thumb/v8-m.main/nofp\libg.a(lib_a-exit.o) (_global_impure_ptr)
c:/d/arm cortex m3/gcc-arm-none-eabi-10.3-2021.10-win32/gcc-arm-none-eabi-10.3-2021.10/bin/../lib/gcc/arm-none-eabi/10.3.1/../../../../arm-none-eabi/lib/thumb/v8-m.main/nofp\libg.a(lib_a-init.o)
                              c:/d/arm cortex m3/gcc-arm-none-eabi-10.3-2021.10-win32/gcc-arm-none-eabi-10.3-2021.10/bin/../lib/gcc/arm-none-eabi/10.3.1/../../../../arm-none-eabi/lib/thumb/v8-m.main/nofp/crt0.o (__libc_init_array)
c:/d/arm cortex m3/gcc-arm-none-eabi-10.3-2021.10-win32/gcc-arm-none-eabi-10.3-2021.10/bin/../lib/gcc/arm-none-eabi/10.3.1/../../../../arm-none-eabi/lib/thumb/v8-m.main/nofp\libg.a(lib_a-memset.o)
                              c:/d/arm cortex m3/gcc-arm-none-eabi-10.3-2021.10-win32/gcc-arm-none-eabi-10.3-2021.10/bin/../lib/gcc/arm-none-eabi/10.3.1/../../../../arm-none-eabi/lib/thumb/v8-m.main/nofp/crt0.o (memset)
c:/d/arm cortex m3/gcc-arm-none-eabi-10.3-2021.10-win32/gcc-arm-none-eabi-10.3-2021.10/bin/../lib/gcc/arm-none-eabi/10.3.1/../../../../arm-none-eabi/lib/thumb/v8-m.main/nofp\libg.a(lib_a-printf.o)
                              ./Debug/main.o (printf)
c:/d/arm cortex m3/gcc-arm-none-eabi-10.3-2021.10-win32/gcc-arm-none-eabi-10.3-2021.10/bin/../lib/gcc/arm-none-eabi/10.3.1/../../../../arm-none-eabi/lib/thumb/v8-m.main/nofp\libg.a(lib_a-vfprintf.o)
                              c:/d/arm cortex m3/gcc-arm-none-eabi-10.3-2021.10-win32/gcc-arm-none-eabi-10.3-2021.10/bin/../lib/gcc/arm-none-eabi/10.3.1/../../../../arm-none-eabi/lib/thumb/v8-m.main/nofp\libg.a(lib_a-printf.o) (_vfprintf_r)
c:/d/arm cortex m3/gcc-arm-none-eabi-10.3-2021.10-win32/gcc-arm-none-eabi-10.3-2021.10/bin/../lib/gcc/arm-none-eabi/10.3.1/../../../../arm-none-eabi/lib/thumb/v8-m.main/nofp\libg.a(lib_a-wsetup.o)
                              c:/d/arm cortex m3/gcc-arm-none-eabi-10.3-2021.10-win32/gcc-arm-none-eabi-10.3-2021.10/bin/../lib/gcc/arm-none-eabi/10.3.1/../../../../arm-none-eabi/lib/thumb/v8-m.main/nofp\libg.a(lib_a-vfprintf.o) (__swsetup_r)
c:/d/arm cortex m3/gcc-arm-none-eabi-10.3-2021.10-win32/gcc-arm-none-eabi-10.3-2021.10/bin/../lib/gcc/arm-none-eabi/10.3.1/../../../../arm-none-eabi/lib/thumb/v8-m.main/nofp\libg.a(lib_a-__call_atexit.o)
                              c:/d/arm cortex m3/gcc-arm-none-eabi-10.3-2021.10-win32/gcc-arm-none-eabi-10.3-2021.10/bin/../lib/gcc/arm-none-eabi/10.3.1/../../../../arm-none-eabi/lib/thumb/v8-m.main/nofp\libg.a(lib_a-exit.o) (__call_exitprocs)
c:/d/arm cortex m3/gcc-arm-none-eabi-10.3-2021.10-win32/gcc-arm-none-eabi-10.3-2021.10/bin/../lib/gcc/arm-none-eabi/10.3.1/../../../../arm-none-eabi/lib/thumb/v8-m.main/nofp\libg.a(lib_a-atexit.o)
                              c:/d/arm cortex m3/gcc-arm-none-eabi-10.3-2021.10-win32/gcc-arm-none-eabi-10.3-2021.10/bin/../lib/gcc/arm-none-eabi/10.3.1/../../../../arm-none-eabi/lib/thumb/v8-m.main/nofp\libg.a(lib_a-__call_atexit.o) (atexit)
c:/d/arm cortex m3/gcc-arm-none-eabi-10.3-2021.10-win32/gcc-arm-none-eabi-10.3-2021.10/bin/../lib/gcc/arm-none-eabi/10.3.1/../../../../arm-none-eabi/lib/thumb/v8-m.main/nofp\libg.a(lib_a-dtoa.o)
                              c:/d/arm cortex m3/gcc-arm-none-eabi-10.3-2021.10-win32/gcc-arm-none-eabi-10.3-2021.10/bin/../lib/gcc/arm-none-eabi/10.3.1/../../../../arm-none-eabi/lib/thumb/v8-m.main/nofp\libg.a(lib_a-vfprintf.o) (_dtoa_r)
c:/d/arm cortex m3/gcc-arm-none-eabi-10.3-2021.10-win32/gcc-arm-none-eabi-10.3-2021.10/bin/../lib/gcc/arm-none-eabi/10.3.1/../../../../arm-none-eabi/lib/thumb/v8-m.main/nofp\libg.a(lib_a-fflush.o)
                              c:/d/arm cortex m3/gcc-arm-none-eabi-10.3-2021.10-win32/gcc-arm-none-eabi-10.3-2021.10/bin/../lib/gcc/arm-none-eabi/10.3.1/../../../../arm-none-eabi/lib/thumb/v8-m.main/nofp\libg.a(lib_a-vfprintf.o) (_fflush_r)
c:/d/arm cortex m3/gcc-arm-none-eabi-10.3-2021.10-win32/gcc-arm-none-eabi-10.3-2021.10/bin/../lib/gcc/arm-none-eabi/10.3.1/../../../../arm-none-eabi/lib/thumb/v8-m.main/nofp\libg.a(lib_a-findfp.o)
[...]
Memory Configuration

Name             Origin             Length             Attributes
FLASH            0x10000000         0x00200000         xr
RAM              0x20000000         0x00020000         xrw
*default*        0x00000000         0xffffffff

Linker script and memory map

LOAD c:/d/arm cortex m3/gcc-arm-none-eabi-10.3-2021.10-win32/gcc-arm-none-eabi-10.3-2021.10/bin/../lib/gcc/arm-none-eabi/10.3.1/thumb/v8-m.main/nofp/crti.o
LOAD c:/d/arm cortex m3/gcc-arm-none-eabi-10.3-2021.10-win32/gcc-arm-none-eabi-10.3-2021.10/bin/../lib/gcc/arm-none-eabi/10.3.1/thumb/v8-m.main/nofp/crtbegin.o
LOAD c:/d/arm cortex m3/gcc-arm-none-eabi-10.3-2021.10-win32/gcc-arm-none-eabi-10.3-2021.10/bin/../lib/gcc/arm-none-eabi/10.3.1/../../../../arm-none-eabi/lib/thumb/v8-m.main/nofp/crt0.o
LOAD ./Debug/main.o
LOAD ./Debug/startup_Musca-B1.o
LOAD ./Debug/system_Musca-B1.o
START GROUP
LOAD c:/d/arm cortex m3/gcc-arm-none-eabi-10.3-2021.10-win32/gcc-arm-none-eabi-10.3-2021.10/bin/../lib/gcc/arm-none-eabi/10.3.1/thumb/v8-m.main/nofp\libgcc.a
LOAD c:/d/arm cortex m3/gcc-arm-none-eabi-10.3-2021.10-win32/gcc-arm-none-eabi-10.3-2021.10/bin/../lib/gcc/arm-none-eabi/10.3.1/../../../../arm-none-eabi/lib/thumb/v8-m.main/nofp\libg.a
LOAD c:/d/arm cortex m3/gcc-arm-none-eabi-10.3-2021.10-win32/gcc-arm-none-eabi-10.3-2021.10/bin/../lib/gcc/arm-none-eabi/10.3.1/../../../../arm-none-eabi/lib/thumb/v8-m.main/nofp\libc.a
END GROUP
START GROUP
LOAD c:/d/arm cortex m3/gcc-arm-none-eabi-10.3-2021.10-win32/gcc-arm-none-eabi-10.3-2021.10/bin/../lib/gcc/arm-none-eabi/10.3.1/thumb/v8-m.main/nofp\libgcc.a
LOAD c:/d/arm cortex m3/gcc-arm-none-eabi-10.3-2021.10-win32/gcc-arm-none-eabi-10.3-2021.10/bin/../lib/gcc/arm-none-eabi/10.3.1/../../../../arm-none-eabi/lib/thumb/v8-m.main/nofp\libc.a
LOAD c:/d/arm cortex m3/gcc-arm-none-eabi-10.3-2021.10-win32/gcc-arm-none-eabi-10.3-2021.10/bin/../lib/gcc/arm-none-eabi/10.3.1/../../../../arm-none-eabi/lib/thumb/v8-m.main/nofp\libnosys.a
END GROUP
LOAD c:/d/arm cortex m3/gcc-arm-none-eabi-10.3-2021.10-win32/gcc-arm-none-eabi-10.3-2021.10/bin/../lib/gcc/arm-none-eabi/10.3.1/thumb/v8-m.main/nofp/crtend.o
LOAD c:/d/arm cortex m3/gcc-arm-none-eabi-10.3-2021.10-win32/gcc-arm-none-eabi-10.3-2021.10/bin/../lib/gcc/arm-none-eabi/10.3.1/thumb/v8-m.main/nofp/crtn.o
                0x10000000                __ROM_BASE = 0x10000000
                0x00200000                __ROM_SIZE = 0x200000
                0x20000000                __RAM_BASE = 0x20000000
                0x00020000                __RAM_SIZE = 0x20000
                0x00000200                __STACK_SIZE = 0x200
                0x00000c00                __HEAP_SIZE = 0xc00
                0x00000000                __STACKSEAL_SIZE = 0x0

.text           0x10000000     0x84a8
 *(.vectors)
 .vectors       0x10000000       0x68 ./Debug/startup_Musca-B1.o
                0x10000000                __Vectors
 *(.text*)
 .text          0x10000068        0x0 c:/d/arm cortex m3/gcc-arm-none-eabi-10.3-2021.10-win32/gcc-arm-none-eabi-10.3-2021.10/bin/../lib/gcc/arm-none-eabi/10.3.1/thumb/v8-m.main/nofp/crti.o
 .text          0x10000068       0x40 c:/d/arm cortex m3/gcc-arm-none-eabi-10.3-2021.10-win32/gcc-arm-none-eabi-10.3-2021.10/bin/../lib/gcc/arm-none-eabi/10.3.1/thumb/v8-m.main/nofp/crtbegin.o
 .text          0x100000a8       0x7c c:/d/arm cortex m3/gcc-arm-none-eabi-10.3-2021.10-win32/gcc-arm-none-eabi-10.3-2021.10/bin/../lib/gcc/arm-none-eabi/10.3.1/../../../../arm-none-eabi/lib/thumb/v8-m.main/nofp/crt0.o
                0x100000a8                _stack_init
                0x100000b0                _start
                0x100000b0                _mainCRTStartup
 .text          0x10000124       0x14 ./Debug/main.o
                0x10000124                main
 .text          0x10000138       0x48 ./Debug/startup_Musca-B1.o
                0x10000138                Reset_Handler
                0x10000174                HardFault_Handler
                0x1000017a                SysTick_Handler
                0x1000017a                PendSV_Handler
                0x1000017a                NMI_Handler
                0x1000017a                Interrupt3_Handler
                0x1000017a                Interrupt8_Handler
                0x1000017a                Interrupt5_Handler
                0x1000017a                UsageFault_Handler
                0x1000017a                DebugMon_Handler
                0x1000017a                Interrupt7_Handler
                0x1000017a                Interrupt2_Handler
                0x1000017a                Interrupt0_Handler
                0x1000017a                Interrupt4_Handler
                0x1000017a                SecureFault_Handler
                0x1000017a                Default_Handler
                0x1000017a                Interrupt9_Handler
                0x1000017a                Interrupt6_Handler
                0x1000017a                MemManage_Handler
                0x1000017a                SVC_Handler
                0x1000017a                Interrupt1_Handler
                0x1000017a                BusFault_Handler
 .text          0x10000180       0x44 ./Debug/system_Musca-B1.o
                0x10000180                SystemCoreClockUpdate
                0x1000019c                SystemInit
 .text          0x100001c4        0x0 c:/d/arm cortex m3/gcc-arm-none-eabi-10.3-2021.10-win32/gcc-arm-none-eabi-10.3-2021.10/bin/../lib/gcc/arm-none-eabi/10.3.1/../../../../arm-none-eabi/lib/thumb/v8-m.main/nofp\libg.a(lib_a-exit.o)
 .text.exit     0x100001c4       0x20 c:/d/arm cortex m3/gcc-arm-none-eabi-10.3-2021.10-win32/gcc-arm-none-eabi-10.3-2021.10/bin/../lib/gcc/arm-none-eabi/10.3.1/../../../../arm-none-eabi/lib/thumb/v8-m.main/nofp\libg.a(lib_a-exit.o)
                0x100001c4                exit
 .text          0x100001e4        0x0 c:/d/arm cortex m3/gcc-arm-none-eabi-10.3-2021.10-win32/gcc-arm-none-eabi-10.3-2021.10/bin/../lib/gcc/arm-none-eabi/10.3.1/../../../../arm-none-eabi/lib/thumb/v8-m.main/nofp\libg.a(lib_a-impure.o)
 .text          0x100001e4        0x0 c:/d/arm cortex m3/gcc-arm-none-eabi-10.3-2021.10-win32/gcc-arm-none-eabi-10.3-2021.10/bin/../lib/gcc/arm-none-eabi/10.3.1/../../../../arm-none-eabi/lib/thumb/v8-m.main/nofp\libg.a(lib_a-init.o)
 .text.__libc_init_array
                0x100001e4       0x48 c:/d/arm cortex m3/gcc-arm-none-eabi-10.3-2021.10-win32/gcc-arm-none-eabi-10.3-2021.10/bin/../lib/gcc/arm-none-eabi/10.3.1/../../../../arm-none-eabi/lib/thumb/v8-m.main/nofp\libg.a(lib_a-init.o)
                0x100001e4                __libc_init_array
 .text          0x1000022c        0x0 c:/d/arm cortex m3/gcc-arm-none-eabi-10.3-2021.10-win32/gcc-arm-none-eabi-10.3-2021.10/bin/../lib/gcc/arm-none-eabi/10.3.1/../../../../arm-none-eabi/lib/thumb/v8-m.main/nofp\libg.a(lib_a-memset.o)
 .text.memset   0x1000022c       0xa4 c:/d/arm cortex m3/gcc-arm-none-eabi-10.3-2021.10-win32/gcc-arm-none-eabi-10.3-2021.10/bin/../lib/gcc/arm-none-eabi/10.3.1/../../../../arm-none-eabi/lib/thumb/v8-m.main/nofp\libg.a(lib_a-memset.o)
                0x1000022c                memset
 .text          0x100002d0        0x0 c:/d/arm cortex m3/gcc-arm-none-eabi-10.3-2021.10-win32/gcc-arm-none-eabi-10.3-2021.10/bin/../lib/gcc/arm-none-eabi/10.3.1/../../../../arm-none-eabi/lib/thumb/v8-m.main/nofp\libg.a(lib_a-printf.o)
 .text._printf_r
                0x100002d0       0x20 c:/d/arm cortex m3/gcc-arm-none-eabi-10.3-2021.10-win32/gcc-arm-none-eabi-10.3-2021.10/bin/../lib/gcc/arm-none-eabi/10.3.1/../../../../arm-none-eabi/lib/thumb/v8-m.main/nofp\libg.a(lib_a-printf.o)
                0x100002d0                _printf_r
 .text.printf   0x100002f0       0x28 c:/d/arm cortex m3/gcc-arm-none-eabi-10.3-2021.10-win32/gcc-arm-none-eabi-10.3-2021.10/bin/../lib/gcc/arm-none-eabi/10.3.1/../../../../arm-none-eabi/lib/thumb/v8-m.main/nofp\libg.a(lib_a-printf.o)
                0x100002f0                printf
 .text          0x10000318        0x0 c:/d/arm cortex m3/gcc-arm-none-eabi-10.3-2021.10-win32/gcc-arm-none-eabi-10.3-2021.10/bin/../lib/gcc/arm-none-eabi/10.3.1/../../../../arm-none-eabi/lib/thumb/v8-m.main/nofp\libg.a(lib_a-vfprintf.o)
 .text._vfprintf_r
                0x10000318     0x1b34 c:/d/arm cortex m3/gcc-arm-none-eabi-10.3-2021.10-win32/gcc-arm-none-eabi-10.3-2021.10/bin/../lib/gcc/arm-none-eabi/10.3.1/../../../../arm-none-eabi/lib/thumb/v8-m.main/nofp\libg.a(lib_a-vfprintf.o)
                0x10000318                _vfprintf_r
 .text.vfprintf
                0x10001e4c       0x18 c:/d/arm cortex m3/gcc-arm-none-eabi-10.3-2021.10-win32/gcc-arm-none-eabi-10.3-2021.10/bin/../lib/gcc/arm-none-eabi/10.3.1/../../../../arm-none-eabi/lib/thumb/v8-m.main/nofp\libg.a(lib_a-vfprintf.o)
                0x10001e4c                vfprintf
 .text.__sbprintf
                0x10001e64       0x80 c:/d/arm cortex m3/gcc-arm-none-eabi-10.3-2021.10-win32/gcc-arm-none-eabi-10.3-2021.10/bin/../lib/gcc/arm-none-eabi/10.3.1/../../../../arm-none-eabi/lib/thumb/v8-m.main/nofp\libg.a(lib_a-vfprintf.o)
 .text          0x10001ee4        0x0 c:/d/arm cortex m3/gcc-arm-none-eabi-10.3-2021.10-win32/gcc-arm-none-eabi-10.3-2021.10/bin/../lib/gcc/arm-none-eabi/10.3.1/../../../../arm-none-eabi/lib/thumb/v8-m.main/nofp\libg.a(lib_a-wsetup.o)
 .text.__swsetup_r
                0x10001ee4       0xd4 c:/d/arm cortex m3/gcc-arm-none-eabi-10.3-2021.10-win32/gcc-arm-none-eabi-10.3-2021.10/bin/../lib/gcc/arm-none-eabi/10.3.1/../../../../arm-none-eabi/lib/thumb/v8-m.main/nofp\libg.a(lib_a-wsetup.o)
                0x10001ee4                __swsetup_r
 .text          0x10001fb8        0x0 c:/d/arm cortex m3/gcc-arm-none-eabi-10.3-2021.10-win32/gcc-arm-none-eabi-10.3-2021.10/bin/../lib/gcc/arm-none-eabi/10.3.1/../../../../arm-none-eabi/lib/thumb/v8-m.main/nofp\libg.a(lib_a-__call_atexit.o)
 .text.startup.register_fini
                0x10001fb8       0x14 c:/d/arm cortex m3/gcc-arm-none-eabi-10.3-2021.10-win32/gcc-arm-none-eabi-10.3-2021.10/bin/../lib/gcc/arm-none-eabi/10.3.1/../../../../arm-none-eabi/lib/thumb/v8-m.main/nofp\libg.a(lib_a-__call_atexit.o)
 .text.__call_exitprocs
                0x10001fcc       0xc4 c:/d/arm cortex m3/gcc-arm-none-eabi-10.3-2021.10-win32/gcc-arm-none-eabi-10.3-2021.10/bin/../lib/gcc/arm-none-eabi/10.3.1/../../../../arm-none-eabi/lib/thumb/v8-m.main/nofp\libg.a(lib_a-__call_atexit.o)
                0x10001fcc                __call_exitprocs
 .text          0x10002090        0x0 c:/d/arm cortex m3/gcc-arm-none-eabi-10.3-2021.10-win32/gcc-arm-none-eabi-10.3-2021.10/bin/../lib/gcc/arm-none-eabi/10.3.1/../../../../arm-none-eabi/lib/thumb/v8-m.main/nofp\libg.a(lib_a-atexit.o)
 .text.atexit   0x10002090        0xc c:/d/arm cortex m3/gcc-arm-none-eabi-10.3-2021.10-win32/gcc-arm-none-eabi-10.3-2021.10/bin/../lib/gcc/arm-none-eabi/10.3.1/../../../../arm-none-eabi/lib/thumb/v8-m.main/nofp\libg.a(lib_a-atexit.o)
                0x10002090                atexit
 .text          0x1000209c        0x0 c:/d/arm cortex m3/gcc-arm-none-eabi-10.3-2021.10-win32/gcc-arm-none-eabi-10.3-2021.10/bin/../lib/gcc/arm-none-eabi/10.3.1/../../../../arm-none-eabi/lib/thumb/v8-m.main/nofp\libg.a(lib_a-dtoa.o)
 .text.quorem   0x1000209c      0x134 c:/d/arm cortex m3/gcc-arm-none-eabi-10.3-2021.10-win32/gcc-arm-none-eabi-10.3-2021.10/bin/../lib/gcc/arm-none-eabi/10.3.1/../../../../arm-none-eabi/lib/thumb/v8-m.main/nofp\libg.a(lib_a-dtoa.o)
 .text._dtoa_r  0x100021d0      0xef4 c:/d/arm cortex m3/gcc-arm-none-eabi-10.3-2021.10-win32/gcc-arm-none-eabi-10.3-2021.10/bin/../lib/gcc/arm-none-eabi/10.3.1/../../../../arm-none-eabi/lib/thumb/v8-m.main/nofp\libg.a(lib_a-dtoa.o)
                0x100021d0                _dtoa_r
 .text          0x100030c4        0x0 c:/d/arm cortex m3/gcc-arm-none-eabi-10.3-2021.10-win32/gcc-arm-none-eabi-10.3-2021.10/bin/../lib/gcc/arm-none-eabi/10.3.1/../../../../arm-none-eabi/lib/thumb/v8-m.main/nofp\libg.a(lib_a-fflush.o)
 .text.__sflush_r
                0x100030c4      0x138 c:/d/arm cortex m3/gcc-arm-none-eabi-10.3-2021.10-win32/gcc-arm-none-eabi-10.3-2021.10/bin/../lib/gcc/arm-none-eabi/10.3.1/../../../../arm-none-eabi/lib/thumb/v8-m.main/nofp\libg.a(lib_a-fflush.o)
                0x100030c4                __sflush_r
 .text._fflush_r
                0x100031fc       0x5c c:/d/arm cortex m3/gcc-arm-none-eabi-10.3-2021.10-win32/gcc-arm-none-eabi-10.3-2021.10/bin/../lib/gcc/arm-none-eabi/10.3.1/../../../../arm-none-eabi/lib/thumb/v8-m.main/nofp\libg.a(lib_a-fflush.o)
                0x100031fc                _fflush_r
 .text.fflush   0x10003258       0x74 c:/d/arm cortex m3/gcc-arm-none-eabi-10.3-2021.10-win32/gcc-arm-none-eabi-10.3-2021.10/bin/../lib/gcc/arm-none-eabi/10.3.1/../../../../arm-none-eabi/lib/thumb/v8-m.main/nofp\libg.a(lib_a-fflush.o)
                0x10003258                fflush
 .text          0x100032cc        0x0 c:/d/arm cortex m3/gcc-arm-none-eabi-10.3-2021.10-win32/gcc-arm-none-eabi-10.3-2021.10/bin/../lib/gcc/arm-none-eabi/10.3.1/../../../../arm-none-eabi/lib/thumb/v8-m.main/nofp\libg.a(lib_a-findfp.o)
 .text._cleanup_r
                0x100032cc        0xc c:/d/arm cortex m3/gcc-arm-none-eabi-10.3-2021.10-win32/gcc-arm-none-eabi-10.3-2021.10/bin/../lib/gcc/arm-none-eabi/10.3.1/../../../../arm-none-eabi/lib/thumb/v8-m.main/nofp\libg.a(lib_a-findfp.o)
                0x100032cc                _cleanup_r
 .text.__fp_lock
                0x100032d8       0x1c c:/d/arm cortex m3/gcc-arm-none-eabi-10.3-2021.10-win32/gcc-arm-none-eabi-10.3-2021.10/bin/../lib/gcc/arm-none-eabi/10.3.1/../../../../arm-none-eabi/lib/thumb/v8-m.main/nofp\libg.a(lib_a-findfp.o)
 .text.__fp_unlock
                0x100032f4       0x1c c:/d/arm cortex m3/gcc-arm-none-eabi-10.3-2021.10-win32/gcc-arm-none-eabi-10.3-2021.10/bin/../lib/gcc/arm-none-eabi/10.3.1/../../../../arm-none-eabi/lib/thumb/v8-m.main/nofp\libg.a(lib_a-findfp.o)
 .text.__sfmoreglue
                0x10003310       0x30 c:/d/arm cortex m3/gcc-arm-none-eabi-10.3-2021.10-win32/gcc-arm-none-eabi-10.3-2021.10/bin/../lib/gcc/arm-none-eabi/10.3.1/../../../../arm-none-eabi/lib/thumb/v8-m.main/nofp\libg.a(lib_a-findfp.o)
                0x10003310                __sfmoreglue
 .text._cleanup
                0x10003340       0x14 c:/d/arm cortex m3/gcc-arm-none-eabi-10.3-2021.10-win32/gcc-arm-none-eabi-10.3-2021.10/bin/../lib/gcc/arm-none-eabi/10.3.1/../../../../arm-none-eabi/lib/thumb/v8-m.main/nofp\libg.a(lib_a-findfp.o)
                0x10003340                _cleanup
 .text.__sinit  0x10003354      0x110 c:/d/arm cortex m3/gcc-arm-none-eabi-10.3-2021.10-win32/gcc-arm-none-eabi-10.3-2021.10/bin/../lib/gcc/arm-none-eabi/10.3.1/../../../../arm-none-eabi/lib/thumb/v8-m.main/nofp\libg.a(lib_a-findfp.o)
                0x10003354                __sinit
 .text.__sfp    0x10003464       0xc8 c:/d/arm cortex m3/gcc-arm-none-eabi-10.3-2021.10-win32/gcc-arm-none-eabi-10.3-2021.10/bin/../lib/gcc/arm-none-eabi/10.3.1/../../../../arm-none-eabi/lib/thumb/v8-m.main/nofp\libg.a(lib_a-findfp.o)
                0x10003464                __sfp
 .text.__sfp_lock_acquire
                0x1000352c        0xc c:/d/arm cortex m3/gcc-arm-none-eabi-10.3-2021.10-win32/gcc-arm-none-eabi-10.3-2021.10/bin/../lib/gcc/arm-none-eabi/10.3.1/../../../../arm-none-eabi/lib/thumb/v8-m.main/nofp\libg.a(lib_a-findfp.o)
                0x1000352c                __sfp_lock_acquire
 .text.__sfp_lock_release
                0x10003538        0xc c:/d/arm cortex m3/gcc-arm-none-eabi-10.3-2021.10-win32/gcc-arm-none-eabi-10.3-2021.10/bin/../lib/gcc/arm-none-eabi/10.3.1/../../../../arm-none-eabi/lib/thumb/v8-m.main/nofp\libg.a(lib_a-findfp.o)
                0x10003538                __sfp_lock_release
 .text.__sinit_lock_acquire
                0x10003544        0xc c:/d/arm cortex m3/gcc-arm-none-eabi-10.3-2021.10-win32/gcc-arm-none-eabi-10.3-2021.10/bin/../lib/gcc/arm-none-eabi/10.3.1/../../../../arm-none-eabi/lib/thumb/v8-m.main/nofp\libg.a(lib_a-findfp.o)
                0x10003544                __sinit_lock_acquire
 .text.__sinit_lock_release
                0x10003550        0xc c:/d/arm cortex m3/gcc-arm-none-eabi-10.3-2021.10-win32/gcc-arm-none-eabi-10.3-2021.10/bin/../lib/gcc/arm-none-eabi/10.3.1/../../../../arm-none-eabi/lib/thumb/v8-m.main/nofp\libg.a(lib_a-findfp.o)
                0x10003550                __sinit_lock_release
 .text.__fp_lock_all
                0x1000355c       0x24 c:/d/arm cortex m3/gcc-arm-none-eabi-10.3-2021.10-win32/gcc-arm-none-eabi-10.3-2021.10/bin/../lib/gcc/arm-none-eabi/10.3.1/../../../../arm-none-eabi/lib/thumb/v8-m.main/nofp\libg.a(lib_a-findfp.o)
                0x1000355c                __fp_lock_all
 .text.__fp_unlock_all
                0x10003580       0x24 c:/d/arm cortex m3/gcc-arm-none-eabi-10.3-2021.10-win32/gcc-arm-none-eabi-10.3-2021.10/bin/../lib/gcc/arm-none-eabi/10.3.1/../../../../arm-none-eabi/lib/thumb/v8-m.main/nofp\libg.a(lib_a-findfp.o)
                0x10003580                __fp_unlock_all
 .text          0x100035a4        0x0 c:/d/arm cortex m3/gcc-arm-none-eabi-10.3-2021.10-win32/gcc-arm-none-eabi-10.3-2021.10/bin/../lib/gcc/arm-none-eabi/10.3.1/../../../../arm-none-eabi/lib/thumb/v8-m.main/nofp\libg.a(lib_a-fini.o)
 .text.__libc_fini_array
                0x100035a4       0x2c c:/d/arm cortex m3/gcc-arm-none-eabi-10.3-2021.10-win32/gcc-arm-none-eabi-10.3-2021.10/bin/../lib/gcc/arm-none-eabi/10.3.1/../../../../arm-none-eabi/lib/thumb/v8-m.main/nofp\libg.a(lib_a-fini.o)
                0x100035a4                __libc_fini_array
 .text          0x100035d0        0x0 c:/d/arm cortex m3/gcc-arm-none-eabi-10.3-2021.10-win32/gcc-arm-none-eabi-10.3-2021.10/bin/../lib/gcc/arm-none-eabi/10.3.1/../../../../arm-none-eabi/lib/thumb/v8-m.main/nofp\libg.a(lib_a-freer.o)
 .text._malloc_trim_r
                0x100035d0       0xa0 c:/d/arm cortex m3/gcc-arm-none-eabi-10.3-2021.10-win32/gcc-arm-none-eabi-10.3-2021.10/bin/../lib/gcc/arm-none-eabi/10.3.1/../../../../arm-none-eabi/lib/thumb/v8-m.main/nofp\libg.a(lib_a-freer.o)
                0x100035d0                _malloc_trim_r
 .text._free_r  0x10003670      0x20c c:/d/arm cortex m3/gcc-arm-none-eabi-10.3-2021.10-win32/gcc-arm-none-eabi-10.3-2021.10/bin/../lib/gcc/arm-none-eabi/10.3.1/../../../../arm-none-eabi/lib/thumb/v8-m.main/nofp\libg.a(lib_a-freer.o)
                0x10003670                _free_r
 .text          0x1000387c        0x0 c:/d/arm cortex m3/gcc-arm-none-eabi-10.3-2021.10-win32/gcc-arm-none-eabi-10.3-2021.10/bin/../lib/gcc/arm-none-eabi/10.3.1/../../../../arm-none-eabi/lib/thumb/v8-m.main/nofp\libg.a(lib_a-fwalk.o)
 .text._fwalk   0x1000387c       0x40 c:/d/arm cortex m3/gcc-arm-none-eabi-10.3-2021.10-win32/gcc-arm-none-eabi-10.3-2021.10/bin/../lib/gcc/arm-none-eabi/10.3.1/../../../../arm-none-eabi/lib/thumb/v8-m.main/nofp\libg.a(lib_a-fwalk.o)
                0x1000387c                _fwalk
 .text._fwalk_reent
                0x100038bc       0x44 c:/d/arm cortex m3/gcc-arm-none-eabi-10.3-2021.10-win32/gcc-arm-none-eabi-10.3-2021.10/bin/../lib/gcc/arm-none-eabi/10.3.1/../../../../arm-none-eabi/lib/thumb/v8-m.main/nofp\libg.a(lib_a-fwalk.o)
                0x100038bc                _fwalk_reent
 .text          0x10003900        0x0 c:/d/arm cortex m3/gcc-arm-none-eabi-10.3-2021.10-win32/gcc-arm-none-eabi-10.3-2021.10/bin/../lib/gcc/arm-none-eabi/10.3.1/../../../../arm-none-eabi/lib/thumb/v8-m.main/nofp\libg.a(lib_a-localeconv.o)
 .text.__localeconv_l
                0x10003900        0x4 c:/d/arm cortex m3/gcc-arm-none-eabi-10.3-2021.10-win32/gcc-arm-none-eabi-10.3-2021.10/bin/../lib/gcc/arm-none-eabi/10.3.1/../../../../arm-none-eabi/lib/thumb/v8-m.main/nofp\libg.a(lib_a-localeconv.o)
                0x10003900                __localeconv_l
 .text._localeconv_r
                0x10003904        0x8 c:/d/arm cortex m3/gcc-arm-none-eabi-10.3-2021.10-win32/gcc-arm-none-eabi-10.3-2021.10/bin/../lib/gcc/arm-none-eabi/10.3.1/../../../../arm-none-eabi/lib/thumb/v8-m.main/nofp\libg.a(lib_a-localeconv.o)
                0x10003904                _localeconv_r
 .text.localeconv
                0x1000390c        0x8 c:/d/arm cortex m3/gcc-arm-none-eabi-10.3-2021.10-win32/gcc-arm-none-eabi-10.3-2021.10/bin/../lib/gcc/arm-none-eabi/10.3.1/../../../../arm-none-eabi/lib/thumb/v8-m.main/nofp\libg.a(lib_a-localeconv.o)
                0x1000390c                localeconv
 .text          0x10003914        0x0 c:/d/arm cortex m3/gcc-arm-none-eabi-10.3-2021.10-win32/gcc-arm-none-eabi-10.3-2021.10/bin/../lib/gcc/arm-none-eabi/10.3.1/../../../../arm-none-eabi/lib/thumb/v8-m.main/nofp\libg.a(lib_a-lock.o)
 .text.__retarget_lock_init
                0x10003914        0x4 c:/d/arm cortex m3/gcc-arm-none-eabi-10.3-2021.10-win32/gcc-arm-none-eabi-10.3-2021.10/bin/../lib/gcc/arm-none-eabi/10.3.1/../../../../arm-none-eabi/lib/thumb/v8-m.main/nofp\libg.a(lib_a-lock.o)
                0x10003914                __retarget_lock_init
 .text.__retarget_lock_init_recursive
                0x10003918        0x4 c:/d/arm cortex m3/gcc-arm-none-eabi-10.3-2021.10-win32/gcc-arm-none-eabi-10.3-2021.10/bin/../lib/gcc/arm-none-eabi/10.3.1/../../../../arm-none-eabi/lib/thumb/v8-m.main/nofp\libg.a(lib_a-lock.o)
                0x10003918                __retarget_lock_init_recursive
 .text.__retarget_lock_close
                0x1000391c        0x4 c:/d/arm cortex m3/gcc-arm-none-eabi-10.3-2021.10-win32/gcc-arm-none-eabi-10.3-2021.10/bin/../lib/gcc/arm-none-eabi/10.3.1/../../../../arm-none-eabi/lib/thumb/v8-m.main/nofp\libg.a(lib_a-lock.o)
                0x1000391c                __retarget_lock_close
 .text.__retarget_lock_close_recursive
                0x10003920        0x4 c:/d/arm cortex m3/gcc-arm-none-eabi-10.3-2021.10-win32/gcc-arm-none-eabi-10.3-2021.10/bin/../lib/gcc/arm-none-eabi/10.3.1/../../../../arm-none-eabi/lib/thumb/v8-m.main/nofp\libg.a(lib_a-lock.o)
                0x10003920                __retarget_lock_close_recursive
 .text.__retarget_lock_acquire
                0x10003924        0x4 c:/d/arm cortex m3/gcc-arm-none-eabi-10.3-2021.10-win32/gcc-arm-none-eabi-10.3-2021.10/bin/../lib/gcc/arm-none-eabi/10.3.1/../../../../arm-none-eabi/lib/thumb/v8-m.main/nofp\libg.a(lib_a-lock.o)
                0x10003924                __retarget_lock_acquire
 .text.__retarget_lock_acquire_recursive
                0x10003928        0x4 c:/d/arm cortex m3/gcc-arm-none-eabi-10.3-2021.10-win32/gcc-arm-none-eabi-10.3-2021.10/bin/../lib/gcc/arm-none-eabi/10.3.1/../../../../arm-none-eabi/lib/thumb/v8-m.main/nofp\libg.a(lib_a-lock.o)
                0x10003928                __retarget_lock_acquire_recursive
 .text.__retarget_lock_try_acquire
                0x1000392c        0x4 c:/d/arm cortex m3/gcc-arm-none-eabi-10.3-2021.10-win32/gcc-arm-none-eabi-10.3-2021.10/bin/../lib/gcc/arm-none-eabi/10.3.1/../../../../arm-none-eabi/lib/thumb/v8-m.main/nofp\libg.a(lib_a-lock.o)
                0x1000392c                __retarget_lock_try_acquire
 .text.__retarget_lock_try_acquire_recursive
                0x10003930        0x4 c:/d/arm cortex m3/gcc-arm-none-eabi-10.3-2021.10-win32/gcc-arm-none-eabi-10.3-2021.10/bin/../lib/gcc/arm-none-eabi/10.3.1/../../../../arm-none-eabi/lib/thumb/v8-m.main/nofp\libg.a(lib_a-lock.o)
                0x10003930                __retarget_lock_try_acquire_recursive
 .text.__retarget_lock_release
                0x10003934        0x4 c:/d/arm cortex m3/gcc-arm-none-eabi-10.3-2021.10-win32/gcc-arm-none-eabi-10.3-2021.10/bin/../lib/gcc/arm-none-eabi/10.3.1/../../../../arm-none-eabi/lib/thumb/v8-m.main/nofp\libg.a(lib_a-lock.o)
                0x10003934                __retarget_lock_release
 .text.__retarget_lock_release_recursive
                0x10003938        0x4 c:/d/arm cortex m3/gcc-arm-none-eabi-10.3-2021.10-win32/gcc-arm-none-eabi-10.3-2021.10/bin/../lib/gcc/arm-none-eabi/10.3.1/../../../../arm-none-eabi/lib/thumb/v8-m.main/nofp\libg.a(lib_a-lock.o)
                0x10003938                __retarget_lock_release_recursive
 .text          0x1000393c        0x0 c:/d/arm cortex m3/gcc-arm-none-eabi-10.3-2021.10-win32/gcc-arm-none-eabi-10.3-2021.10/bin/../lib/gcc/arm-none-eabi/10.3.1/../../../../arm-none-eabi/lib/thumb/v8-m.main/nofp\libg.a(lib_a-makebuf.o)
 .text.__smakebuf_r
                0x1000393c       0xe0 c:/d/arm cortex m3/gcc-arm-none-eabi-10.3-2021.10-win32/gcc-arm-none-eabi-10.3-2021.10/bin/../lib/gcc/arm-none-eabi/10.3.1/../../../../arm-none-eabi/lib/thumb/v8-m.main/nofp\libg.a(lib_a-makebuf.o)
                0x1000393c                __smakebuf_r
 .text.__swhatbuf_r
                0x10003a1c       0x60 c:/d/arm cortex m3/gcc-arm-none-eabi-10.3-2021.10-win32/gcc-arm-none-eabi-10.3-2021.10/bin/../lib/gcc/arm-none-eabi/10.3.1/../../../../arm-none-eabi/lib/thumb/v8-m.main/nofp\libg.a(lib_a-makebuf.o)
                0x10003a1c                __swhatbuf_r
 .text          0x10003a7c        0x0 c:/d/arm cortex m3/gcc-arm-none-eabi-10.3-2021.10-win32/gcc-arm-none-eabi-10.3-2021.10/bin/../lib/gcc/arm-none-eabi/10.3.1/../../../../arm-none-eabi/lib/thumb/v8-m.main/nofp\libg.a(lib_a-mallocr.o)
 .text._malloc_r
                0x10003a7c      0x574 c:/d/arm cortex m3/gcc-arm-none-eabi-10.3-2021.10-win32/gcc-arm-none-eabi-10.3-2021.10/bin/../lib/gcc/arm-none-eabi/10.3.1/../../../../arm-none-eabi/lib/thumb/v8-m.main/nofp\libg.a(lib_a-mallocr.o)
                0x10003a7c                _malloc_r
 .text          0x10003ff0        0x0 c:/d/arm cortex m3/gcc-arm-none-eabi-10.3-2021.10-win32/gcc-arm-none-eabi-10.3-2021.10/bin/../lib/gcc/arm-none-eabi/10.3.1/../../../../arm-none-eabi/lib/thumb/v8-m.main/nofp\libg.a(lib_a-memchr-stub.o)
 .text.memchr   0x10003ff0       0x7c c:/d/arm cortex m3/gcc-arm-none-eabi-10.3-2021.10-win32/gcc-arm-none-eabi-10.3-2021.10/bin/../lib/gcc/arm-none-eabi/10.3.1/../../../../arm-none-eabi/lib/thumb/v8-m.main/nofp\libg.a(lib_a-memchr-stub.o)
                0x10003ff0                memchr
 .text          0x1000406c       0xec c:/d/arm cortex m3/gcc-arm-none-eabi-10.3-2021.10-win32/gcc-arm-none-eabi-10.3-2021.10/bin/../lib/gcc/arm-none-eabi/10.3.1/../../../../arm-none-eabi/lib/thumb/v8-m.main/nofp\libg.a(lib_a-memcpy.o)
                0x1000406c                memcpy
 .text          0x10004158        0x0 c:/d/arm cortex m3/gcc-arm-none-eabi-10.3-2021.10-win32/gcc-arm-none-eabi-10.3-2021.10/bin/../lib/gcc/arm-none-eabi/10.3.1/../../../../arm-none-eabi/lib/thumb/v8-m.main/nofp\libg.a(lib_a-mlock.o)
 .text.__malloc_lock
                0x10004158        0xc c:/d/arm cortex m3/gcc-arm-none-eabi-10.3-2021.10-win32/gcc-arm-none-eabi-10.3-2021.10/bin/../lib/gcc/arm-none-eabi/10.3.1/../../../../arm-none-eabi/lib/thumb/v8-m.main/nofp\libg.a(lib_a-mlock.o)
                0x10004158                __malloc_lock
 .text.__malloc_unlock
                0x10004164        0xc c:/d/arm cortex m3/gcc-arm-none-eabi-10.3-2021.10-win32/gcc-arm-none-eabi-10.3-2021.10/bin/../lib/gcc/arm-none-eabi/10.3.1/../../../../arm-none-eabi/lib/thumb/v8-m.main/nofp\libg.a(lib_a-mlock.o)
                0x10004164                __malloc_unlock
 .text          0x10004170        0x0 c:/d/arm cortex m3/gcc-arm-none-eabi-10.3-2021.10-win32/gcc-arm-none-eabi-10.3-2021.10/bin/../lib/gcc/arm-none-eabi/10.3.1/../../../../arm-none-eabi/lib/thumb/v8-m.main/nofp\libg.a(lib_a-mprec.o)
 .text._Balloc  0x10004170       0x4c c:/d/arm cortex m3/gcc-arm-none-eabi-10.3-2021.10-win32/gcc-arm-none-eabi-10.3-2021.10/bin/../lib/gcc/arm-none-eabi/10.3.1/../../../../arm-none-eabi/lib/thumb/v8-m.main/nofp\libg.a(lib_a-mprec.o)
                0x10004170                _Balloc
 .text._Bfree   0x100041bc       0x14 c:/d/arm cortex m3/gcc-arm-none-eabi-10.3-2021.10-win32/gcc-arm-none-eabi-10.3-2021.10/bin/../lib/gcc/arm-none-eabi/10.3.1/../../../../arm-none-eabi/lib/thumb/v8-m.main/nofp\libg.a(lib_a-mprec.o)
                0x100041bc                _Bfree
 .text.__multadd
                0x100041d0       0xa4 c:/d/arm cortex m3/gcc-arm-none-eabi-10.3-2021.10-win32/gcc-arm-none-eabi-10.3-2021.10/bin/../lib/gcc/arm-none-eabi/10.3.1/../../../../arm-none-eabi/lib/thumb/v8-m.main/nofp\libg.a(lib_a-mprec.o)
                0x100041d0                __multadd
 .text.__s2b    0x10004274       0xb0 c:/d/arm cortex m3/gcc-arm-none-eabi-10.3-2021.10-win32/gcc-arm-none-eabi-10.3-2021.10/bin/../lib/gcc/arm-none-eabi/10.3.1/../../../../arm-none-eabi/lib/thumb/v8-m.main/nofp\libg.a(lib_a-mprec.o)
                0x10004274                __s2b
 .text.__hi0bits
                0x10004324       0x44 c:/d/arm cortex m3/gcc-arm-none-eabi-10.3-2021.10-win32/gcc-arm-none-eabi-10.3-2021.10/bin/../lib/gcc/arm-none-eabi/10.3.1/../../../../arm-none-eabi/lib/thumb/v8-m.main/nofp\libg.a(lib_a-mprec.o)
                0x10004324                __hi0bits
 .text.__lo0bits
                0x10004368       0x5c c:/d/arm cortex m3/gcc-arm-none-eabi-10.3-2021.10-win32/gcc-arm-none-eabi-10.3-2021.10/bin/../lib/gcc/arm-none-eabi/10.3.1/../../../../arm-none-eabi/lib/thumb/v8-m.main/nofp\libg.a(lib_a-mprec.o)
                0x10004368                __lo0bits
 .text.__i2b    0x100043c4       0x5c c:/d/arm cortex m3/gcc-arm-none-eabi-10.3-2021.10-win32/gcc-arm-none-eabi-10.3-2021.10/bin/../lib/gcc/arm-none-eabi/10.3.1/../../../../arm-none-eabi/lib/thumb/v8-m.main/nofp\libg.a(lib_a-mprec.o)
                0x100043c4                __i2b
 .text.__multiply
                0x10004420      0x160 c:/d/arm cortex m3/gcc-arm-none-eabi-10.3-2021.10-win32/gcc-arm-none-eabi-10.3-2021.10/bin/../lib/gcc/arm-none-eabi/10.3.1/../../../../arm-none-eabi/lib/thumb/v8-m.main/nofp\libg.a(lib_a-mprec.o)
                0x10004420                __multiply
 .text.__pow5mult
                0x10004580       0xc0 c:/d/arm cortex m3/gcc-arm-none-eabi-10.3-2021.10-win32/gcc-arm-none-eabi-10.3-2021.10/bin/../lib/gcc/arm-none-eabi/10.3.1/../../../../arm-none-eabi/lib/thumb/v8-m.main/nofp\libg.a(lib_a-mprec.o)
                0x10004580                __pow5mult
 .text.__lshift
                0x10004640       0xe8 c:/d/arm cortex m3/gcc-arm-none-eabi-10.3-2021.10-win32/gcc-arm-none-eabi-10.3-2021.10/bin/../lib/gcc/arm-none-eabi/10.3.1/../../../../arm-none-eabi/lib/thumb/v8-m.main/nofp\libg.a(lib_a-mprec.o)
                0x10004640                __lshift
 .text.__mcmp   0x10004728       0x40 c:/d/arm cortex m3/gcc-arm-none-eabi-10.3-2021.10-win32/gcc-arm-none-eabi-10.3-2021.10/bin/../lib/gcc/arm-none-eabi/10.3.1/../../../../arm-none-eabi/lib/thumb/v8-m.main/nofp\libg.a(lib_a-mprec.o)
                0x10004728                __mcmp
 .text.__mdiff  0x10004768      0x148 c:/d/arm cortex m3/gcc-arm-none-eabi-10.3-2021.10-win32/gcc-arm-none-eabi-10.3-2021.10/bin/../lib/gcc/arm-none-eabi/10.3.1/../../../../arm-none-eabi/lib/thumb/v8-m.main/nofp\libg.a(lib_a-mprec.o)
                0x10004768                __mdiff
 .text.__ulp    0x100048b0       0x48 c:/d/arm cortex m3/gcc-arm-none-eabi-10.3-2021.10-win32/gcc-arm-none-eabi-10.3-2021.10/bin/../lib/gcc/arm-none-eabi/10.3.1/../../../../arm-none-eabi/lib/thumb/v8-m.main/nofp\libg.a(lib_a-mprec.o)
                0x100048b0                __ulp
 .text.__b2d    0x100048f8       0xd4 c:/d/arm cortex m3/gcc-arm-none-eabi-10.3-2021.10-win32/gcc-arm-none-eabi-10.3-2021.10/bin/../lib/gcc/arm-none-eabi/10.3.1/../../../../arm-none-eabi/lib/thumb/v8-m.main/nofp\libg.a(lib_a-mprec.o)
                0x100048f8                __b2d
 .text.__d2b    0x100049cc       0xc4 c:/d/arm cortex m3/gcc-arm-none-eabi-10.3-2021.10-win32/gcc-arm-none-eabi-10.3-2021.10/bin/../lib/gcc/arm-none-eabi/10.3.1/../../../../arm-none-eabi/lib/thumb/v8-m.main/nofp\libg.a(lib_a-mprec.o)
                0x100049cc                __d2b
 .text.__ratio  0x10004a90       0x5c c:/d/arm cortex m3/gcc-arm-none-eabi-10.3-2021.10-win32/gcc-arm-none-eabi-10.3-2021.10/bin/../lib/gcc/arm-none-eabi/10.3.1/../../../../arm-none-eabi/lib/thumb/v8-m.main/nofp\libg.a(lib_a-mprec.o)
                0x10004a90                __ratio
 .text._mprec_log10
                0x10004aec       0x38 c:/d/arm cortex m3/gcc-arm-none-eabi-10.3-2021.10-win32/gcc-arm-none-eabi-10.3-2021.10/bin/../lib/gcc/arm-none-eabi/10.3.1/../../../../arm-none-eabi/lib/thumb/v8-m.main/nofp\libg.a(lib_a-mprec.o)
                0x10004aec                _mprec_log10
 .text.__copybits
                0x10004b24       0x5c c:/d/arm cortex m3/gcc-arm-none-eabi-10.3-2021.10-win32/gcc-arm-none-eabi-10.3-2021.10/bin/../lib/gcc/arm-none-eabi/10.3.1/../../../../arm-none-eabi/lib/thumb/v8-m.main/nofp\libg.a(lib_a-mprec.o)
                0x10004b24                __copybits
 .text.__any_on
                0x10004b80       0x60 c:/d/arm cortex m3/gcc-arm-none-eabi-10.3-2021.10-win32/gcc-arm-none-eabi-10.3-2021.10/bin/../lib/gcc/arm-none-eabi/10.3.1/../../../../arm-none-eabi/lib/thumb/v8-m.main/nofp\libg.a(lib_a-mprec.o)
                0x10004b80                __any_on
 .text          0x10004be0        0x0 c:/d/arm cortex m3/gcc-arm-none-eabi-10.3-2021.10-win32/gcc-arm-none-eabi-10.3-2021.10/bin/../lib/gcc/arm-none-eabi/10.3.1/../../../../arm-none-eabi/lib/thumb/v8-m.main/nofp\libg.a(lib_a-s_frexp.o)
 .text.frexp    0x10004be0       0x70 c:/d/arm cortex m3/gcc-arm-none-eabi-10.3-2021.10-win32/gcc-arm-none-eabi-10.3-2021.10/bin/../lib/gcc/arm-none-eabi/10.3.1/../../../../arm-none-eabi/lib/thumb/v8-m.main/nofp\libg.a(lib_a-s_frexp.o)
                0x10004be0                frexp
 .text          0x10004c50        0x0 c:/d/arm cortex m3/gcc-arm-none-eabi-10.3-2021.10-win32/gcc-arm-none-eabi-10.3-2021.10/bin/../lib/gcc/arm-none-eabi/10.3.1/../../../../arm-none-eabi/lib/thumb/v8-m.main/nofp\libg.a(lib_a-sbrkr.o)
 .text._sbrk_r  0x10004c50       0x24 c:/d/arm cortex m3/gcc-arm-none-eabi-10.3-2021.10-win32/gcc-arm-none-eabi-10.3-2021.10/bin/../lib/gcc/arm-none-eabi/10.3.1/../../../../arm-none-eabi/lib/thumb/v8-m.main/nofp\libg.a(lib_a-sbrkr.o)
                0x10004c50                _sbrk_r
 .text          0x10004c74        0x0 c:/d/arm cortex m3/gcc-arm-none-eabi-10.3-2021.10-win32/gcc-arm-none-eabi-10.3-2021.10/bin/../lib/gcc/arm-none-eabi/10.3.1/../../../../arm-none-eabi/lib/thumb/v8-m.main/nofp\libg.a(lib_a-stdio.o)
 .text.__sread  0x10004c74       0x24 c:/d/arm cortex m3/gcc-arm-none-eabi-10.3-2021.10-win32/gcc-arm-none-eabi-10.3-2021.10/bin/../lib/gcc/arm-none-eabi/10.3.1/../../../../arm-none-eabi/lib/thumb/v8-m.main/nofp\libg.a(lib_a-stdio.o)
                0x10004c74                __sread
 .text.__seofread
                0x10004c98        0x4 c:/d/arm cortex m3/gcc-arm-none-eabi-10.3-2021.10-win32/gcc-arm-none-eabi-10.3-2021.10/bin/../lib/gcc/arm-none-eabi/10.3.1/../../../../arm-none-eabi/lib/thumb/v8-m.main/nofp\libg.a(lib_a-stdio.o)
                0x10004c98                __seofread
 .text.__swrite
                0x10004c9c       0x40 c:/d/arm cortex m3/gcc-arm-none-eabi-10.3-2021.10-win32/gcc-arm-none-eabi-10.3-2021.10/bin/../lib/gcc/arm-none-eabi/10.3.1/../../../../arm-none-eabi/lib/thumb/v8-m.main/nofp\libg.a(lib_a-stdio.o)
                0x10004c9c                __swrite
 .text.__sseek  0x10004cdc       0x24 c:/d/arm cortex m3/gcc-arm-none-eabi-10.3-2021.10-win32/gcc-arm-none-eabi-10.3-2021.10/bin/../lib/gcc/arm-none-eabi/10.3.1/../../../../arm-none-eabi/lib/thumb/v8-m.main/nofp\libg.a(lib_a-stdio.o)
                0x10004cdc                __sseek
 .text.__sclose
                0x10004d00        0x8 c:/d/arm cortex m3/gcc-arm-none-eabi-10.3-2021.10-win32/gcc-arm-none-eabi-10.3-2021.10/bin/../lib/gcc/arm-none-eabi/10.3.1/../../../../arm-none-eabi/lib/thumb/v8-m.main/nofp\libg.a(lib_a-stdio.o)
                0x10004d00                __sclose
 .text          0x10004d08        0x0 c:/d/arm cortex m3/gcc-arm-none-eabi-10.3-2021.10-win32/gcc-arm-none-eabi-10.3-2021.10/bin/../lib/gcc/arm-none-eabi/10.3.1/../../../../arm-none-eabi/lib/thumb/v8-m.main/nofp\libg.a(lib_a-strlen-stub.o)
 .text.strlen   0x10004d08       0x5c c:/d/arm cortex m3/gcc-arm-none-eabi-10.3-2021.10-win32/gcc-arm-none-eabi-10.3-2021.10/bin/../lib/gcc/arm-none-eabi/10.3.1/../../../../arm-none-eabi/lib/thumb/v8-m.main/nofp\libg.a(lib_a-strlen-stub.o)
                0x10004d08                strlen
 .text          0x10004d64        0x0 c:/d/arm cortex m3/gcc-arm-none-eabi-10.3-2021.10-win32/gcc-arm-none-eabi-10.3-2021.10/bin/../lib/gcc/arm-none-eabi/10.3.1/../../../../arm-none-eabi/lib/thumb/v8-m.main/nofp\libg.a(lib_a-strncpy.o)
 .text.strncpy  0x10004d64       0x64 c:/d/arm cortex m3/gcc-arm-none-eabi-10.3-2021.10-win32/gcc-arm-none-eabi-10.3-2021.10/bin/../lib/gcc/arm-none-eabi/10.3.1/../../../../arm-none-eabi/lib/thumb/v8-m.main/nofp\libg.a(lib_a-strncpy.o)
                0x10004d64                strncpy
 .text          0x10004dc8        0x0 c:/d/arm cortex m3/gcc-arm-none-eabi-10.3-2021.10-win32/gcc-arm-none-eabi-10.3-2021.10/bin/../lib/gcc/arm-none-eabi/10.3.1/../../../../arm-none-eabi/lib/thumb/v8-m.main/nofp\libg.a(lib_a-vfiprintf.o)
 .text.__sprint_r.part.0
                0x10004dc8       0x74 c:/d/arm cortex m3/gcc-arm-none-eabi-10.3-2021.10-win32/gcc-arm-none-eabi-10.3-2021.10/bin/../lib/gcc/arm-none-eabi/10.3.1/../../../../arm-none-eabi/lib/thumb/v8-m.main/nofp\libg.a(lib_a-vfiprintf.o)
 .text.__sprint_r
                0x10004e3c       0x14 c:/d/arm cortex m3/gcc-arm-none-eabi-10.3-2021.10-win32/gcc-arm-none-eabi-10.3-2021.10/bin/../lib/gcc/arm-none-eabi/10.3.1/../../../../arm-none-eabi/lib/thumb/v8-m.main/nofp\libg.a(lib_a-vfiprintf.o)
                0x10004e3c                __sprint_r
 .text._vfiprintf_r
                0x10004e50      0xd60 c:/d/arm cortex m3/gcc-arm-none-eabi-10.3-2021.10-win32/gcc-arm-none-eabi-10.3-2021.10/bin/../lib/gcc/arm-none-eabi/10.3.1/../../../../arm-none-eabi/lib/thumb/v8-m.main/nofp\libg.a(lib_a-vfiprintf.o)
                0x10004e50                _vfiprintf_r
 .text.vfiprintf
                0x10005bb0       0x18 c:/d/arm cortex m3/gcc-arm-none-eabi-10.3-2021.10-win32/gcc-arm-none-eabi-10.3-2021.10/bin/../lib/gcc/arm-none-eabi/10.3.1/../../../../arm-none-eabi/lib/thumb/v8-m.main/nofp\libg.a(lib_a-vfiprintf.o)
                0x10005bb0                vfiprintf
 .text.__sbprintf
                0x10005bc8       0x80 c:/d/arm cortex m3/gcc-arm-none-eabi-10.3-2021.10-win32/gcc-arm-none-eabi-10.3-2021.10/bin/../lib/gcc/arm-none-eabi/10.3.1/../../../../arm-none-eabi/lib/thumb/v8-m.main/nofp\libg.a(lib_a-vfiprintf.o)
 .text          0x10005c48        0x0 c:/d/arm cortex m3/gcc-arm-none-eabi-10.3-2021.10-win32/gcc-arm-none-eabi-10.3-2021.10/bin/../lib/gcc/arm-none-eabi/10.3.1/../../../../arm-none-eabi/lib/thumb/v8-m.main/nofp\libg.a(lib_a-writer.o)
 .text._write_r
                0x10005c48       0x2c c:/d/arm cortex m3/gcc-arm-none-eabi-10.3-2021.10-win32/gcc-arm-none-eabi-10.3-2021.10/bin/../lib/gcc/arm-none-eabi/10.3.1/../../../../arm-none-eabi/lib/thumb/v8-m.main/nofp\libg.a(lib_a-writer.o)
                0x10005c48                _write_r
 .text          0x10005c74        0x0 c:/d/arm cortex m3/gcc-arm-none-eabi-10.3-2021.10-win32/gcc-arm-none-eabi-10.3-2021.10/bin/../lib/gcc/arm-none-eabi/10.3.1/../../../../arm-none-eabi/lib/thumb/v8-m.main/nofp\libg.a(lib_a-__atexit.o)
 .text.__register_exitproc
                0x10005c74       0x90 c:/d/arm cortex m3/gcc-arm-none-eabi-10.3-2021.10-win32/gcc-arm-none-eabi-10.3-2021.10/bin/../lib/gcc/arm-none-eabi/10.3.1/../../../../arm-none-eabi/lib/thumb/v8-m.main/nofp\libg.a(lib_a-__atexit.o)
                0x10005c74                __register_exitproc
 .text          0x10005d04        0x0 c:/d/arm cortex m3/gcc-arm-none-eabi-10.3-2021.10-win32/gcc-arm-none-eabi-10.3-2021.10/bin/../lib/gcc/arm-none-eabi/10.3.1/../../../../arm-none-eabi/lib/thumb/v8-m.main/nofp\libg.a(lib_a-assert.o)
 .text.__assert_func
                0x10005d04       0x3c c:/d/arm cortex m3/gcc-arm-none-eabi-10.3-2021.10-win32/gcc-arm-none-eabi-10.3-2021.10/bin/../lib/gcc/arm-none-eabi/10.3.1/../../../../arm-none-eabi/lib/thumb/v8-m.main/nofp\libg.a(lib_a-assert.o)
                0x10005d04                __assert_func
 .text.__assert
                0x10005d40        0xc c:/d/arm cortex m3/gcc-arm-none-eabi-10.3-2021.10-win32/gcc-arm-none-eabi-10.3-2021.10/bin/../lib/gcc/arm-none-eabi/10.3.1/../../../../arm-none-eabi/lib/thumb/v8-m.main/nofp\libg.a(lib_a-assert.o)
                0x10005d40                __assert
 .text          0x10005d4c        0x0 c:/d/arm cortex m3/gcc-arm-none-eabi-10.3-2021.10-win32/gcc-arm-none-eabi-10.3-2021.10/bin/../lib/gcc/arm-none-eabi/10.3.1/../../../../arm-none-eabi/lib/thumb/v8-m.main/nofp\libg.a(lib_a-callocr.o)
 .text._calloc_r
                0x10005d4c       0x6c c:/d/arm cortex m3/gcc-arm-none-eabi-10.3-2021.10-win32/gcc-arm-none-eabi-10.3-2021.10/bin/../lib/gcc/arm-none-eabi/10.3.1/../../../../arm-none-eabi/lib/thumb/v8-m.main/nofp\libg.a(lib_a-callocr.o)
                0x10005d4c                _calloc_r
 .text          0x10005db8        0x0 c:/d/arm cortex m3/gcc-arm-none-eabi-10.3-2021.10-win32/gcc-arm-none-eabi-10.3-2021.10/bin/../lib/gcc/arm-none-eabi/10.3.1/../../../../arm-none-eabi/lib/thumb/v8-m.main/nofp\libg.a(lib_a-closer.o)
 .text._close_r
                0x10005db8       0x24 c:/d/arm cortex m3/gcc-arm-none-eabi-10.3-2021.10-win32/gcc-arm-none-eabi-10.3-2021.10/bin/../lib/gcc/arm-none-eabi/10.3.1/../../../../arm-none-eabi/lib/thumb/v8-m.main/nofp\libg.a(lib_a-closer.o)
                0x10005db8                _close_r
 .text          0x10005ddc        0x0 c:/d/arm cortex m3/gcc-arm-none-eabi-10.3-2021.10-win32/gcc-arm-none-eabi-10.3-2021.10/bin/../lib/gcc/arm-none-eabi/10.3.1/../../../../arm-none-eabi/lib/thumb/v8-m.main/nofp\libg.a(lib_a-errno.o)
 .text.__errno  0x10005ddc        0xc c:/d/arm cortex m3/gcc-arm-none-eabi-10.3-2021.10-win32/gcc-arm-none-eabi-10.3-2021.10/bin/../lib/gcc/arm-none-eabi/10.3.1/../../../../arm-none-eabi/lib/thumb/v8-m.main/nofp\libg.a(lib_a-errno.o)
                0x10005ddc                __errno
 .text          0x10005de8        0x0 c:/d/arm cortex m3/gcc-arm-none-eabi-10.3-2021.10-win32/gcc-arm-none-eabi-10.3-2021.10/bin/../lib/gcc/arm-none-eabi/10.3.1/../../../../arm-none-eabi/lib/thumb/v8-m.main/nofp\libg.a(lib_a-fclose.o)
 .text._fclose_r
                0x10005de8       0xcc c:/d/arm cortex m3/gcc-arm-none-eabi-10.3-2021.10-win32/gcc-arm-none-eabi-10.3-2021.10/bin/../lib/gcc/arm-none-eabi/10.3.1/../../../../arm-none-eabi/lib/thumb/v8-m.main/nofp\libg.a(lib_a-fclose.o)
                0x10005de8                _fclose_r
 .text.fclose   0x10005eb4       0x10 c:/d/arm cortex m3/gcc-arm-none-eabi-10.3-2021.10-win32/gcc-arm-none-eabi-10.3-2021.10/bin/../lib/gcc/arm-none-eabi/10.3.1/../../../../arm-none-eabi/lib/thumb/v8-m.main/nofp\libg.a(lib_a-fclose.o)
                0x10005eb4                fclose
 .text          0x10005ec4        0x0 c:/d/arm cortex m3/gcc-arm-none-eabi-10.3-2021.10-win32/gcc-arm-none-eabi-10.3-2021.10/bin/../lib/gcc/arm-none-eabi/10.3.1/../../../../arm-none-eabi/lib/thumb/v8-m.main/nofp\libg.a(lib_a-fiprintf.o)
 .text._fiprintf_r
                0x10005ec4       0x1c c:/d/arm cortex m3/gcc-arm-none-eabi-10.3-2021.10-win32/gcc-arm-none-eabi-10.3-2021.10/bin/../lib/gcc/arm-none-eabi/10.3.1/../../../../arm-none-eabi/lib/thumb/v8-m.main/nofp\libg.a(lib_a-fiprintf.o)
                0x10005ec4                _fiprintf_r
 .text.fiprintf
                0x10005ee0       0x28 c:/d/arm cortex m3/gcc-arm-none-eabi-10.3-2021.10-win32/gcc-arm-none-eabi-10.3-2021.10/bin/../lib/gcc/arm-none-eabi/10.3.1/../../../../arm-none-eabi/lib/thumb/v8-m.main/nofp\libg.a(lib_a-fiprintf.o)
                0x10005ee0                fiprintf
 .text          0x10005f08        0x0 c:/d/arm cortex m3/gcc-arm-none-eabi-10.3-2021.10-win32/gcc-arm-none-eabi-10.3-2021.10/bin/../lib/gcc/arm-none-eabi/10.3.1/../../../../arm-none-eabi/lib/thumb/v8-m.main/nofp\libg.a(lib_a-fputwc.o)
 .text.__fputwc
                0x10005f08       0xa4 c:/d/arm cortex m3/gcc-arm-none-eabi-10.3-2021.10-win32/gcc-arm-none-eabi-10.3-2021.10/bin/../lib/gcc/arm-none-eabi/10.3.1/../../../../arm-none-eabi/lib/thumb/v8-m.main/nofp\libg.a(lib_a-fputwc.o)
                0x10005f08                __fputwc
 .text._fputwc_r
                0x10005fac       0x68 c:/d/arm cortex m3/gcc-arm-none-eabi-10.3-2021.10-win32/gcc-arm-none-eabi-10.3-2021.10/bin/../lib/gcc/arm-none-eabi/10.3.1/../../../../arm-none-eabi/lib/thumb/v8-m.main/nofp\libg.a(lib_a-fputwc.o)
                0x10005fac                _fputwc_r
 .text.fputwc   0x10006014       0x74 c:/d/arm cortex m3/gcc-arm-none-eabi-10.3-2021.10-win32/gcc-arm-none-eabi-10.3-2021.10/bin/../lib/gcc/arm-none-eabi/10.3.1/../../../../arm-none-eabi/lib/thumb/v8-m.main/nofp\libg.a(lib_a-fputwc.o)
                0x10006014                fputwc
 .text          0x10006088        0x0 c:/d/arm cortex m3/gcc-arm-none-eabi-10.3-2021.10-win32/gcc-arm-none-eabi-10.3-2021.10/bin/../lib/gcc/arm-none-eabi/10.3.1/../../../../arm-none-eabi/lib/thumb/v8-m.main/nofp\libg.a(lib_a-fstatr.o)
 .text._fstat_r
                0x10006088       0x2c c:/d/arm cortex m3/gcc-arm-none-eabi-10.3-2021.10-win32/gcc-arm-none-eabi-10.3-2021.10/bin/../lib/gcc/arm-none-eabi/10.3.1/../../../../arm-none-eabi/lib/thumb/v8-m.main/nofp\libg.a(lib_a-fstatr.o)
                0x10006088                _fstat_r
 .text          0x100060b4        0x0 c:/d/arm cortex m3/gcc-arm-none-eabi-10.3-2021.10-win32/gcc-arm-none-eabi-10.3-2021.10/bin/../lib/gcc/arm-none-eabi/10.3.1/../../../../arm-none-eabi/lib/thumb/v8-m.main/nofp\libg.a(lib_a-fvwrite.o)
 .text.__sfvwrite_r
                0x100060b4      0x2ec c:/d/arm cortex m3/gcc-arm-none-eabi-10.3-2021.10-win32/gcc-arm-none-eabi-10.3-2021.10/bin/../lib/gcc/arm-none-eabi/10.3.1/../../../../arm-none-eabi/lib/thumb/v8-m.main/nofp\libg.a(lib_a-fvwrite.o)
                0x100060b4                __sfvwrite_r
 .text          0x100063a0        0x0 c:/d/arm cortex m3/gcc-arm-none-eabi-10.3-2021.10-win32/gcc-arm-none-eabi-10.3-2021.10/bin/../lib/gcc/arm-none-eabi/10.3.1/../../../../arm-none-eabi/lib/thumb/v8-m.main/nofp\libg.a(lib_a-isattyr.o)
 .text._isatty_r
                0x100063a0       0x24 c:/d/arm cortex m3/gcc-arm-none-eabi-10.3-2021.10-win32/gcc-arm-none-eabi-10.3-2021.10/bin/../lib/gcc/arm-none-eabi/10.3.1/../../../../arm-none-eabi/lib/thumb/v8-m.main/nofp\libg.a(lib_a-isattyr.o)
                0x100063a0                _isatty_r
 .text          0x100063c4        0x0 c:/d/arm cortex m3/gcc-arm-none-eabi-10.3-2021.10-win32/gcc-arm-none-eabi-10.3-2021.10/bin/../lib/gcc/arm-none-eabi/10.3.1/../../../../arm-none-eabi/lib/thumb/v8-m.main/nofp\libg.a(lib_a-locale.o)
 .text._setlocale_r
                0x100063c4       0x40 c:/d/arm cortex m3/gcc-arm-none-eabi-10.3-2021.10-win32/gcc-arm-none-eabi-10.3-2021.10/bin/../lib/gcc/arm-none-eabi/10.3.1/../../../../arm-none-eabi/lib/thumb/v8-m.main/nofp\libg.a(lib_a-locale.o)
                0x100063c4                _setlocale_r
 .text.__locale_mb_cur_max
                0x10006404        0xc c:/d/arm cortex m3/gcc-arm-none-eabi-10.3-2021.10-win32/gcc-arm-none-eabi-10.3-2021.10/bin/../lib/gcc/arm-none-eabi/10.3.1/../../../../arm-none-eabi/lib/thumb/v8-m.main/nofp\libg.a(lib_a-locale.o)
                0x10006404                __locale_mb_cur_max
 .text.setlocale
                0x10006410       0x40 c:/d/arm cortex m3/gcc-arm-none-eabi-10.3-2021.10-win32/gcc-arm-none-eabi-10.3-2021.10/bin/../lib/gcc/arm-none-eabi/10.3.1/../../../../arm-none-eabi/lib/thumb/v8-m.main/nofp\libg.a(lib_a-locale.o)
                0x10006410                setlocale
 .text          0x10006450        0x0 c:/d/arm cortex m3/gcc-arm-none-eabi-10.3-2021.10-win32/gcc-arm-none-eabi-10.3-2021.10/bin/../lib/gcc/arm-none-eabi/10.3.1/../../../../arm-none-eabi/lib/thumb/v8-m.main/nofp\libg.a(lib_a-lseekr.o)
 .text._lseek_r
                0x10006450       0x2c c:/d/arm cortex m3/gcc-arm-none-eabi-10.3-2021.10-win32/gcc-arm-none-eabi-10.3-2021.10/bin/../lib/gcc/arm-none-eabi/10.3.1/../../../../arm-none-eabi/lib/thumb/v8-m.main/nofp\libg.a(lib_a-lseekr.o)
                0x10006450                _lseek_r
 .text          0x1000647c        0x0 c:/d/arm cortex m3/gcc-arm-none-eabi-10.3-2021.10-win32/gcc-arm-none-eabi-10.3-2021.10/bin/../lib/gcc/arm-none-eabi/10.3.1/../../../../arm-none-eabi/lib/thumb/v8-m.main/nofp\libg.a(lib_a-mbtowc_r.o)
 .text._mbtowc_r
                0x1000647c       0x14 c:/d/arm cortex m3/gcc-arm-none-eabi-10.3-2021.10-win32/gcc-arm-none-eabi-10.3-2021.10/bin/../lib/gcc/arm-none-eabi/10.3.1/../../../../arm-none-eabi/lib/thumb/v8-m.main/nofp\libg.a(lib_a-mbtowc_r.o)
                0x1000647c                _mbtowc_r
 .text.__ascii_mbtowc
                0x10006490       0x2c c:/d/arm cortex m3/gcc-arm-none-eabi-10.3-2021.10-win32/gcc-arm-none-eabi-10.3-2021.10/bin/../lib/gcc/arm-none-eabi/10.3.1/../../../../arm-none-eabi/lib/thumb/v8-m.main/nofp\libg.a(lib_a-mbtowc_r.o)
                0x10006490                __ascii_mbtowc
 .text          0x100064bc        0x0 c:/d/arm cortex m3/gcc-arm-none-eabi-10.3-2021.10-win32/gcc-arm-none-eabi-10.3-2021.10/bin/../lib/gcc/arm-none-eabi/10.3.1/../../../../arm-none-eabi/lib/thumb/v8-m.main/nofp\libg.a(lib_a-memmove.o)
 .text.memmove  0x100064bc       0xf8 c:/d/arm cortex m3/gcc-arm-none-eabi-10.3-2021.10-win32/gcc-arm-none-eabi-10.3-2021.10/bin/../lib/gcc/arm-none-eabi/10.3.1/../../../../arm-none-eabi/lib/thumb/v8-m.main/nofp\libg.a(lib_a-memmove.o)
                0x100064bc                memmove
 .text          0x100065b4        0x0 c:/d/arm cortex m3/gcc-arm-none-eabi-10.3-2021.10-win32/gcc-arm-none-eabi-10.3-2021.10/bin/../lib/gcc/arm-none-eabi/10.3.1/../../../../arm-none-eabi/lib/thumb/v8-m.main/nofp\libg.a(lib_a-readr.o)
 .text._read_r  0x100065b4       0x2c c:/d/arm cortex m3/gcc-arm-none-eabi-10.3-2021.10-win32/gcc-arm-none-eabi-10.3-2021.10/bin/../lib/gcc/arm-none-eabi/10.3.1/../../../../arm-none-eabi/lib/thumb/v8-m.main/nofp\libg.a(lib_a-readr.o)
                0x100065b4                _read_r
 .text          0x100065e0        0x0 c:/d/arm cortex m3/gcc-arm-none-eabi-10.3-2021.10-win32/gcc-arm-none-eabi-10.3-2021.10/bin/../lib/gcc/arm-none-eabi/10.3.1/../../../../arm-none-eabi/lib/thumb/v8-m.main/nofp\libg.a(lib_a-reallocr.o)
 .text._realloc_r
                0x100065e0      0x3e8 c:/d/arm cortex m3/gcc-arm-none-eabi-10.3-2021.10-win32/gcc-arm-none-eabi-10.3-2021.10/bin/../lib/gcc/arm-none-eabi/10.3.1/../../../../arm-none-eabi/lib/thumb/v8-m.main/nofp\libg.a(lib_a-reallocr.o)
                0x100065e0                _realloc_r
 .text          0x100069c8        0x0 c:/d/arm cortex m3/gcc-arm-none-eabi-10.3-2021.10-win32/gcc-arm-none-eabi-10.3-2021.10/bin/../lib/gcc/arm-none-eabi/10.3.1/../../../../arm-none-eabi/lib/thumb/v8-m.main/nofp\libg.a(lib_a-reent.o)
 .text.cleanup_glue
                0x100069c8       0x48 c:/d/arm cortex m3/gcc-arm-none-eabi-10.3-2021.10-win32/gcc-arm-none-eabi-10.3-2021.10/bin/../lib/gcc/arm-none-eabi/10.3.1/../../../../arm-none-eabi/lib/thumb/v8-m.main/nofp\libg.a(lib_a-reent.o)
                0x100069c8                cleanup_glue
 .text._reclaim_reent
                0x10006a10       0x90 c:/d/arm cortex m3/gcc-arm-none-eabi-10.3-2021.10-win32/gcc-arm-none-eabi-10.3-2021.10/bin/../lib/gcc/arm-none-eabi/10.3.1/../../../../arm-none-eabi/lib/thumb/v8-m.main/nofp\libg.a(lib_a-reent.o)
                0x10006a10                _reclaim_reent
 .text          0x10006aa0      0x1bc c:/d/arm cortex m3/gcc-arm-none-eabi-10.3-2021.10-win32/gcc-arm-none-eabi-10.3-2021.10/bin/../lib/gcc/arm-none-eabi/10.3.1/../../../../arm-none-eabi/lib/thumb/v8-m.main/nofp\libg.a(lib_a-strcmp.o)
                0x10006aa0                strcmp
 .text          0x10006c5c        0x0 c:/d/arm cortex m3/gcc-arm-none-eabi-10.3-2021.10-win32/gcc-arm-none-eabi-10.3-2021.10/bin/../lib/gcc/arm-none-eabi/10.3.1/../../../../arm-none-eabi/lib/thumb/v8-m.main/nofp\libg.a(lib_a-wbuf.o)
 .text.__swbuf_r
                0x10006c5c       0xb0 c:/d/arm cortex m3/gcc-arm-none-eabi-10.3-2021.10-win32/gcc-arm-none-eabi-10.3-2021.10/bin/../lib/gcc/arm-none-eabi/10.3.1/../../../../arm-none-eabi/lib/thumb/v8-m.main/nofp\libg.a(lib_a-wbuf.o)
                0x10006c5c                __swbuf_r
 .text.__swbuf  0x10006d0c       0x10 c:/d/arm cortex m3/gcc-arm-none-eabi-10.3-2021.10-win32/gcc-arm-none-eabi-10.3-2021.10/bin/../lib/gcc/arm-none-eabi/10.3.1/../../../../arm-none-eabi/lib/thumb/v8-m.main/nofp\libg.a(lib_a-wbuf.o)
                0x10006d0c                __swbuf
 .text          0x10006d1c        0x0 c:/d/arm cortex m3/gcc-arm-none-eabi-10.3-2021.10-win32/gcc-arm-none-eabi-10.3-2021.10/bin/../lib/gcc/arm-none-eabi/10.3.1/../../../../arm-none-eabi/lib/thumb/v8-m.main/nofp\libg.a(lib_a-wcrtomb.o)
 .text._wcrtomb_r
                0x10006d1c       0x3c c:/d/arm cortex m3/gcc-arm-none-eabi-10.3-2021.10-win32/gcc-arm-none-eabi-10.3-2021.10/bin/../lib/gcc/arm-none-eabi/10.3.1/../../../../arm-none-eabi/lib/thumb/v8-m.main/nofp\libg.a(lib_a-wcrtomb.o)
                0x10006d1c                _wcrtomb_r
 .text.wcrtomb  0x10006d58       0x50 c:/d/arm cortex m3/gcc-arm-none-eabi-10.3-2021.10-win32/gcc-arm-none-eabi-10.3-2021.10/bin/../lib/gcc/arm-none-eabi/10.3.1/../../../../arm-none-eabi/lib/thumb/v8-m.main/nofp\libg.a(lib_a-wcrtomb.o)
                0x10006d58                wcrtomb
 .text          0x10006da8        0x0 c:/d/arm cortex m3/gcc-arm-none-eabi-10.3-2021.10-win32/gcc-arm-none-eabi-10.3-2021.10/bin/../lib/gcc/arm-none-eabi/10.3.1/../../../../arm-none-eabi/lib/thumb/v8-m.main/nofp\libg.a(lib_a-wctomb_r.o)
 .text._wctomb_r
                0x10006da8       0x14 c:/d/arm cortex m3/gcc-arm-none-eabi-10.3-2021.10-win32/gcc-arm-none-eabi-10.3-2021.10/bin/../lib/gcc/arm-none-eabi/10.3.1/../../../../arm-none-eabi/lib/thumb/v8-m.main/nofp\libg.a(lib_a-wctomb_r.o)
                0x10006da8                _wctomb_r
 .text.__ascii_wctomb
                0x10006dbc       0x1c c:/d/arm cortex m3/gcc-arm-none-eabi-10.3-2021.10-win32/gcc-arm-none-eabi-10.3-2021.10/bin/../lib/gcc/arm-none-eabi/10.3.1/../../../../arm-none-eabi/lib/thumb/v8-m.main/nofp\libg.a(lib_a-wctomb_r.o)
                0x10006dbc                __ascii_wctomb
 .text          0x10006dd8        0x0 c:/d/arm cortex m3/gcc-arm-none-eabi-10.3-2021.10-win32/gcc-arm-none-eabi-10.3-2021.10/bin/../lib/gcc/arm-none-eabi/10.3.1/../../../../arm-none-eabi/lib/thumb/v8-m.main/nofp\libg.a(lib_a-abort.o)
 .text.abort    0x10006dd8       0x10 c:/d/arm cortex m3/gcc-arm-none-eabi-10.3-2021.10-win32/gcc-arm-none-eabi-10.3-2021.10/bin/../lib/gcc/arm-none-eabi/10.3.1/../../../../arm-none-eabi/lib/thumb/v8-m.main/nofp\libg.a(lib_a-abort.o)
                0x10006dd8                abort
 .text          0x10006de8        0x0 c:/d/arm cortex m3/gcc-arm-none-eabi-10.3-2021.10-win32/gcc-arm-none-eabi-10.3-2021.10/bin/../lib/gcc/arm-none-eabi/10.3.1/../../../../arm-none-eabi/lib/thumb/v8-m.main/nofp\libg.a(lib_a-ctype_.o)
 .text          0x10006de8        0x0 c:/d/arm cortex m3/gcc-arm-none-eabi-10.3-2021.10-win32/gcc-arm-none-eabi-10.3-2021.10/bin/../lib/gcc/arm-none-eabi/10.3.1/../../../../arm-none-eabi/lib/thumb/v8-m.main/nofp\libg.a(lib_a-signal.o)
 .text._init_signal_r
                0x10006de8       0x30 c:/d/arm cortex m3/gcc-arm-none-eabi-10.3-2021.10-win32/gcc-arm-none-eabi-10.3-2021.10/bin/../lib/gcc/arm-none-eabi/10.3.1/../../../../arm-none-eabi/lib/thumb/v8-m.main/nofp\libg.a(lib_a-signal.o)
                0x10006de8                _init_signal_r
 .text._signal_r
                0x10006e18       0x4c c:/d/arm cortex m3/gcc-arm-none-eabi-10.3-2021.10-win32/gcc-arm-none-eabi-10.3-2021.10/bin/../lib/gcc/arm-none-eabi/10.3.1/../../../../arm-none-eabi/lib/thumb/v8-m.main/nofp\libg.a(lib_a-signal.o)
                0x10006e18                _signal_r
 .text._raise_r
                0x10006e64       0x58 c:/d/arm cortex m3/gcc-arm-none-eabi-10.3-2021.10-win32/gcc-arm-none-eabi-10.3-2021.10/bin/../lib/gcc/arm-none-eabi/10.3.1/../../../../arm-none-eabi/lib/thumb/v8-m.main/nofp\libg.a(lib_a-signal.o)
                0x10006e64                _raise_r
 .text.__sigtramp_r
                0x10006ebc       0x64 c:/d/arm cortex m3/gcc-arm-none-eabi-10.3-2021.10-win32/gcc-arm-none-eabi-10.3-2021.10/bin/../lib/gcc/arm-none-eabi/10.3.1/../../../../arm-none-eabi/lib/thumb/v8-m.main/nofp\libg.a(lib_a-signal.o)
                0x10006ebc                __sigtramp_r
 .text.raise    0x10006f20       0x5c c:/d/arm cortex m3/gcc-arm-none-eabi-10.3-2021.10-win32/gcc-arm-none-eabi-10.3-2021.10/bin/../lib/gcc/arm-none-eabi/10.3.1/../../../../arm-none-eabi/lib/thumb/v8-m.main/nofp\libg.a(lib_a-signal.o)
                0x10006f20                raise
 .text.signal   0x10006f7c       0x54 c:/d/arm cortex m3/gcc-arm-none-eabi-10.3-2021.10-win32/gcc-arm-none-eabi-10.3-2021.10/bin/../lib/gcc/arm-none-eabi/10.3.1/../../../../arm-none-eabi/lib/thumb/v8-m.main/nofp\libg.a(lib_a-signal.o)
                0x10006f7c                signal
 .text._init_signal
                0x10006fd0       0x38 c:/d/arm cortex m3/gcc-arm-none-eabi-10.3-2021.10-win32/gcc-arm-none-eabi-10.3-2021.10/bin/../lib/gcc/arm-none-eabi/10.3.1/../../../../arm-none-eabi/lib/thumb/v8-m.main/nofp\libg.a(lib_a-signal.o)
                0x10006fd0                _init_signal
 .text.__sigtramp
                0x10007008       0x68 c:/d/arm cortex m3/gcc-arm-none-eabi-10.3-2021.10-win32/gcc-arm-none-eabi-10.3-2021.10/bin/../lib/gcc/arm-none-eabi/10.3.1/../../../../arm-none-eabi/lib/thumb/v8-m.main/nofp\libg.a(lib_a-signal.o)
                0x10007008                __sigtramp
 .text          0x10007070        0x0 c:/d/arm cortex m3/gcc-arm-none-eabi-10.3-2021.10-win32/gcc-arm-none-eabi-10.3-2021.10/bin/../lib/gcc/arm-none-eabi/10.3.1/../../../../arm-none-eabi/lib/thumb/v8-m.main/nofp\libg.a(lib_a-signalr.o)
 .text._kill_r  0x10007070       0x2c c:/d/arm cortex m3/gcc-arm-none-eabi-10.3-2021.10-win32/gcc-arm-none-eabi-10.3-2021.10/bin/../lib/gcc/arm-none-eabi/10.3.1/../../../../arm-none-eabi/lib/thumb/v8-m.main/nofp\libg.a(lib_a-signalr.o)
                0x10007070                _kill_r
 .text._getpid_r
                0x1000709c        0x4 c:/d/arm cortex m3/gcc-arm-none-eabi-10.3-2021.10-win32/gcc-arm-none-eabi-10.3-2021.10/bin/../lib/gcc/arm-none-eabi/10.3.1/../../../../arm-none-eabi/lib/thumb/v8-m.main/nofp\libg.a(lib_a-signalr.o)
                0x1000709c                _getpid_r
 .text          0x100070a0      0x254 c:/d/arm cortex m3/gcc-arm-none-eabi-10.3-2021.10-win32/gcc-arm-none-eabi-10.3-2021.10/bin/../lib/gcc/arm-none-eabi/10.3.1/thumb/v8-m.main/nofp\libgcc.a(_arm_muldf3.o)
 .text          0x100072f4      0x378 c:/d/arm cortex m3/gcc-arm-none-eabi-10.3-2021.10-win32/gcc-arm-none-eabi-10.3-2021.10/bin/../lib/gcc/arm-none-eabi/10.3.1/thumb/v8-m.main/nofp\libgcc.a(_arm_addsubdf3.o)
                0x100072f4                __aeabi_drsub
                0x100072fc                __aeabi_dsub
                0x100072fc                __subdf3
                0x10007300                __aeabi_dadd
                0x10007300                __adddf3
                0x10007578                __floatunsidf
                0x10007578                __aeabi_ui2d
                0x10007598                __floatsidf
                0x10007598                __aeabi_i2d
                0x100075bc                __aeabi_f2d
                0x100075bc                __extendsfdf2
                0x10007600                __floatundidf
                0x10007600                __aeabi_ul2d
                0x10007610                __floatdidf
                0x10007610                __aeabi_l2d
 .text          0x1000766c      0x424 c:/d/arm cortex m3/gcc-arm-none-eabi-10.3-2021.10-win32/gcc-arm-none-eabi-10.3-2021.10/bin/../lib/gcc/arm-none-eabi/10.3.1/thumb/v8-m.main/nofp\libgcc.a(_arm_muldivdf3.o)
                0x1000766c                __aeabi_dmul
                0x1000766c                __muldf3
                0x100078c0                __divdf3
                0x100078c0                __aeabi_ddiv
 .text          0x10007a90      0x110 c:/d/arm cortex m3/gcc-arm-none-eabi-10.3-2021.10-win32/gcc-arm-none-eabi-10.3-2021.10/bin/../lib/gcc/arm-none-eabi/10.3.1/thumb/v8-m.main/nofp\libgcc.a(_arm_cmpdf2.o)
                0x10007a90                __gtdf2
                0x10007a90                __gedf2
                0x10007a98                __ltdf2
                0x10007a98                __ledf2
                0x10007aa0                __nedf2
                0x10007aa0                __eqdf2
                0x10007aa0                __cmpdf2
                0x10007b1c                __aeabi_cdrcmple
                0x10007b2c                __aeabi_cdcmpeq
                0x10007b2c                __aeabi_cdcmple
                0x10007b3c                __aeabi_dcmpeq
                0x10007b50                __aeabi_dcmplt
                0x10007b64                __aeabi_dcmple
                0x10007b78                __aeabi_dcmpge
                0x10007b8c                __aeabi_dcmpgt
 .text          0x10007ba0       0x2c c:/d/arm cortex m3/gcc-arm-none-eabi-10.3-2021.10-win32/gcc-arm-none-eabi-10.3-2021.10/bin/../lib/gcc/arm-none-eabi/10.3.1/thumb/v8-m.main/nofp\libgcc.a(_arm_unorddf2.o)
                0x10007ba0                __unorddf2
                0x10007ba0                __aeabi_dcmpun
 .text          0x10007bcc       0x50 c:/d/arm cortex m3/gcc-arm-none-eabi-10.3-2021.10-win32/gcc-arm-none-eabi-10.3-2021.10/bin/../lib/gcc/arm-none-eabi/10.3.1/thumb/v8-m.main/nofp\libgcc.a(_arm_fixdfsi.o)
                0x10007bcc                __aeabi_d2iz
                0x10007bcc                __fixdfsi
 .text          0x10007c1c       0x30 c:/d/arm cortex m3/gcc-arm-none-eabi-10.3-2021.10-win32/gcc-arm-none-eabi-10.3-2021.10/bin/../lib/gcc/arm-none-eabi/10.3.1/thumb/v8-m.main/nofp\libgcc.a(_aeabi_uldivmod.o)
                0x10007c1c                __aeabi_uldivmod
 .text          0x10007c4c      0x2e8 c:/d/arm cortex m3/gcc-arm-none-eabi-10.3-2021.10-win32/gcc-arm-none-eabi-10.3-2021.10/bin/../lib/gcc/arm-none-eabi/10.3.1/thumb/v8-m.main/nofp\libgcc.a(_udivmoddi4.o)
                0x10007c4c                __udivmoddi4
 .text          0x10007f34        0x4 c:/d/arm cortex m3/gcc-arm-none-eabi-10.3-2021.10-win32/gcc-arm-none-eabi-10.3-2021.10/bin/../lib/gcc/arm-none-eabi/10.3.1/thumb/v8-m.main/nofp\libgcc.a(_dvmd_tls.o)
                0x10007f34                __aeabi_idiv0
                0x10007f34                __aeabi_ldiv0
 .text          0x10007f38        0x0 c:/d/arm cortex m3/gcc-arm-none-eabi-10.3-2021.10-win32/gcc-arm-none-eabi-10.3-2021.10/bin/../lib/gcc/arm-none-eabi/10.3.1/../../../../arm-none-eabi/lib/thumb/v8-m.main/nofp\libnosys.a(close.o)
 .text._close   0x10007f38       0x10 c:/d/arm cortex m3/gcc-arm-none-eabi-10.3-2021.10-win32/gcc-arm-none-eabi-10.3-2021.10/bin/../lib/gcc/arm-none-eabi/10.3.1/../../../../arm-none-eabi/lib/thumb/v8-m.main/nofp\libnosys.a(close.o)
                0x10007f38                _close
 .text          0x10007f48        0x0 c:/d/arm cortex m3/gcc-arm-none-eabi-10.3-2021.10-win32/gcc-arm-none-eabi-10.3-2021.10/bin/../lib/gcc/arm-none-eabi/10.3.1/../../../../arm-none-eabi/lib/thumb/v8-m.main/nofp\libnosys.a(fstat.o)
 .text._fstat   0x10007f48       0x10 c:/d/arm cortex m3/gcc-arm-none-eabi-10.3-2021.10-win32/gcc-arm-none-eabi-10.3-2021.10/bin/../lib/gcc/arm-none-eabi/10.3.1/../../../../arm-none-eabi/lib/thumb/v8-m.main/nofp\libnosys.a(fstat.o)
                0x10007f48                _fstat
 .text          0x10007f58        0x0 c:/d/arm cortex m3/gcc-arm-none-eabi-10.3-2021.10-win32/gcc-arm-none-eabi-10.3-2021.10/bin/../lib/gcc/arm-none-eabi/10.3.1/../../../../arm-none-eabi/lib/thumb/v8-m.main/nofp\libnosys.a(getpid.o)
 .text._getpid  0x10007f58       0x10 c:/d/arm cortex m3/gcc-arm-none-eabi-10.3-2021.10-win32/gcc-arm-none-eabi-10.3-2021.10/bin/../lib/gcc/arm-none-eabi/10.3.1/../../../../arm-none-eabi/lib/thumb/v8-m.main/nofp\libnosys.a(getpid.o)
                0x10007f58                _getpid
 .text          0x10007f68        0x0 c:/d/arm cortex m3/gcc-arm-none-eabi-10.3-2021.10-win32/gcc-arm-none-eabi-10.3-2021.10/bin/../lib/gcc/arm-none-eabi/10.3.1/../../../../arm-none-eabi/lib/thumb/v8-m.main/nofp\libnosys.a(isatty.o)
 .text._isatty  0x10007f68       0x10 c:/d/arm cortex m3/gcc-arm-none-eabi-10.3-2021.10-win32/gcc-arm-none-eabi-10.3-2021.10/bin/../lib/gcc/arm-none-eabi/10.3.1/../../../../arm-none-eabi/lib/thumb/v8-m.main/nofp\libnosys.a(isatty.o)
                0x10007f68                _isatty
 .text          0x10007f78        0x0 c:/d/arm cortex m3/gcc-arm-none-eabi-10.3-2021.10-win32/gcc-arm-none-eabi-10.3-2021.10/bin/../lib/gcc/arm-none-eabi/10.3.1/../../../../arm-none-eabi/lib/thumb/v8-m.main/nofp\libnosys.a(kill.o)
 .text._kill    0x10007f78       0x10 c:/d/arm cortex m3/gcc-arm-none-eabi-10.3-2021.10-win32/gcc-arm-none-eabi-10.3-2021.10/bin/../lib/gcc/arm-none-eabi/10.3.1/../../../../arm-none-eabi/lib/thumb/v8-m.main/nofp\libnosys.a(kill.o)
                0x10007f78                _kill
 .text          0x10007f88        0x0 c:/d/arm cortex m3/gcc-arm-none-eabi-10.3-2021.10-win32/gcc-arm-none-eabi-10.3-2021.10/bin/../lib/gcc/arm-none-eabi/10.3.1/../../../../arm-none-eabi/lib/thumb/v8-m.main/nofp\libnosys.a(lseek.o)
 .text._lseek   0x10007f88       0x10 c:/d/arm cortex m3/gcc-arm-none-eabi-10.3-2021.10-win32/gcc-arm-none-eabi-10.3-2021.10/bin/../lib/gcc/arm-none-eabi/10.3.1/../../../../arm-none-eabi/lib/thumb/v8-m.main/nofp\libnosys.a(lseek.o)
                0x10007f88                _lseek
 .text          0x10007f98        0x0 c:/d/arm cortex m3/gcc-arm-none-eabi-10.3-2021.10-win32/gcc-arm-none-eabi-10.3-2021.10/bin/../lib/gcc/arm-none-eabi/10.3.1/../../../../arm-none-eabi/lib/thumb/v8-m.main/nofp\libnosys.a(read.o)
 .text._read    0x10007f98       0x10 c:/d/arm cortex m3/gcc-arm-none-eabi-10.3-2021.10-win32/gcc-arm-none-eabi-10.3-2021.10/bin/../lib/gcc/arm-none-eabi/10.3.1/../../../../arm-none-eabi/lib/thumb/v8-m.main/nofp\libnosys.a(read.o)
                0x10007f98                _read
 .text          0x10007fa8        0x0 c:/d/arm cortex m3/gcc-arm-none-eabi-10.3-2021.10-win32/gcc-arm-none-eabi-10.3-2021.10/bin/../lib/gcc/arm-none-eabi/10.3.1/../../../../arm-none-eabi/lib/thumb/v8-m.main/nofp\libnosys.a(sbrk.o)
 .text._sbrk    0x10007fa8       0x20 c:/d/arm cortex m3/gcc-arm-none-eabi-10.3-2021.10-win32/gcc-arm-none-eabi-10.3-2021.10/bin/../lib/gcc/arm-none-eabi/10.3.1/../../../../arm-none-eabi/lib/thumb/v8-m.main/nofp\libnosys.a(sbrk.o)
                0x10007fa8                _sbrk
 .text          0x10007fc8        0x0 c:/d/arm cortex m3/gcc-arm-none-eabi-10.3-2021.10-win32/gcc-arm-none-eabi-10.3-2021.10/bin/../lib/gcc/arm-none-eabi/10.3.1/../../../../arm-none-eabi/lib/thumb/v8-m.main/nofp\libnosys.a(write.o)
 .text._write   0x10007fc8       0x10 c:/d/arm cortex m3/gcc-arm-none-eabi-10.3-2021.10-win32/gcc-arm-none-eabi-10.3-2021.10/bin/../lib/gcc/arm-none-eabi/10.3.1/../../../../arm-none-eabi/lib/thumb/v8-m.main/nofp\libnosys.a(write.o)
                0x10007fc8                _write
 .text          0x10007fd8        0x0 c:/d/arm cortex m3/gcc-arm-none-eabi-10.3-2021.10-win32/gcc-arm-none-eabi-10.3-2021.10/bin/../lib/gcc/arm-none-eabi/10.3.1/../../../../arm-none-eabi/lib/thumb/v8-m.main/nofp\libnosys.a(_exit.o)
 .text._exit    0x10007fd8        0x4 c:/d/arm cortex m3/gcc-arm-none-eabi-10.3-2021.10-win32/gcc-arm-none-eabi-10.3-2021.10/bin/../lib/gcc/arm-none-eabi/10.3.1/../../../../arm-none-eabi/lib/thumb/v8-m.main/nofp\libnosys.a(_exit.o)
                0x10007fd8                _exit
 .text          0x10007fdc        0x0 c:/d/arm cortex m3/gcc-arm-none-eabi-10.3-2021.10-win32/gcc-arm-none-eabi-10.3-2021.10/bin/../lib/gcc/arm-none-eabi/10.3.1/thumb/v8-m.main/nofp/crtend.o
 .text          0x10007fdc        0x0 c:/d/arm cortex m3/gcc-arm-none-eabi-10.3-2021.10-win32/gcc-arm-none-eabi-10.3-2021.10/bin/../lib/gcc/arm-none-eabi/10.3.1/thumb/v8-m.main/nofp/crtn.o
 *(.init)
 .init          0x10007fdc        0x4 c:/d/arm cortex m3/gcc-arm-none-eabi-10.3-2021.10-win32/gcc-arm-none-eabi-10.3-2021.10/bin/../lib/gcc/arm-none-eabi/10.3.1/thumb/v8-m.main/nofp/crti.o
                0x10007fdc                _init
 .init          0x10007fe0        0x8 c:/d/arm cortex m3/gcc-arm-none-eabi-10.3-2021.10-win32/gcc-arm-none-eabi-10.3-2021.10/bin/../lib/gcc/arm-none-eabi/10.3.1/thumb/v8-m.main/nofp/crtn.o
 *(.fini)
 .fini          0x10007fe8        0x4 c:/d/arm cortex m3/gcc-arm-none-eabi-10.3-2021.10-win32/gcc-arm-none-eabi-10.3-2021.10/bin/../lib/gcc/arm-none-eabi/10.3.1/thumb/v8-m.main/nofp/crti.o
                0x10007fe8                _fini
 .fini          0x10007fec        0x8 c:/d/arm cortex m3/gcc-arm-none-eabi-10.3-2021.10-win32/gcc-arm-none-eabi-10.3-2021.10/bin/../lib/gcc/arm-none-eabi/10.3.1/thumb/v8-m.main/nofp/crtn.o
 *crtbegin.o(.ctors)
 *crtbegin?.o(.ctors)
 *(EXCLUDE_FILE(*crtend.o *crtend?.o) .ctors)
 *(SORT_BY_NAME(.ctors.*))
 *(.ctors)
 *crtbegin.o(.dtors)
 *crtbegin?.o(.dtors)
 *(EXCLUDE_FILE(*crtend.o *crtend?.o) .dtors)
 *(SORT_BY_NAME(.dtors.*))
 *(.dtors)
 *(.rodata*)
 .rodata        0x10007ff4       0x24 c:/d/arm cortex m3/gcc-arm-none-eabi-10.3-2021.10-win32/gcc-arm-none-eabi-10.3-2021.10/bin/../lib/gcc/arm-none-eabi/10.3.1/thumb/v8-m.main/nofp/crtbegin.o
 .rodata        0x10008018       0x3d ./Debug/main.o
 *fill*         0x10008055        0x3 
 .rodata._global_impure_ptr
                0x10008058        0x4 c:/d/arm cortex m3/gcc-arm-none-eabi-10.3-2021.10-win32/gcc-arm-none-eabi-10.3-2021.10/bin/../lib/gcc/arm-none-eabi/10.3.1/../../../../arm-none-eabi/lib/thumb/v8-m.main/nofp\libg.a(lib_a-impure.o)
                0x10008058                _global_impure_ptr
 .rodata._vfprintf_r.str1.4
                0x1000805c       0x42 c:/d/arm cortex m3/gcc-arm-none-eabi-10.3-2021.10-win32/gcc-arm-none-eabi-10.3-2021.10/bin/../lib/gcc/arm-none-eabi/10.3.1/../../../../arm-none-eabi/lib/thumb/v8-m.main/nofp\libg.a(lib_a-vfprintf.o)
 *fill*         0x1000809e        0x2 
 .rodata.blanks.1
                0x100080a0       0x10 c:/d/arm cortex m3/gcc-arm-none-eabi-10.3-2021.10-win32/gcc-arm-none-eabi-10.3-2021.10/bin/../lib/gcc/arm-none-eabi/10.3.1/../../../../arm-none-eabi/lib/thumb/v8-m.main/nofp\libg.a(lib_a-vfprintf.o)
 .rodata.zeroes.0
                0x100080b0       0x10 c:/d/arm cortex m3/gcc-arm-none-eabi-10.3-2021.10-win32/gcc-arm-none-eabi-10.3-2021.10/bin/../lib/gcc/arm-none-eabi/10.3.1/../../../../arm-none-eabi/lib/thumb/v8-m.main/nofp\libg.a(lib_a-vfprintf.o)
 .rodata._dtoa_r.str1.4
                0x100080c0       0xa2 c:/d/arm cortex m3/gcc-arm-none-eabi-10.3-2021.10-win32/gcc-arm-none-eabi-10.3-2021.10/bin/../lib/gcc/arm-none-eabi/10.3.1/../../../../arm-none-eabi/lib/thumb/v8-m.main/nofp\libg.a(lib_a-dtoa.o)
                                 0xa6 (size before relaxing)
 *fill*         0x10008162        0x2 
 .rodata.__multadd.str1.4
                0x10008164       0x7f c:/d/arm cortex m3/gcc-arm-none-eabi-10.3-2021.10-win32/gcc-arm-none-eabi-10.3-2021.10/bin/../lib/gcc/arm-none-eabi/10.3.1/../../../../arm-none-eabi/lib/thumb/v8-m.main/nofp\libg.a(lib_a-mprec.o)
                                 0x93 (size before relaxing)
 *fill*         0x100081e3        0x5 
 .rodata.__mprec_bigtens
                0x100081e8       0x28 c:/d/arm cortex m3/gcc-arm-none-eabi-10.3-2021.10-win32/gcc-arm-none-eabi-10.3-2021.10/bin/../lib/gcc/arm-none-eabi/10.3.1/../../../../arm-none-eabi/lib/thumb/v8-m.main/nofp\libg.a(lib_a-mprec.o)
                0x100081e8                __mprec_bigtens
 .rodata.__mprec_tens
                0x10008210       0xc8 c:/d/arm cortex m3/gcc-arm-none-eabi-10.3-2021.10-win32/gcc-arm-none-eabi-10.3-2021.10/bin/../lib/gcc/arm-none-eabi/10.3.1/../../../../arm-none-eabi/lib/thumb/v8-m.main/nofp\libg.a(lib_a-mprec.o)
                0x10008210                __mprec_tens
 .rodata.__mprec_tinytens
                0x100082d8       0x28 c:/d/arm cortex m3/gcc-arm-none-eabi-10.3-2021.10-win32/gcc-arm-none-eabi-10.3-2021.10/bin/../lib/gcc/arm-none-eabi/10.3.1/../../../../arm-none-eabi/lib/thumb/v8-m.main/nofp\libg.a(lib_a-mprec.o)
                0x100082d8                __mprec_tinytens
 .rodata.p05.0  0x10008300        0xc c:/d/arm cortex m3/gcc-arm-none-eabi-10.3-2021.10-win32/gcc-arm-none-eabi-10.3-2021.10/bin/../lib/gcc/arm-none-eabi/10.3.1/../../../../arm-none-eabi/lib/thumb/v8-m.main/nofp\libg.a(lib_a-mprec.o)
 .rodata._vfiprintf_r.str1.4
                0x1000830c       0x2f c:/d/arm cortex m3/gcc-arm-none-eabi-10.3-2021.10-win32/gcc-arm-none-eabi-10.3-2021.10/bin/../lib/gcc/arm-none-eabi/10.3.1/../../../../arm-none-eabi/lib/thumb/v8-m.main/nofp\libg.a(lib_a-vfiprintf.o)
 .rodata.blanks.1
                0x1000830c       0x10 c:/d/arm cortex m3/gcc-arm-none-eabi-10.3-2021.10-win32/gcc-arm-none-eabi-10.3-2021.10/bin/../lib/gcc/arm-none-eabi/10.3.1/../../../../arm-none-eabi/lib/thumb/v8-m.main/nofp\libg.a(lib_a-vfiprintf.o)
 .rodata.zeroes.0
                0x1000831c       0x10 c:/d/arm cortex m3/gcc-arm-none-eabi-10.3-2021.10-win32/gcc-arm-none-eabi-10.3-2021.10/bin/../lib/gcc/arm-none-eabi/10.3.1/../../../../arm-none-eabi/lib/thumb/v8-m.main/nofp\libg.a(lib_a-vfiprintf.o)
 .rodata.__assert_func.str1.4
                0x1000832c       0x3f c:/d/arm cortex m3/gcc-arm-none-eabi-10.3-2021.10-win32/gcc-arm-none-eabi-10.3-2021.10/bin/../lib/gcc/arm-none-eabi/10.3.1/../../../../arm-none-eabi/lib/thumb/v8-m.main/nofp\libg.a(lib_a-assert.o)
                                 0x43 (size before relaxing)
 *fill*         0x1000836b        0x1 
 .rodata._setlocale_r.str1.4
                0x1000836c        0xa c:/d/arm cortex m3/gcc-arm-none-eabi-10.3-2021.10-win32/gcc-arm-none-eabi-10.3-2021.10/bin/../lib/gcc/arm-none-eabi/10.3.1/../../../../arm-none-eabi/lib/thumb/v8-m.main/nofp\libg.a(lib_a-locale.o)
                                  0xd (size before relaxing)
 *fill*         0x10008376        0x2 
 .rodata.str1.4
                0x10008378        0x2 c:/d/arm cortex m3/gcc-arm-none-eabi-10.3-2021.10-win32/gcc-arm-none-eabi-10.3-2021.10/bin/../lib/gcc/arm-none-eabi/10.3.1/../../../../arm-none-eabi/lib/thumb/v8-m.main/nofp\libg.a(lib_a-locale.o)
 *fill*         0x1000837a        0x2 
 .rodata._ctype_
                0x1000837c      0x101 c:/d/arm cortex m3/gcc-arm-none-eabi-10.3-2021.10-win32/gcc-arm-none-eabi-10.3-2021.10/bin/../lib/gcc/arm-none-eabi/10.3.1/../../../../arm-none-eabi/lib/thumb/v8-m.main/nofp\libg.a(lib_a-ctype_.o)
                0x1000837c                _ctype_
 *fill*         0x1000847d        0x3 
 .rodata        0x10008480       0x24 c:/d/arm cortex m3/gcc-arm-none-eabi-10.3-2021.10-win32/gcc-arm-none-eabi-10.3-2021.10/bin/../lib/gcc/arm-none-eabi/10.3.1/thumb/v8-m.main/nofp/crtend.o
 *(.eh_frame*)
 .eh_frame      0x100084a4        0x0 c:/d/arm cortex m3/gcc-arm-none-eabi-10.3-2021.10-win32/gcc-arm-none-eabi-10.3-2021.10/bin/../lib/gcc/arm-none-eabi/10.3.1/thumb/v8-m.main/nofp/crtbegin.o
 .eh_frame      0x100084a4        0x4 c:/d/arm cortex m3/gcc-arm-none-eabi-10.3-2021.10-win32/gcc-arm-none-eabi-10.3-2021.10/bin/../lib/gcc/arm-none-eabi/10.3.1/thumb/v8-m.main/nofp/crtend.o

.glue_7         0x100084a8        0x0
 .glue_7        0x100084a8        0x0 linker stubs

.glue_7t        0x100084a8        0x0
 .glue_7t       0x100084a8        0x0 linker stubs

.vfp11_veneer   0x100084a8        0x0
 .vfp11_veneer  0x100084a8        0x0 linker stubs

.v4_bx          0x100084a8        0x0
 .v4_bx         0x100084a8        0x0 linker stubs

.iplt           0x100084a8        0x0
 .iplt          0x100084a8        0x0 c:/d/arm cortex m3/gcc-arm-none-eabi-10.3-2021.10-win32/gcc-arm-none-eabi-10.3-2021.10/bin/../lib/gcc/arm-none-eabi/10.3.1/thumb/v8-m.main/nofp/crtbegin.o

.ARM.extab      0x100084a8        0x0
 *(.ARM.extab* .gnu.linkonce.armextab.*)
 .ARM.extab     0x100084a8        0x0 c:/d/arm cortex m3/gcc-arm-none-eabi-10.3-2021.10-win32/gcc-arm-none-eabi-10.3-2021.10/bin/../lib/gcc/arm-none-eabi/10.3.1/../../../../arm-none-eabi/lib/thumb/v8-m.main/nofp/crt0.o
 .ARM.extab     0x100084a8        0x0 c:/d/arm cortex m3/gcc-arm-none-eabi-10.3-2021.10-win32/gcc-arm-none-eabi-10.3-2021.10/bin/../lib/gcc/arm-none-eabi/10.3.1/thumb/v8-m.main/nofp\libgcc.a(_udivmoddi4.o)
                0x100084a8                __exidx_start = .

.ARM.exidx      0x100084a8        0x8
 *(.ARM.exidx* .gnu.linkonce.armexidx.*)
 .ARM.exidx     0x100084a8        0x8 c:/d/arm cortex m3/gcc-arm-none-eabi-10.3-2021.10-win32/gcc-arm-none-eabi-10.3-2021.10/bin/../lib/gcc/arm-none-eabi/10.3.1/../../../../arm-none-eabi/lib/thumb/v8-m.main/nofp/crt0.o
                                 0x10 (size before relaxing)
 .ARM.exidx     0x100084b0        0x0 c:/d/arm cortex m3/gcc-arm-none-eabi-10.3-2021.10-win32/gcc-arm-none-eabi-10.3-2021.10/bin/../lib/gcc/arm-none-eabi/10.3.1/thumb/v8-m.main/nofp\libgcc.a(_udivmoddi4.o)
                                  0x8 (size before relaxing)
                0x100084b0                __exidx_end = .

.rel.dyn        0x100084b0        0x0
 .rel.iplt      0x100084b0        0x0 c:/d/arm cortex m3/gcc-arm-none-eabi-10.3-2021.10-win32/gcc-arm-none-eabi-10.3-2021.10/bin/../lib/gcc/arm-none-eabi/10.3.1/thumb/v8-m.main/nofp/crtbegin.o

.copy.table     0x100084b0        0xc
                0x100084b0                . = ALIGN (0x4)
                0x100084b0                __copy_table_start__ = .
                0x100084b0        0x4 LONG 0x100084bc __etext
                0x100084b4        0x4 LONG 0x20000000 __data_start__
                0x100084b8        0x4 LONG 0x271 ((__data_end__ - __data_start__) / 0x4)
                0x100084bc                __copy_table_end__ = .

.zero.table     0x100084bc        0x0
                0x100084bc                . = ALIGN (0x4)
                0x100084bc                __zero_table_start__ = .
                0x100084bc                __zero_table_end__ = .
                0x100084bc                __etext = ALIGN (0x4)

.data           0x20000000      0x9c4 load address 0x100084bc
                0x20000000                __data_start__ = .
 *(vtable)
 *(.data)
 .data          0x20000000        0x0 c:/d/arm cortex m3/gcc-arm-none-eabi-10.3-2021.10-win32/gcc-arm-none-eabi-10.3-2021.10/bin/../lib/gcc/arm-none-eabi/10.3.1/thumb/v8-m.main/nofp/crti.o
 .data          0x20000000        0x4 c:/d/arm cortex m3/gcc-arm-none-eabi-10.3-2021.10-win32/gcc-arm-none-eabi-10.3-2021.10/bin/../lib/gcc/arm-none-eabi/10.3.1/thumb/v8-m.main/nofp/crtbegin.o
                0x20000000                __dso_handle
 .data          0x20000004        0x0 c:/d/arm cortex m3/gcc-arm-none-eabi-10.3-2021.10-win32/gcc-arm-none-eabi-10.3-2021.10/bin/../lib/gcc/arm-none-eabi/10.3.1/../../../../arm-none-eabi/lib/thumb/v8-m.main/nofp/crt0.o
 .data          0x20000004        0x0 ./Debug/main.o
 .data          0x20000004        0x0 ./Debug/startup_Musca-B1.o
 .data          0x20000004        0x4 ./Debug/system_Musca-B1.o
                0x20000004                SystemCoreClock
 .data          0x20000008        0x0 c:/d/arm cortex m3/gcc-arm-none-eabi-10.3-2021.10-win32/gcc-arm-none-eabi-10.3-2021.10/bin/../lib/gcc/arm-none-eabi/10.3.1/../../../../arm-none-eabi/lib/thumb/v8-m.main/nofp\libg.a(lib_a-exit.o)
 .data          0x20000008        0x0 c:/d/arm cortex m3/gcc-arm-none-eabi-10.3-2021.10-win32/gcc-arm-none-eabi-10.3-2021.10/bin/../lib/gcc/arm-none-eabi/10.3.1/../../../../arm-none-eabi/lib/thumb/v8-m.main/nofp\libg.a(lib_a-impure.o)
 .data          0x20000008        0x0 c:/d/arm cortex m3/gcc-arm-none-eabi-10.3-2021.10-win32/gcc-arm-none-eabi-10.3-2021.10/bin/../lib/gcc/arm-none-eabi/10.3.1/../../../../arm-none-eabi/lib/thumb/v8-m.main/nofp\libg.a(lib_a-init.o)
 .data          0x20000008        0x0 c:/d/arm cortex m3/gcc-arm-none-eabi-10.3-2021.10-win32/gcc-arm-none-eabi-10.3-2021.10/bin/../lib/gcc/arm-none-eabi/10.3.1/../../../../arm-none-eabi/lib/thumb/v8-m.main/nofp\libg.a(lib_a-memset.o)
 .data          0x20000008        0x0 c:/d/arm cortex m3/gcc-arm-none-eabi-10.3-2021.10-win32/gcc-arm-none-eabi-10.3-2021.10/bin/../lib/gcc/arm-none-eabi/10.3.1/../../../../arm-none-eabi/lib/thumb/v8-m.main/nofp\libg.a(lib_a-printf.o)
 .data          0x20000008        0x0 c:/d/arm cortex m3/gcc-arm-none-eabi-10.3-2021.10-win32/gcc-arm-none-eabi-10.3-2021.10/bin/../lib/gcc/arm-none-eabi/10.3.1/../../../../arm-none-eabi/lib/thumb/v8-m.main/nofp\libg.a(lib_a-vfprintf.o)
 .data          0x20000008        0x0 c:/d/arm cortex m3/gcc-arm-none-eabi-10.3-2021.10-win32/gcc-arm-none-eabi-10.3-2021.10/bin/../lib/gcc/arm-none-eabi/10.3.1/../../../../arm-none-eabi/lib/thumb/v8-m.main/nofp\libg.a(lib_a-wsetup.o)
 .data          0x20000008        0x0 c:/d/arm cortex m3/gcc-arm-none-eabi-10.3-2021.10-win32/gcc-arm-none-eabi-10.3-2021.10/bin/../lib/gcc/arm-none-eabi/10.3.1/../../../../arm-none-eabi/lib/thumb/v8-m.main/nofp\libg.a(lib_a-__call_atexit.o)
 .data          0x20000008        0x0 c:/d/arm cortex m3/gcc-arm-none-eabi-10.3-2021.10-win32/gcc-arm-none-eabi-10.3-2021.10/bin/../lib/gcc/arm-none-eabi/10.3.1/../../../../arm-none-eabi/lib/thumb/v8-m.main/nofp\libg.a(lib_a-atexit.o)
 .data          0x20000008        0x0 c:/d/arm cortex m3/gcc-arm-none-eabi-10.3-2021.10-win32/gcc-arm-none-eabi-10.3-2021.10/bin/../lib/gcc/arm-none-eabi/10.3.1/../../../../arm-none-eabi/lib/thumb/v8-m.main/nofp\libg.a(lib_a-dtoa.o)
 .data          0x20000008        0x0 c:/d/arm cortex m3/gcc-arm-none-eabi-10.3-2021.10-win32/gcc-arm-none-eabi-10.3-2021.10/bin/../lib/gcc/arm-none-eabi/10.3.1/../../../../arm-none-eabi/lib/thumb/v8-m.main/nofp\libg.a(lib_a-fflush.o)
 .data          0x20000008        0x0 c:/d/arm cortex m3/gcc-arm-none-eabi-10.3-2021.10-win32/gcc-arm-none-eabi-10.3-2021.10/bin/../lib/gcc/arm-none-eabi/10.3.1/../../../../arm-none-eabi/lib/thumb/v8-m.main/nofp\libg.a(lib_a-findfp.o)
 .data          0x20000008        0x0 c:/d/arm cortex m3/gcc-arm-none-eabi-10.3-2021.10-win32/gcc-arm-none-eabi-10.3-2021.10/bin/../lib/gcc/arm-none-eabi/10.3.1/../../../../arm-none-eabi/lib/thumb/v8-m.main/nofp\libg.a(lib_a-fini.o)
 .data          0x20000008        0x0 c:/d/arm cortex m3/gcc-arm-none-eabi-10.3-2021.10-win32/gcc-arm-none-eabi-10.3-2021.10/bin/../lib/gcc/arm-none-eabi/10.3.1/../../../../arm-none-eabi/lib/thumb/v8-m.main/nofp\libg.a(lib_a-freer.o)
 .data          0x20000008        0x0 c:/d/arm cortex m3/gcc-arm-none-eabi-10.3-2021.10-win32/gcc-arm-none-eabi-10.3-2021.10/bin/../lib/gcc/arm-none-eabi/10.3.1/../../../../arm-none-eabi/lib/thumb/v8-m.main/nofp\libg.a(lib_a-fwalk.o)
 .data          0x20000008        0x0 c:/d/arm cortex m3/gcc-arm-none-eabi-10.3-2021.10-win32/gcc-arm-none-eabi-10.3-2021.10/bin/../lib/gcc/arm-none-eabi/10.3.1/../../../../arm-none-eabi/lib/thumb/v8-m.main/nofp\libg.a(lib_a-localeconv.o)
 .data          0x20000008        0x0 c:/d/arm cortex m3/gcc-arm-none-eabi-10.3-2021.10-win32/gcc-arm-none-eabi-10.3-2021.10/bin/../lib/gcc/arm-none-eabi/10.3.1/../../../../arm-none-eabi/lib/thumb/v8-m.main/nofp\libg.a(lib_a-lock.o)
 .data          0x20000008        0x0 c:/d/arm cortex m3/gcc-arm-none-eabi-10.3-2021.10-win32/gcc-arm-none-eabi-10.3-2021.10/bin/../lib/gcc/arm-none-eabi/10.3.1/../../../../arm-none-eabi/lib/thumb/v8-m.main/nofp\libg.a(lib_a-makebuf.o)
 .data          0x20000008        0x0 c:/d/arm cortex m3/gcc-arm-none-eabi-10.3-2021.10-win32/gcc-arm-none-eabi-10.3-2021.10/bin/../lib/gcc/arm-none-eabi/10.3.1/../../../../arm-none-eabi/lib/thumb/v8-m.main/nofp\libg.a(lib_a-mallocr.o)
 .data          0x20000008        0x0 c:/d/arm cortex m3/gcc-arm-none-eabi-10.3-2021.10-win32/gcc-arm-none-eabi-10.3-2021.10/bin/../lib/gcc/arm-none-eabi/10.3.1/../../../../arm-none-eabi/lib/thumb/v8-m.main/nofp\libg.a(lib_a-memchr-stub.o)
 .data          0x20000008        0x0 c:/d/arm cortex m3/gcc-arm-none-eabi-10.3-2021.10-win32/gcc-arm-none-eabi-10.3-2021.10/bin/../lib/gcc/arm-none-eabi/10.3.1/../../../../arm-none-eabi/lib/thumb/v8-m.main/nofp\libg.a(lib_a-memcpy.o)
 .data          0x20000008        0x0 c:/d/arm cortex m3/gcc-arm-none-eabi-10.3-2021.10-win32/gcc-arm-none-eabi-10.3-2021.10/bin/../lib/gcc/arm-none-eabi/10.3.1/../../../../arm-none-eabi/lib/thumb/v8-m.main/nofp\libg.a(lib_a-mlock.o)
 .data          0x20000008        0x0 c:/d/arm cortex m3/gcc-arm-none-eabi-10.3-2021.10-win32/gcc-arm-none-eabi-10.3-2021.10/bin/../lib/gcc/arm-none-eabi/10.3.1/../../../../arm-none-eabi/lib/thumb/v8-m.main/nofp\libg.a(lib_a-mprec.o)
 .data          0x20000008        0x0 c:/d/arm cortex m3/gcc-arm-none-eabi-10.3-2021.10-win32/gcc-arm-none-eabi-10.3-2021.10/bin/../lib/gcc/arm-none-eabi/10.3.1/../../../../arm-none-eabi/lib/thumb/v8-m.main/nofp\libg.a(lib_a-s_frexp.o)
 .data          0x20000008        0x0 c:/d/arm cortex m3/gcc-arm-none-eabi-10.3-2021.10-win32/gcc-arm-none-eabi-10.3-2021.10/bin/../lib/gcc/arm-none-eabi/10.3.1/../../../../arm-none-eabi/lib/thumb/v8-m.main/nofp\libg.a(lib_a-sbrkr.o)
 .data          0x20000008        0x0 c:/d/arm cortex m3/gcc-arm-none-eabi-10.3-2021.10-win32/gcc-arm-none-eabi-10.3-2021.10/bin/../lib/gcc/arm-none-eabi/10.3.1/../../../../arm-none-eabi/lib/thumb/v8-m.main/nofp\libg.a(lib_a-stdio.o)
 .data          0x20000008        0x0 c:/d/arm cortex m3/gcc-arm-none-eabi-10.3-2021.10-win32/gcc-arm-none-eabi-10.3-2021.10/bin/../lib/gcc/arm-none-eabi/10.3.1/../../../../arm-none-eabi/lib/thumb/v8-m.main/nofp\libg.a(lib_a-strlen-stub.o)
 .data          0x20000008        0x0 c:/d/arm cortex m3/gcc-arm-none-eabi-10.3-2021.10-win32/gcc-arm-none-eabi-10.3-2021.10/bin/../lib/gcc/arm-none-eabi/10.3.1/../../../../arm-none-eabi/lib/thumb/v8-m.main/nofp\libg.a(lib_a-strncpy.o)
 .data          0x20000008        0x0 c:/d/arm cortex m3/gcc-arm-none-eabi-10.3-2021.10-win32/gcc-arm-none-eabi-10.3-2021.10/bin/../lib/gcc/arm-none-eabi/10.3.1/../../../../arm-none-eabi/lib/thumb/v8-m.main/nofp\libg.a(lib_a-vfiprintf.o)
 .data          0x20000008        0x0 c:/d/arm cortex m3/gcc-arm-none-eabi-10.3-2021.10-win32/gcc-arm-none-eabi-10.3-2021.10/bin/../lib/gcc/arm-none-eabi/10.3.1/../../../../arm-none-eabi/lib/thumb/v8-m.main/nofp\libg.a(lib_a-writer.o)
 .data          0x20000008        0x0 c:/d/arm cortex m3/gcc-arm-none-eabi-10.3-2021.10-win32/gcc-arm-none-eabi-10.3-2021.10/bin/../lib/gcc/arm-none-eabi/10.3.1/../../../../arm-none-eabi/lib/thumb/v8-m.main/nofp\libg.a(lib_a-__atexit.o)
 .data          0x20000008        0x0 c:/d/arm cortex m3/gcc-arm-none-eabi-10.3-2021.10-win32/gcc-arm-none-eabi-10.3-2021.10/bin/../lib/gcc/arm-none-eabi/10.3.1/../../../../arm-none-eabi/lib/thumb/v8-m.main/nofp\libg.a(lib_a-assert.o)
 .data          0x20000008        0x0 c:/d/arm cortex m3/gcc-arm-none-eabi-10.3-2021.10-win32/gcc-arm-none-eabi-10.3-2021.10/bin/../lib/gcc/arm-none-eabi/10.3.1/../../../../arm-none-eabi/lib/thumb/v8-m.main/nofp\libg.a(lib_a-callocr.o)
 .data          0x20000008        0x0 c:/d/arm cortex m3/gcc-arm-none-eabi-10.3-2021.10-win32/gcc-arm-none-eabi-10.3-2021.10/bin/../lib/gcc/arm-none-eabi/10.3.1/../../../../arm-none-eabi/lib/thumb/v8-m.main/nofp\libg.a(lib_a-closer.o)
 .data          0x20000008        0x0 c:/d/arm cortex m3/gcc-arm-none-eabi-10.3-2021.10-win32/gcc-arm-none-eabi-10.3-2021.10/bin/../lib/gcc/arm-none-eabi/10.3.1/../../../../arm-none-eabi/lib/thumb/v8-m.main/nofp\libg.a(lib_a-errno.o)
 .data          0x20000008        0x0 c:/d/arm cortex m3/gcc-arm-none-eabi-10.3-2021.10-win32/gcc-arm-none-eabi-10.3-2021.10/bin/../lib/gcc/arm-none-eabi/10.3.1/../../../../arm-none-eabi/lib/thumb/v8-m.main/nofp\libg.a(lib_a-fclose.o)
 .data          0x20000008        0x0 c:/d/arm cortex m3/gcc-arm-none-eabi-10.3-2021.10-win32/gcc-arm-none-eabi-10.3-2021.10/bin/../lib/gcc/arm-none-eabi/10.3.1/../../../../arm-none-eabi/lib/thumb/v8-m.main/nofp\libg.a(lib_a-fiprintf.o)
 .data          0x20000008        0x0 c:/d/arm cortex m3/gcc-arm-none-eabi-10.3-2021.10-win32/gcc-arm-none-eabi-10.3-2021.10/bin/../lib/gcc/arm-none-eabi/10.3.1/../../../../arm-none-eabi/lib/thumb/v8-m.main/nofp\libg.a(lib_a-fputwc.o)
 .data          0x20000008        0x0 c:/d/arm cortex m3/gcc-arm-none-eabi-10.3-2021.10-win32/gcc-arm-none-eabi-10.3-2021.10/bin/../lib/gcc/arm-none-eabi/10.3.1/../../../../arm-none-eabi/lib/thumb/v8-m.main/nofp\libg.a(lib_a-fstatr.o)
 .data          0x20000008        0x0 c:/d/arm cortex m3/gcc-arm-none-eabi-10.3-2021.10-win32/gcc-arm-none-eabi-10.3-2021.10/bin/../lib/gcc/arm-none-eabi/10.3.1/../../../../arm-none-eabi/lib/thumb/v8-m.main/nofp\libg.a(lib_a-fvwrite.o)
 .data          0x20000008        0x0 c:/d/arm cortex m3/gcc-arm-none-eabi-10.3-2021.10-win32/gcc-arm-none-eabi-10.3-2021.10/bin/../lib/gcc/arm-none-eabi/10.3.1/../../../../arm-none-eabi/lib/thumb/v8-m.main/nofp\libg.a(lib_a-isattyr.o)
 .data          0x20000008        0x0 c:/d/arm cortex m3/gcc-arm-none-eabi-10.3-2021.10-win32/gcc-arm-none-eabi-10.3-2021.10/bin/../lib/gcc/arm-none-eabi/10.3.1/../../../../arm-none-eabi/lib/thumb/v8-m.main/nofp\libg.a(lib_a-locale.o)
 .data          0x20000008        0x0 c:/d/arm cortex m3/gcc-arm-none-eabi-10.3-2021.10-win32/gcc-arm-none-eabi-10.3-2021.10/bin/../lib/gcc/arm-none-eabi/10.3.1/../../../../arm-none-eabi/lib/thumb/v8-m.main/nofp\libg.a(lib_a-lseekr.o)
 .data          0x20000008        0x0 c:/d/arm cortex m3/gcc-arm-none-eabi-10.3-2021.10-win32/gcc-arm-none-eabi-10.3-2021.10/bin/../lib/gcc/arm-none-eabi/10.3.1/../../../../arm-none-eabi/lib/thumb/v8-m.main/nofp\libg.a(lib_a-mbtowc_r.o)
 .data          0x20000008        0x0 c:/d/arm cortex m3/gcc-arm-none-eabi-10.3-2021.10-win32/gcc-arm-none-eabi-10.3-2021.10/bin/../lib/gcc/arm-none-eabi/10.3.1/../../../../arm-none-eabi/lib/thumb/v8-m.main/nofp\libg.a(lib_a-memmove.o)
 .data          0x20000008        0x0 c:/d/arm cortex m3/gcc-arm-none-eabi-10.3-2021.10-win32/gcc-arm-none-eabi-10.3-2021.10/bin/../lib/gcc/arm-none-eabi/10.3.1/../../../../arm-none-eabi/lib/thumb/v8-m.main/nofp\libg.a(lib_a-readr.o)
 .data          0x20000008        0x0 c:/d/arm cortex m3/gcc-arm-none-eabi-10.3-2021.10-win32/gcc-arm-none-eabi-10.3-2021.10/bin/../lib/gcc/arm-none-eabi/10.3.1/../../../../arm-none-eabi/lib/thumb/v8-m.main/nofp\libg.a(lib_a-reallocr.o)
 .data          0x20000008        0x0 c:/d/arm cortex m3/gcc-arm-none-eabi-10.3-2021.10-win32/gcc-arm-none-eabi-10.3-2021.10/bin/../lib/gcc/arm-none-eabi/10.3.1/../../../../arm-none-eabi/lib/thumb/v8-m.main/nofp\libg.a(lib_a-reent.o)
 .data          0x20000008        0x0 c:/d/arm cortex m3/gcc-arm-none-eabi-10.3-2021.10-win32/gcc-arm-none-eabi-10.3-2021.10/bin/../lib/gcc/arm-none-eabi/10.3.1/../../../../arm-none-eabi/lib/thumb/v8-m.main/nofp\libg.a(lib_a-strcmp.o)
 .data          0x20000008        0x0 c:/d/arm cortex m3/gcc-arm-none-eabi-10.3-2021.10-win32/gcc-arm-none-eabi-10.3-2021.10/bin/../lib/gcc/arm-none-eabi/10.3.1/../../../../arm-none-eabi/lib/thumb/v8-m.main/nofp\libg.a(lib_a-wbuf.o)
 .data          0x20000008        0x0 c:/d/arm cortex m3/gcc-arm-none-eabi-10.3-2021.10-win32/gcc-arm-none-eabi-10.3-2021.10/bin/../lib/gcc/arm-none-eabi/10.3.1/../../../../arm-none-eabi/lib/thumb/v8-m.main/nofp\libg.a(lib_a-wcrtomb.o)
 .data          0x20000008        0x0 c:/d/arm cortex m3/gcc-arm-none-eabi-10.3-2021.10-win32/gcc-arm-none-eabi-10.3-2021.10/bin/../lib/gcc/arm-none-eabi/10.3.1/../../../../arm-none-eabi/lib/thumb/v8-m.main/nofp\libg.a(lib_a-wctomb_r.o)
 .data          0x20000008        0x0 c:/d/arm cortex m3/gcc-arm-none-eabi-10.3-2021.10-win32/gcc-arm-none-eabi-10.3-2021.10/bin/../lib/gcc/arm-none-eabi/10.3.1/../../../../arm-none-eabi/lib/thumb/v8-m.main/nofp\libg.a(lib_a-abort.o)
 .data          0x20000008        0x0 c:/d/arm cortex m3/gcc-arm-none-eabi-10.3-2021.10-win32/gcc-arm-none-eabi-10.3-2021.10/bin/../lib/gcc/arm-none-eabi/10.3.1/../../../../arm-none-eabi/lib/thumb/v8-m.main/nofp\libg.a(lib_a-ctype_.o)
 .data          0x20000008        0x0 c:/d/arm cortex m3/gcc-arm-none-eabi-10.3-2021.10-win32/gcc-arm-none-eabi-10.3-2021.10/bin/../lib/gcc/arm-none-eabi/10.3.1/../../../../arm-none-eabi/lib/thumb/v8-m.main/nofp\libg.a(lib_a-signal.o)
 .data          0x20000008        0x0 c:/d/arm cortex m3/gcc-arm-none-eabi-10.3-2021.10-win32/gcc-arm-none-eabi-10.3-2021.10/bin/../lib/gcc/arm-none-eabi/10.3.1/../../../../arm-none-eabi/lib/thumb/v8-m.main/nofp\libg.a(lib_a-signalr.o)
 .data          0x20000008        0x0 c:/d/arm cortex m3/gcc-arm-none-eabi-10.3-2021.10-win32/gcc-arm-none-eabi-10.3-2021.10/bin/../lib/gcc/arm-none-eabi/10.3.1/thumb/v8-m.main/nofp\libgcc.a(_arm_muldf3.o)
 .data          0x20000008        0x0 c:/d/arm cortex m3/gcc-arm-none-eabi-10.3-2021.10-win32/gcc-arm-none-eabi-10.3-2021.10/bin/../lib/gcc/arm-none-eabi/10.3.1/thumb/v8-m.main/nofp\libgcc.a(_arm_addsubdf3.o)
 .data          0x20000008        0x0 c:/d/arm cortex m3/gcc-arm-none-eabi-10.3-2021.10-win32/gcc-arm-none-eabi-10.3-2021.10/bin/../lib/gcc/arm-none-eabi/10.3.1/thumb/v8-m.main/nofp\libgcc.a(_arm_muldivdf3.o)
 .data          0x20000008        0x0 c:/d/arm cortex m3/gcc-arm-none-eabi-10.3-2021.10-win32/gcc-arm-none-eabi-10.3-2021.10/bin/../lib/gcc/arm-none-eabi/10.3.1/thumb/v8-m.main/nofp\libgcc.a(_arm_cmpdf2.o)
 .data          0x20000008        0x0 c:/d/arm cortex m3/gcc-arm-none-eabi-10.3-2021.10-win32/gcc-arm-none-eabi-10.3-2021.10/bin/../lib/gcc/arm-none-eabi/10.3.1/thumb/v8-m.main/nofp\libgcc.a(_arm_unorddf2.o)
 .data          0x20000008        0x0 c:/d/arm cortex m3/gcc-arm-none-eabi-10.3-2021.10-win32/gcc-arm-none-eabi-10.3-2021.10/bin/../lib/gcc/arm-none-eabi/10.3.1/thumb/v8-m.main/nofp\libgcc.a(_arm_fixdfsi.o)
 .data          0x20000008        0x0 c:/d/arm cortex m3/gcc-arm-none-eabi-10.3-2021.10-win32/gcc-arm-none-eabi-10.3-2021.10/bin/../lib/gcc/arm-none-eabi/10.3.1/thumb/v8-m.main/nofp\libgcc.a(_aeabi_uldivmod.o)
 .data          0x20000008        0x0 c:/d/arm cortex m3/gcc-arm-none-eabi-10.3-2021.10-win32/gcc-arm-none-eabi-10.3-2021.10/bin/../lib/gcc/arm-none-eabi/10.3.1/thumb/v8-m.main/nofp\libgcc.a(_udivmoddi4.o)
 .data          0x20000008        0x0 c:/d/arm cortex m3/gcc-arm-none-eabi-10.3-2021.10-win32/gcc-arm-none-eabi-10.3-2021.10/bin/../lib/gcc/arm-none-eabi/10.3.1/thumb/v8-m.main/nofp\libgcc.a(_dvmd_tls.o)
 .data          0x20000008        0x0 c:/d/arm cortex m3/gcc-arm-none-eabi-10.3-2021.10-win32/gcc-arm-none-eabi-10.3-2021.10/bin/../lib/gcc/arm-none-eabi/10.3.1/../../../../arm-none-eabi/lib/thumb/v8-m.main/nofp\libnosys.a(close.o)
 .data          0x20000008        0x0 c:/d/arm cortex m3/gcc-arm-none-eabi-10.3-2021.10-win32/gcc-arm-none-eabi-10.3-2021.10/bin/../lib/gcc/arm-none-eabi/10.3.1/../../../../arm-none-eabi/lib/thumb/v8-m.main/nofp\libnosys.a(fstat.o)
 .data          0x20000008        0x0 c:/d/arm cortex m3/gcc-arm-none-eabi-10.3-2021.10-win32/gcc-arm-none-eabi-10.3-2021.10/bin/../lib/gcc/arm-none-eabi/10.3.1/../../../../arm-none-eabi/lib/thumb/v8-m.main/nofp\libnosys.a(getpid.o)