Archive member included to satisfy reference by file (symbol)

C:/Program Files (Dev)/13.2 Rel1/bin/../lib/gcc/arm-none-eabi/13.2.1/thumb/v8-m.main/nofp\libg_nano.a(libc_a-exit.o)
                              C:/Program Files (Dev)/13.2 Rel1/bin/../lib/gcc/arm-none-eabi/13.2.1/thumb/v8-m.main/nofp/crt0.o (exit)
C:/Program Files (Dev)/13.2 Rel1/bin/../lib/gcc/arm-none-eabi/13.2.1/thumb/v8-m.main/nofp\libg_nano.a(libc_a-findfp.o)
                              C:/Program Files (Dev)/13.2 Rel1/bin/../lib/gcc/arm-none-eabi/13.2.1/thumb/v8-m.main/nofp\libg_nano.a(libc_a-exit.o) (__stdio_exit_handler)
C:/Program Files (Dev)/13.2 Rel1/bin/../lib/gcc/arm-none-eabi/13.2.1/thumb/v8-m.main/nofp\libg_nano.a(libc_a-fwalk.o)
                              C:/Program Files (Dev)/13.2 Rel1/bin/../lib/gcc/arm-none-eabi/13.2.1/thumb/v8-m.main/nofp\libg_nano.a(libc_a-findfp.o) (_fwalk_sglue)
C:/Program Files (Dev)/13.2 Rel1/bin/../lib/gcc/arm-none-eabi/13.2.1/thumb/v8-m.main/nofp\libg_nano.a(libc_a-stdio.o)
                              C:/Program Files (Dev)/13.2 Rel1/bin/../lib/gcc/arm-none-eabi/13.2.1/thumb/v8-m.main/nofp\libg_nano.a(libc_a-findfp.o) (__sread)
C:/Program Files (Dev)/13.2 Rel1/bin/../lib/gcc/arm-none-eabi/13.2.1/thumb/v8-m.main/nofp\libg_nano.a(libc_a-memset.o)
                              C:/Program Files (Dev)/13.2 Rel1/bin/../lib/gcc/arm-none-eabi/13.2.1/thumb/v8-m.main/nofp/crt0.o (memset)
C:/Program Files (Dev)/13.2 Rel1/bin/../lib/gcc/arm-none-eabi/13.2.1/thumb/v8-m.main/nofp\libg_nano.a(libc_a-closer.o)
                              C:/Program Files (Dev)/13.2 Rel1/bin/../lib/gcc/arm-none-eabi/13.2.1/thumb/v8-m.main/nofp\libg_nano.a(libc_a-stdio.o) (_close_r)
C:/Program Files (Dev)/13.2 Rel1/bin/../lib/gcc/arm-none-eabi/13.2.1/thumb/v8-m.main/nofp\libg_nano.a(libc_a-reent.o)
                              C:/Program Files (Dev)/13.2 Rel1/bin/../lib/gcc/arm-none-eabi/13.2.1/thumb/v8-m.main/nofp\libg_nano.a(libc_a-closer.o) (errno)
C:/Program Files (Dev)/13.2 Rel1/bin/../lib/gcc/arm-none-eabi/13.2.1/thumb/v8-m.main/nofp\libg_nano.a(libc_a-impure.o)
                              C:/Program Files (Dev)/13.2 Rel1/bin/../lib/gcc/arm-none-eabi/13.2.1/thumb/v8-m.main/nofp\libg_nano.a(libc_a-reent.o) (_impure_ptr)
C:/Program Files (Dev)/13.2 Rel1/bin/../lib/gcc/arm-none-eabi/13.2.1/thumb/v8-m.main/nofp\libg_nano.a(libc_a-lseekr.o)
                              C:/Program Files (Dev)/13.2 Rel1/bin/../lib/gcc/arm-none-eabi/13.2.1/thumb/v8-m.main/nofp\libg_nano.a(libc_a-stdio.o) (_lseek_r)
C:/Program Files (Dev)/13.2 Rel1/bin/../lib/gcc/arm-none-eabi/13.2.1/thumb/v8-m.main/nofp\libg_nano.a(libc_a-readr.o)
                              C:/Program Files (Dev)/13.2 Rel1/bin/../lib/gcc/arm-none-eabi/13.2.1/thumb/v8-m.main/nofp\libg_nano.a(libc_a-stdio.o) (_read_r)
C:/Program Files (Dev)/13.2 Rel1/bin/../lib/gcc/arm-none-eabi/13.2.1/thumb/v8-m.main/nofp\libg_nano.a(libc_a-writer.o)
                              C:/Program Files (Dev)/13.2 Rel1/bin/../lib/gcc/arm-none-eabi/13.2.1/thumb/v8-m.main/nofp\libg_nano.a(libc_a-stdio.o) (_write_r)
C:/Program Files (Dev)/13.2 Rel1/bin/../lib/gcc/arm-none-eabi/13.2.1/thumb/v8-m.main/nofp\libg_nano.a(libc_a-init.o)
                              C:/Program Files (Dev)/13.2 Rel1/bin/../lib/gcc/arm-none-eabi/13.2.1/thumb/v8-m.main/nofp/crt0.o (__libc_init_array)
C:/Program Files (Dev)/13.2 Rel1/bin/../lib/gcc/arm-none-eabi/13.2.1/thumb/v8-m.main/nofp\libg_nano.a(libc_a-lock.o)
                              C:/Program Files (Dev)/13.2 Rel1/bin/../lib/gcc/arm-none-eabi/13.2.1/thumb/v8-m.main/nofp\libg_nano.a(libc_a-findfp.o) (__retarget_lock_init_recursive)
C:/Program Files (Dev)/13.2 Rel1/bin/../lib/gcc/arm-none-eabi/13.2.1/thumb/v8-m.main/nofp\libg_nano.a(libc_a-freer.o)
                              C:/Program Files (Dev)/13.2 Rel1/bin/../lib/gcc/arm-none-eabi/13.2.1/thumb/v8-m.main/nofp\libg_nano.a(libc_a-reent.o) (_free_r)
C:/Program Files (Dev)/13.2 Rel1/bin/../lib/gcc/arm-none-eabi/13.2.1/thumb/v8-m.main/nofp\libg_nano.a(libc_a-mallocr.o)
                              C:/Program Files (Dev)/13.2 Rel1/bin/../lib/gcc/arm-none-eabi/13.2.1/thumb/v8-m.main/nofp\libg_nano.a(libc_a-findfp.o) (_malloc_r)
C:/Program Files (Dev)/13.2 Rel1/bin/../lib/gcc/arm-none-eabi/13.2.1/thumb/v8-m.main/nofp\libg_nano.a(libc_a-mlock.o)
                              C:/Program Files (Dev)/13.2 Rel1/bin/../lib/gcc/arm-none-eabi/13.2.1/thumb/v8-m.main/nofp\libg_nano.a(libc_a-freer.o) (__malloc_lock)
C:/Program Files (Dev)/13.2 Rel1/bin/../lib/gcc/arm-none-eabi/13.2.1/thumb/v8-m.main/nofp\libg_nano.a(libc_a-fflush.o)
                              C:/Program Files (Dev)/13.2 Rel1/bin/../lib/gcc/arm-none-eabi/13.2.1/thumb/v8-m.main/nofp\libg_nano.a(libc_a-findfp.o) (_fflush_r)
C:/Program Files (Dev)/13.2 Rel1/bin/../lib/gcc/arm-none-eabi/13.2.1/thumb/v8-m.main/nofp\libg_nano.a(libc_a-sbrkr.o)
                              C:/Program Files (Dev)/13.2 Rel1/bin/../lib/gcc/arm-none-eabi/13.2.1/thumb/v8-m.main/nofp\libg_nano.a(libc_a-mallocr.o) (_sbrk_r)

Discarded input sections

 .text          0x00000000        0x0 C:/Program Files (Dev)/13.2 Rel1/bin/../lib/gcc/arm-none-eabi/13.2.1/thumb/v8-m.main/nofp/crti.o
 .data          0x00000000        0x0 C:/Program Files (Dev)/13.2 Rel1/bin/../lib/gcc/arm-none-eabi/13.2.1/thumb/v8-m.main/nofp/crti.o
 .bss           0x00000000        0x0 C:/Program Files (Dev)/13.2 Rel1/bin/../lib/gcc/arm-none-eabi/13.2.1/thumb/v8-m.main/nofp/crti.o
 .text          0x00000000        0x0 C:/Program Files (Dev)/13.2 Rel1/bin/../lib/gcc/arm-none-eabi/13.2.1/thumb/v8-m.main/nofp/crtbegin.o
 .data          0x00000000        0x0 C:/Program Files (Dev)/13.2 Rel1/bin/../lib/gcc/arm-none-eabi/13.2.1/thumb/v8-m.main/nofp/crtbegin.o
 .bss           0x00000000        0x0 C:/Program Files (Dev)/13.2 Rel1/bin/../lib/gcc/arm-none-eabi/13.2.1/thumb/v8-m.main/nofp/crtbegin.o
 .rodata.all_implied_fbits
                0x00000000       0x24 C:/Program Files (Dev)/13.2 Rel1/bin/../lib/gcc/arm-none-eabi/13.2.1/thumb/v8-m.main/nofp/crtbegin.o
 .data.__dso_handle
                0x00000000        0x4 C:/Program Files (Dev)/13.2 Rel1/bin/../lib/gcc/arm-none-eabi/13.2.1/thumb/v8-m.main/nofp/crtbegin.o
 .text          0x00000000       0x7c C:/Program Files (Dev)/13.2 Rel1/bin/../lib/gcc/arm-none-eabi/13.2.1/thumb/v8-m.main/nofp/crt0.o
 .data          0x00000000        0x0 C:/Program Files (Dev)/13.2 Rel1/bin/../lib/gcc/arm-none-eabi/13.2.1/thumb/v8-m.main/nofp/crt0.o
 .bss           0x00000000        0x0 C:/Program Files (Dev)/13.2 Rel1/bin/../lib/gcc/arm-none-eabi/13.2.1/thumb/v8-m.main/nofp/crt0.o
 .ARM.extab     0x00000000        0x0 C:/Program Files (Dev)/13.2 Rel1/bin/../lib/gcc/arm-none-eabi/13.2.1/thumb/v8-m.main/nofp/crt0.o
 .ARM.exidx     0x00000000       0x10 C:/Program Files (Dev)/13.2 Rel1/bin/../lib/gcc/arm-none-eabi/13.2.1/thumb/v8-m.main/nofp/crt0.o
 .debug_line_str
                0x00000000       0xd7 C:/Program Files (Dev)/13.2 Rel1/bin/../lib/gcc/arm-none-eabi/13.2.1/thumb/v8-m.main/nofp/crt0.o
 .ARM.attributes
                0x00000000       0x20 C:/Program Files (Dev)/13.2 Rel1/bin/../lib/gcc/arm-none-eabi/13.2.1/thumb/v8-m.main/nofp/crt0.o
 .bss           0x00000000        0x0 ./Debug/main.o
 .data          0x00000000        0x0 ./Debug/startup_Musca-B1.o
 .bss           0x00000000        0x0 ./Debug/startup_Musca-B1.o
 .bss           0x00000000        0x0 ./Debug/system_Musca-B1.o
 .text          0x00000000        0x0 C:/Program Files (Dev)/13.2 Rel1/bin/../lib/gcc/arm-none-eabi/13.2.1/thumb/v8-m.main/nofp\libg_nano.a(libc_a-exit.o)
 .data          0x00000000        0x0 C:/Program Files (Dev)/13.2 Rel1/bin/../lib/gcc/arm-none-eabi/13.2.1/thumb/v8-m.main/nofp\libg_nano.a(libc_a-exit.o)
 .bss           0x00000000        0x0 C:/Program Files (Dev)/13.2 Rel1/bin/../lib/gcc/arm-none-eabi/13.2.1/thumb/v8-m.main/nofp\libg_nano.a(libc_a-exit.o)
 .text.exit     0x00000000       0x24 C:/Program Files (Dev)/13.2 Rel1/bin/../lib/gcc/arm-none-eabi/13.2.1/thumb/v8-m.main/nofp\libg_nano.a(libc_a-exit.o)
 .debug_frame   0x00000000       0x28 C:/Program Files (Dev)/13.2 Rel1/bin/../lib/gcc/arm-none-eabi/13.2.1/thumb/v8-m.main/nofp\libg_nano.a(libc_a-exit.o)
 .ARM.attributes
                0x00000000       0x32 C:/Program Files (Dev)/13.2 Rel1/bin/../lib/gcc/arm-none-eabi/13.2.1/thumb/v8-m.main/nofp\libg_nano.a(libc_a-exit.o)
 .text          0x00000000        0x0 C:/Program Files (Dev)/13.2 Rel1/bin/../lib/gcc/arm-none-eabi/13.2.1/thumb/v8-m.main/nofp\libg_nano.a(libc_a-findfp.o)
 .data          0x00000000        0x0 C:/Program Files (Dev)/13.2 Rel1/bin/../lib/gcc/arm-none-eabi/13.2.1/thumb/v8-m.main/nofp\libg_nano.a(libc_a-findfp.o)
 .bss           0x00000000        0x0 C:/Program Files (Dev)/13.2 Rel1/bin/../lib/gcc/arm-none-eabi/13.2.1/thumb/v8-m.main/nofp\libg_nano.a(libc_a-findfp.o)
 .text.std      0x00000000       0x6c C:/Program Files (Dev)/13.2 Rel1/bin/../lib/gcc/arm-none-eabi/13.2.1/thumb/v8-m.main/nofp\libg_nano.a(libc_a-findfp.o)
 .text.stdio_exit_handler
                0x00000000       0x18 C:/Program Files (Dev)/13.2 Rel1/bin/../lib/gcc/arm-none-eabi/13.2.1/thumb/v8-m.main/nofp\libg_nano.a(libc_a-findfp.o)
 .text.cleanup_stdio
                0x00000000       0x40 C:/Program Files (Dev)/13.2 Rel1/bin/../lib/gcc/arm-none-eabi/13.2.1/thumb/v8-m.main/nofp\libg_nano.a(libc_a-findfp.o)
 .text.__fp_lock
                0x00000000       0x18 C:/Program Files (Dev)/13.2 Rel1/bin/../lib/gcc/arm-none-eabi/13.2.1/thumb/v8-m.main/nofp\libg_nano.a(libc_a-findfp.o)
 .text.__fp_unlock
                0x00000000       0x18 C:/Program Files (Dev)/13.2 Rel1/bin/../lib/gcc/arm-none-eabi/13.2.1/thumb/v8-m.main/nofp\libg_nano.a(libc_a-findfp.o)
 .text.global_stdio_init.part.0
                0x00000000       0x3c C:/Program Files (Dev)/13.2 Rel1/bin/../lib/gcc/arm-none-eabi/13.2.1/thumb/v8-m.main/nofp\libg_nano.a(libc_a-findfp.o)
 .text.__sfp_lock_acquire
                0x00000000        0xc C:/Program Files (Dev)/13.2 Rel1/bin/../lib/gcc/arm-none-eabi/13.2.1/thumb/v8-m.main/nofp\libg_nano.a(libc_a-findfp.o)
 .text.__sfp_lock_release
                0x00000000        0xc C:/Program Files (Dev)/13.2 Rel1/bin/../lib/gcc/arm-none-eabi/13.2.1/thumb/v8-m.main/nofp\libg_nano.a(libc_a-findfp.o)
 .text.__sfp    0x00000000       0xa4 C:/Program Files (Dev)/13.2 Rel1/bin/../lib/gcc/arm-none-eabi/13.2.1/thumb/v8-m.main/nofp\libg_nano.a(libc_a-findfp.o)
 .text.__sinit  0x00000000       0x30 C:/Program Files (Dev)/13.2 Rel1/bin/../lib/gcc/arm-none-eabi/13.2.1/thumb/v8-m.main/nofp\libg_nano.a(libc_a-findfp.o)
 .text.__fp_lock_all
                0x00000000       0x1c C:/Program Files (Dev)/13.2 Rel1/bin/../lib/gcc/arm-none-eabi/13.2.1/thumb/v8-m.main/nofp\libg_nano.a(libc_a-findfp.o)
 .text.__fp_unlock_all
                0x00000000       0x1c C:/Program Files (Dev)/13.2 Rel1/bin/../lib/gcc/arm-none-eabi/13.2.1/thumb/v8-m.main/nofp\libg_nano.a(libc_a-findfp.o)
 .data.__sglue  0x00000000        0xc C:/Program Files (Dev)/13.2 Rel1/bin/../lib/gcc/arm-none-eabi/13.2.1/thumb/v8-m.main/nofp\libg_nano.a(libc_a-findfp.o)
 .bss.__sf      0x00000000      0x138 C:/Program Files (Dev)/13.2 Rel1/bin/../lib/gcc/arm-none-eabi/13.2.1/thumb/v8-m.main/nofp\libg_nano.a(libc_a-findfp.o)
 .bss.__stdio_exit_handler
                0x00000000        0x4 C:/Program Files (Dev)/13.2 Rel1/bin/../lib/gcc/arm-none-eabi/13.2.1/thumb/v8-m.main/nofp\libg_nano.a(libc_a-findfp.o)
 .debug_frame   0x00000000      0x144 C:/Program Files (Dev)/13.2 Rel1/bin/../lib/gcc/arm-none-eabi/13.2.1/thumb/v8-m.main/nofp\libg_nano.a(libc_a-findfp.o)
 .ARM.attributes
                0x00000000       0x32 C:/Program Files (Dev)/13.2 Rel1/bin/../lib/gcc/arm-none-eabi/13.2.1/thumb/v8-m.main/nofp\libg_nano.a(libc_a-findfp.o)
 .text          0x00000000        0x0 C:/Program Files (Dev)/13.2 Rel1/bin/../lib/gcc/arm-none-eabi/13.2.1/thumb/v8-m.main/nofp\libg_nano.a(libc_a-fwalk.o)
 .data          0x00000000        0x0 C:/Program Files (Dev)/13.2 Rel1/bin/../lib/gcc/arm-none-eabi/13.2.1/thumb/v8-m.main/nofp\libg_nano.a(libc_a-fwalk.o)
 .bss           0x00000000        0x0 C:/Program Files (Dev)/13.2 Rel1/bin/../lib/gcc/arm-none-eabi/13.2.1/thumb/v8-m.main/nofp\libg_nano.a(libc_a-fwalk.o)
 .text._fwalk_sglue
                0x00000000       0x3c C:/Program Files (Dev)/13.2 Rel1/bin/../lib/gcc/arm-none-eabi/13.2.1/thumb/v8-m.main/nofp\libg_nano.a(libc_a-fwalk.o)
 .debug_frame   0x00000000       0x34 C:/Program Files (Dev)/13.2 Rel1/bin/../lib/gcc/arm-none-eabi/13.2.1/thumb/v8-m.main/nofp\libg_nano.a(libc_a-fwalk.o)
 .ARM.attributes
                0x00000000       0x32 C:/Program Files (Dev)/13.2 Rel1/bin/../lib/gcc/arm-none-eabi/13.2.1/thumb/v8-m.main/nofp\libg_nano.a(libc_a-fwalk.o)
 .text          0x00000000        0x0 C:/Program Files (Dev)/13.2 Rel1/bin/../lib/gcc/arm-none-eabi/13.2.1/thumb/v8-m.main/nofp\libg_nano.a(libc_a-stdio.o)
 .data          0x00000000        0x0 C:/Program Files (Dev)/13.2 Rel1/bin/../lib/gcc/arm-none-eabi/13.2.1/thumb/v8-m.main/nofp\libg_nano.a(libc_a-stdio.o)
 .bss           0x00000000        0x0 C:/Program Files (Dev)/13.2 Rel1/bin/../lib/gcc/arm-none-eabi/13.2.1/thumb/v8-m.main/nofp\libg_nano.a(libc_a-stdio.o)
 .text.__sread  0x00000000       0x22 C:/Program Files (Dev)/13.2 Rel1/bin/../lib/gcc/arm-none-eabi/13.2.1/thumb/v8-m.main/nofp\libg_nano.a(libc_a-stdio.o)
 .text.__seofread
                0x00000000        0x4 C:/Program Files (Dev)/13.2 Rel1/bin/../lib/gcc/arm-none-eabi/13.2.1/thumb/v8-m.main/nofp\libg_nano.a(libc_a-stdio.o)
 .text.__swrite
                0x00000000       0x38 C:/Program Files (Dev)/13.2 Rel1/bin/../lib/gcc/arm-none-eabi/13.2.1/thumb/v8-m.main/nofp\libg_nano.a(libc_a-stdio.o)
 .text.__sseek  0x00000000       0x24 C:/Program Files (Dev)/13.2 Rel1/bin/../lib/gcc/arm-none-eabi/13.2.1/thumb/v8-m.main/nofp\libg_nano.a(libc_a-stdio.o)
 .text.__sclose
                0x00000000        0x8 C:/Program Files (Dev)/13.2 Rel1/bin/../lib/gcc/arm-none-eabi/13.2.1/thumb/v8-m.main/nofp\libg_nano.a(libc_a-stdio.o)
 .debug_frame   0x00000000       0x88 C:/Program Files (Dev)/13.2 Rel1/bin/../lib/gcc/arm-none-eabi/13.2.1/thumb/v8-m.main/nofp\libg_nano.a(libc_a-stdio.o)
 .ARM.attributes
                0x00000000       0x32 C:/Program Files (Dev)/13.2 Rel1/bin/../lib/gcc/arm-none-eabi/13.2.1/thumb/v8-m.main/nofp\libg_nano.a(libc_a-stdio.o)
 .text          0x00000000        0x0 C:/Program Files (Dev)/13.2 Rel1/bin/../lib/gcc/arm-none-eabi/13.2.1/thumb/v8-m.main/nofp\libg_nano.a(libc_a-memset.o)
 .data          0x00000000        0x0 C:/Program Files (Dev)/13.2 Rel1/bin/../lib/gcc/arm-none-eabi/13.2.1/thumb/v8-m.main/nofp\libg_nano.a(libc_a-memset.o)
 .bss           0x00000000        0x0 C:/Program Files (Dev)/13.2 Rel1/bin/../lib/gcc/arm-none-eabi/13.2.1/thumb/v8-m.main/nofp\libg_nano.a(libc_a-memset.o)
 .text.memset   0x00000000       0x10 C:/Program Files (Dev)/13.2 Rel1/bin/../lib/gcc/arm-none-eabi/13.2.1/thumb/v8-m.main/nofp\libg_nano.a(libc_a-memset.o)
 .debug_frame   0x00000000       0x20 C:/Program Files (Dev)/13.2 Rel1/bin/../lib/gcc/arm-none-eabi/13.2.1/thumb/v8-m.main/nofp\libg_nano.a(libc_a-memset.o)
 .ARM.attributes
                0x00000000       0x32 C:/Program Files (Dev)/13.2 Rel1/bin/../lib/gcc/arm-none-eabi/13.2.1/thumb/v8-m.main/nofp\libg_nano.a(libc_a-memset.o)
 .text          0x00000000        0x0 C:/Program Files (Dev)/13.2 Rel1/bin/../lib/gcc/arm-none-eabi/13.2.1/thumb/v8-m.main/nofp\libg_nano.a(libc_a-closer.o)
 .data          0x00000000        0x0 C:/Program Files (Dev)/13.2 Rel1/bin/../lib/gcc/arm-none-eabi/13.2.1/thumb/v8-m.main/nofp\libg_nano.a(libc_a-closer.o)
 .bss           0x00000000        0x0 C:/Program Files (Dev)/13.2 Rel1/bin/../lib/gcc/arm-none-eabi/13.2.1/thumb/v8-m.main/nofp\libg_nano.a(libc_a-closer.o)
 .text._close_r
                0x00000000       0x20 C:/Program Files (Dev)/13.2 Rel1/bin/../lib/gcc/arm-none-eabi/13.2.1/thumb/v8-m.main/nofp\libg_nano.a(libc_a-closer.o)
 .debug_frame   0x00000000       0x2c C:/Program Files (Dev)/13.2 Rel1/bin/../lib/gcc/arm-none-eabi/13.2.1/thumb/v8-m.main/nofp\libg_nano.a(libc_a-closer.o)
 .ARM.attributes
                0x00000000       0x32 C:/Program Files (Dev)/13.2 Rel1/bin/../lib/gcc/arm-none-eabi/13.2.1/thumb/v8-m.main/nofp\libg_nano.a(libc_a-closer.o)
 .text          0x00000000        0x0 C:/Program Files (Dev)/13.2 Rel1/bin/../lib/gcc/arm-none-eabi/13.2.1/thumb/v8-m.main/nofp\libg_nano.a(libc_a-reent.o)
 .data          0x00000000        0x0 C:/Program Files (Dev)/13.2 Rel1/bin/../lib/gcc/arm-none-eabi/13.2.1/thumb/v8-m.main/nofp\libg_nano.a(libc_a-reent.o)
 .bss           0x00000000        0x0 C:/Program Files (Dev)/13.2 Rel1/bin/../lib/gcc/arm-none-eabi/13.2.1/thumb/v8-m.main/nofp\libg_nano.a(libc_a-reent.o)
 .text._reclaim_reent
                0x00000000       0xac C:/Program Files (Dev)/13.2 Rel1/bin/../lib/gcc/arm-none-eabi/13.2.1/thumb/v8-m.main/nofp\libg_nano.a(libc_a-reent.o)
 .bss.errno     0x00000000        0x4 C:/Program Files (Dev)/13.2 Rel1/bin/../lib/gcc/arm-none-eabi/13.2.1/thumb/v8-m.main/nofp\libg_nano.a(libc_a-reent.o)
 .debug_frame   0x00000000       0x38 C:/Program Files (Dev)/13.2 Rel1/bin/../lib/gcc/arm-none-eabi/13.2.1/thumb/v8-m.main/nofp\libg_nano.a(libc_a-reent.o)
 .ARM.attributes
                0x00000000       0x32 C:/Program Files (Dev)/13.2 Rel1/bin/../lib/gcc/arm-none-eabi/13.2.1/thumb/v8-m.main/nofp\libg_nano.a(libc_a-reent.o)
 .text          0x00000000        0x0 C:/Program Files (Dev)/13.2 Rel1/bin/../lib/gcc/arm-none-eabi/13.2.1/thumb/v8-m.main/nofp\libg_nano.a(libc_a-impure.o)
 .data          0x00000000        0x0 C:/Program Files (Dev)/13.2 Rel1/bin/../lib/gcc/arm-none-eabi/13.2.1/thumb/v8-m.main/nofp\libg_nano.a(libc_a-impure.o)
 .bss           0x00000000        0x0 C:/Program Files (Dev)/13.2 Rel1/bin/../lib/gcc/arm-none-eabi/13.2.1/thumb/v8-m.main/nofp\libg_nano.a(libc_a-impure.o)
 .data._impure_ptr
                0x00000000        0x4 C:/Program Files (Dev)/13.2 Rel1/bin/../lib/gcc/arm-none-eabi/13.2.1/thumb/v8-m.main/nofp\libg_nano.a(libc_a-impure.o)
 .data._impure_data
                0x00000000       0x4c C:/Program Files (Dev)/13.2 Rel1/bin/../lib/gcc/arm-none-eabi/13.2.1/thumb/v8-m.main/nofp\libg_nano.a(libc_a-impure.o)
 .ARM.attributes
                0x00000000       0x32 C:/Program Files (Dev)/13.2 Rel1/bin/../lib/gcc/arm-none-eabi/13.2.1/thumb/v8-m.main/nofp\libg_nano.a(libc_a-impure.o)
 .text          0x00000000        0x0 C:/Program Files (Dev)/13.2 Rel1/bin/../lib/gcc/arm-none-eabi/13.2.1/thumb/v8-m.main/nofp\libg_nano.a(libc_a-lseekr.o)
 .data          0x00000000        0x0 C:/Program Files (Dev)/13.2 Rel1/bin/../lib/gcc/arm-none-eabi/13.2.1/thumb/v8-m.main/nofp\libg_nano.a(libc_a-lseekr.o)
 .bss           0x00000000        0x0 C:/Program Files (Dev)/13.2 Rel1/bin/../lib/gcc/arm-none-eabi/13.2.1/thumb/v8-m.main/nofp\libg_nano.a(libc_a-lseekr.o)
 .text._lseek_r
                0x00000000       0x24 C:/Program Files (Dev)/13.2 Rel1/bin/../lib/gcc/arm-none-eabi/13.2.1/thumb/v8-m.main/nofp\libg_nano.a(libc_a-lseekr.o)
 .debug_frame   0x00000000       0x2c C:/Program Files (Dev)/13.2 Rel1/bin/../lib/gcc/arm-none-eabi/13.2.1/thumb/v8-m.main/nofp\libg_nano.a(libc_a-lseekr.o)
 .ARM.attributes
                0x00000000       0x32 C:/Program Files (Dev)/13.2 Rel1/bin/../lib/gcc/arm-none-eabi/13.2.1/thumb/v8-m.main/nofp\libg_nano.a(libc_a-lseekr.o)
 .text          0x00000000        0x0 C:/Program Files (Dev)/13.2 Rel1/bin/../lib/gcc/arm-none-eabi/13.2.1/thumb/v8-m.main/nofp\libg_nano.a(libc_a-readr.o)
 .data          0x00000000        0x0 C:/Program Files (Dev)/13.2 Rel1/bin/../lib/gcc/arm-none-eabi/13.2.1/thumb/v8-m.main/nofp\libg_nano.a(libc_a-readr.o)
 .bss           0x00000000        0x0 C:/Program Files (Dev)/13.2 Rel1/bin/../lib/gcc/arm-none-eabi/13.2.1/thumb/v8-m.main/nofp\libg_nano.a(libc_a-readr.o)
 .text._read_r  0x00000000       0x24 C:/Program Files (Dev)/13.2 Rel1/bin/../lib/gcc/arm-none-eabi/13.2.1/thumb/v8-m.main/nofp\libg_nano.a(libc_a-readr.o)
 .debug_frame   0x00000000       0x2c C:/Program Files (Dev)/13.2 Rel1/bin/../lib/gcc/arm-none-eabi/13.2.1/thumb/v8-m.main/nofp\libg_nano.a(libc_a-readr.o)
 .ARM.attributes
                0x00000000       0x32 C:/Program Files (Dev)/13.2 Rel1/bin/../lib/gcc/arm-none-eabi/13.2.1/thumb/v8-m.main/nofp\libg_nano.a(libc_a-readr.o)
 .text          0x00000000        0x0 C:/Program Files (Dev)/13.2 Rel1/bin/../lib/gcc/arm-none-eabi/13.2.1/thumb/v8-m.main/nofp\libg_nano.a(libc_a-writer.o)
 .data          0x00000000        0x0 C:/Program Files (Dev)/13.2 Rel1/bin/../lib/gcc/arm-none-eabi/13.2.1/thumb/v8-m.main/nofp\libg_nano.a(libc_a-writer.o)
 .bss           0x00000000        0x0 C:/Program Files (Dev)/13.2 Rel1/bin/../lib/gcc/arm-none-eabi/13.2.1/thumb/v8-m.main/nofp\libg_nano.a(libc_a-writer.o)
 .text._write_r
                0x00000000       0x24 C:/Program Files (Dev)/13.2 Rel1/bin/../lib/gcc/arm-none-eabi/13.2.1/thumb/v8-m.main/nofp\libg_nano.a(libc_a-writer.o)
 .debug_frame   0x00000000       0x2c C:/Program Files (Dev)/13.2 Rel1/bin/../lib/gcc/arm-none-eabi/13.2.1/thumb/v8-m.main/nofp\libg_nano.a(libc_a-writer.o)
 .ARM.attributes
                0x00000000       0x32 C:/Program Files (Dev)/13.2 Rel1/bin/../lib/gcc/arm-none-eabi/13.2.1/thumb/v8-m.main/nofp\libg_nano.a(libc_a-writer.o)
 .text          0x00000000        0x0 C:/Program Files (Dev)/13.2 Rel1/bin/../lib/gcc/arm-none-eabi/13.2.1/thumb/v8-m.main/nofp\libg_nano.a(libc_a-init.o)
 .data          0x00000000        0x0 C:/Program Files (Dev)/13.2 Rel1/bin/../lib/gcc/arm-none-eabi/13.2.1/thumb/v8-m.main/nofp\libg_nano.a(libc_a-init.o)
 .bss           0x00000000        0x0 C:/Program Files (Dev)/13.2 Rel1/bin/../lib/gcc/arm-none-eabi/13.2.1/thumb/v8-m.main/nofp\libg_nano.a(libc_a-init.o)
 .text.__libc_init_array
                0x00000000       0x48 C:/Program Files (Dev)/13.2 Rel1/bin/../lib/gcc/arm-none-eabi/13.2.1/thumb/v8-m.main/nofp\libg_nano.a(libc_a-init.o)
 .debug_frame   0x00000000       0x2c C:/Program Files (Dev)/13.2 Rel1/bin/../lib/gcc/arm-none-eabi/13.2.1/thumb/v8-m.main/nofp\libg_nano.a(libc_a-init.o)
 .ARM.attributes
                0x00000000       0x32 C:/Program Files (Dev)/13.2 Rel1/bin/../lib/gcc/arm-none-eabi/13.2.1/thumb/v8-m.main/nofp\libg_nano.a(libc_a-init.o)
 .text          0x00000000        0x0 C:/Program Files (Dev)/13.2 Rel1/bin/../lib/gcc/arm-none-eabi/13.2.1/thumb/v8-m.main/nofp\libg_nano.a(libc_a-lock.o)
 .data          0x00000000        0x0 C:/Program Files (Dev)/13.2 Rel1/bin/../lib/gcc/arm-none-eabi/13.2.1/thumb/v8-m.main/nofp\libg_nano.a(libc_a-lock.o)
 .bss           0x00000000        0x0 C:/Program Files (Dev)/13.2 Rel1/bin/../lib/gcc/arm-none-eabi/13.2.1/thumb/v8-m.main/nofp\libg_nano.a(libc_a-lock.o)
 .text.__retarget_lock_init
                0x00000000        0x2 C:/Program Files (Dev)/13.2 Rel1/bin/../lib/gcc/arm-none-eabi/13.2.1/thumb/v8-m.main/nofp\libg_nano.a(libc_a-lock.o)
 .text.__retarget_lock_init_recursive
                0x00000000        0x2 C:/Program Files (Dev)/13.2 Rel1/bin/../lib/gcc/arm-none-eabi/13.2.1/thumb/v8-m.main/nofp\libg_nano.a(libc_a-lock.o)
 .text.__retarget_lock_close
                0x00000000        0x2 C:/Program Files (Dev)/13.2 Rel1/bin/../lib/gcc/arm-none-eabi/13.2.1/thumb/v8-m.main/nofp\libg_nano.a(libc_a-lock.o)
 .text.__retarget_lock_close_recursive
                0x00000000        0x2 C:/Program Files (Dev)/13.2 Rel1/bin/../lib/gcc/arm-none-eabi/13.2.1/thumb/v8-m.main/nofp\libg_nano.a(libc_a-lock.o)
 .text.__retarget_lock_acquire
                0x00000000        0x2 C:/Program Files (Dev)/13.2 Rel1/bin/../lib/gcc/arm-none-eabi/13.2.1/thumb/v8-m.main/nofp\libg_nano.a(libc_a-lock.o)
 .text.__retarget_lock_acquire_recursive
                0x00000000        0x2 C:/Program Files (Dev)/13.2 Rel1/bin/../lib/gcc/arm-none-eabi/13.2.1/thumb/v8-m.main/nofp\libg_nano.a(libc_a-lock.o)
 .text.__retarget_lock_try_acquire
                0x00000000        0x4 C:/Program Files (Dev)/13.2 Rel1/bin/../lib/gcc/arm-none-eabi/13.2.1/thumb/v8-m.main/nofp\libg_nano.a(libc_a-lock.o)
 .text.__retarget_lock_try_acquire_recursive
                0x00000000        0x4 C:/Program Files (Dev)/13.2 Rel1/bin/../lib/gcc/arm-none-eabi/13.2.1/thumb/v8-m.main/nofp\libg_nano.a(libc_a-lock.o)
 .text.__retarget_lock_release
                0x00000000        0x2 C:/Program Files (Dev)/13.2 Rel1/bin/../lib/gcc/arm-none-eabi/13.2.1/thumb/v8-m.main/nofp\libg_nano.a(libc_a-lock.o)
 .text.__retarget_lock_release_recursive
                0x00000000        0x2 C:/Program Files (Dev)/13.2 Rel1/bin/../lib/gcc/arm-none-eabi/13.2.1/thumb/v8-m.main/nofp\libg_nano.a(libc_a-lock.o)
 .bss.__lock___arc4random_mutex
                0x00000000        0x1 C:/Program Files (Dev)/13.2 Rel1/bin/../lib/gcc/arm-none-eabi/13.2.1/thumb/v8-m.main/nofp\libg_nano.a(libc_a-lock.o)
 .bss.__lock___dd_hash_mutex
                0x00000000        0x1 C:/Program Files (Dev)/13.2 Rel1/bin/../lib/gcc/arm-none-eabi/13.2.1/thumb/v8-m.main/nofp\libg_nano.a(libc_a-lock.o)
 .bss.__lock___tz_mutex
                0x00000000        0x1 C:/Program Files (Dev)/13.2 Rel1/bin/../lib/gcc/arm-none-eabi/13.2.1/thumb/v8-m.main/nofp\libg_nano.a(libc_a-lock.o)
 .bss.__lock___env_recursive_mutex
                0x00000000        0x1 C:/Program Files (Dev)/13.2 Rel1/bin/../lib/gcc/arm-none-eabi/13.2.1/thumb/v8-m.main/nofp\libg_nano.a(libc_a-lock.o)
 .bss.__lock___malloc_recursive_mutex
                0x00000000        0x1 C:/Program Files (Dev)/13.2 Rel1/bin/../lib/gcc/arm-none-eabi/13.2.1/thumb/v8-m.main/nofp\libg_nano.a(libc_a-lock.o)
 .bss.__lock___at_quick_exit_mutex
                0x00000000        0x1 C:/Program Files (Dev)/13.2 Rel1/bin/../lib/gcc/arm-none-eabi/13.2.1/thumb/v8-m.main/nofp\libg_nano.a(libc_a-lock.o)
 .bss.__lock___atexit_recursive_mutex
                0x00000000        0x1 C:/Program Files (Dev)/13.2 Rel1/bin/../lib/gcc/arm-none-eabi/13.2.1/thumb/v8-m.main/nofp\libg_nano.a(libc_a-lock.o)
 .bss.__lock___sfp_recursive_mutex
                0x00000000        0x1 C:/Program Files (Dev)/13.2 Rel1/bin/../lib/gcc/arm-none-eabi/13.2.1/thumb/v8-m.main/nofp\libg_nano.a(libc_a-lock.o)
 .debug_frame   0x00000000       0xb0 C:/Program Files (Dev)/13.2 Rel1/bin/../lib/gcc/arm-none-eabi/13.2.1/thumb/v8-m.main/nofp\libg_nano.a(libc_a-lock.o)
 .ARM.attributes
                0x00000000       0x32 C:/Program Files (Dev)/13.2 Rel1/bin/../lib/gcc/arm-none-eabi/13.2.1/thumb/v8-m.main/nofp\libg_nano.a(libc_a-lock.o)
 .text          0x00000000        0x0 C:/Program Files (Dev)/13.2 Rel1/bin/../lib/gcc/arm-none-eabi/13.2.1/thumb/v8-m.main/nofp\libg_nano.a(libc_a-freer.o)
 .data          0x00000000        0x0 C:/Program Files (Dev)/13.2 Rel1/bin/../lib/gcc/arm-none-eabi/13.2.1/thumb/v8-m.main/nofp\libg_nano.a(libc_a-freer.o)
 .bss           0x00000000        0x0 C:/Program Files (Dev)/13.2 Rel1/bin/../lib/gcc/arm-none-eabi/13.2.1/thumb/v8-m.main/nofp\libg_nano.a(libc_a-freer.o)
 .text._free_r  0x00000000       0x94 C:/Program Files (Dev)/13.2 Rel1/bin/../lib/gcc/arm-none-eabi/13.2.1/thumb/v8-m.main/nofp\libg_nano.a(libc_a-freer.o)
 .debug_frame   0x00000000       0x38 C:/Program Files (Dev)/13.2 Rel1/bin/../lib/gcc/arm-none-eabi/13.2.1/thumb/v8-m.main/nofp\libg_nano.a(libc_a-freer.o)
 .ARM.attributes
                0x00000000       0x32 C:/Program Files (Dev)/13.2 Rel1/bin/../lib/gcc/arm-none-eabi/13.2.1/thumb/v8-m.main/nofp\libg_nano.a(libc_a-freer.o)
 .text          0x00000000        0x0 C:/Program Files (Dev)/13.2 Rel1/bin/../lib/gcc/arm-none-eabi/13.2.1/thumb/v8-m.main/nofp\libg_nano.a(libc_a-mallocr.o)
 .data          0x00000000        0x0 C:/Program Files (Dev)/13.2 Rel1/bin/../lib/gcc/arm-none-eabi/13.2.1/thumb/v8-m.main/nofp\libg_nano.a(libc_a-mallocr.o)
 .bss           0x00000000        0x0 C:/Program Files (Dev)/13.2 Rel1/bin/../lib/gcc/arm-none-eabi/13.2.1/thumb/v8-m.main/nofp\libg_nano.a(libc_a-mallocr.o)
 .text.sbrk_aligned
                0x00000000       0x44 C:/Program Files (Dev)/13.2 Rel1/bin/../lib/gcc/arm-none-eabi/13.2.1/thumb/v8-m.main/nofp\libg_nano.a(libc_a-mallocr.o)
 .text._malloc_r
                0x00000000      0x100 C:/Program Files (Dev)/13.2 Rel1/bin/../lib/gcc/arm-none-eabi/13.2.1/thumb/v8-m.main/nofp\libg_nano.a(libc_a-mallocr.o)
 .bss.__malloc_sbrk_start
                0x00000000        0x4 C:/Program Files (Dev)/13.2 Rel1/bin/../lib/gcc/arm-none-eabi/13.2.1/thumb/v8-m.main/nofp\libg_nano.a(libc_a-mallocr.o)
 .bss.__malloc_free_list
                0x00000000        0x4 C:/Program Files (Dev)/13.2 Rel1/bin/../lib/gcc/arm-none-eabi/13.2.1/thumb/v8-m.main/nofp\libg_nano.a(libc_a-mallocr.o)
 .debug_frame   0x00000000       0x50 C:/Program Files (Dev)/13.2 Rel1/bin/../lib/gcc/arm-none-eabi/13.2.1/thumb/v8-m.main/nofp\libg_nano.a(libc_a-mallocr.o)
 .ARM.attributes
                0x00000000       0x32 C:/Program Files (Dev)/13.2 Rel1/bin/../lib/gcc/arm-none-eabi/13.2.1/thumb/v8-m.main/nofp\libg_nano.a(libc_a-mallocr.o)
 .text          0x00000000        0x0 C:/Program Files (Dev)/13.2 Rel1/bin/../lib/gcc/arm-none-eabi/13.2.1/thumb/v8-m.main/nofp\libg_nano.a(libc_a-mlock.o)
 .data          0x00000000        0x0 C:/Program Files (Dev)/13.2 Rel1/bin/../lib/gcc/arm-none-eabi/13.2.1/thumb/v8-m.main/nofp\libg_nano.a(libc_a-mlock.o)
 .bss           0x00000000        0x0 C:/Program Files (Dev)/13.2 Rel1/bin/../lib/gcc/arm-none-eabi/13.2.1/thumb/v8-m.main/nofp\libg_nano.a(libc_a-mlock.o)
 .text.__malloc_lock
                0x00000000        0xc C:/Program Files (Dev)/13.2 Rel1/bin/../lib/gcc/arm-none-eabi/13.2.1/thumb/v8-m.main/nofp\libg_nano.a(libc_a-mlock.o)
 .text.__malloc_unlock
                0x00000000        0xc C:/Program Files (Dev)/13.2 Rel1/bin/../lib/gcc/arm-none-eabi/13.2.1/thumb/v8-m.main/nofp\libg_nano.a(libc_a-mlock.o)
 .debug_frame   0x00000000       0x30 C:/Program Files (Dev)/13.2 Rel1/bin/../lib/gcc/arm-none-eabi/13.2.1/thumb/v8-m.main/nofp\libg_nano.a(libc_a-mlock.o)
 .ARM.attributes
                0x00000000       0x32 C:/Program Files (Dev)/13.2 Rel1/bin/../lib/gcc/arm-none-eabi/13.2.1/thumb/v8-m.main/nofp\libg_nano.a(libc_a-mlock.o)
 .text          0x00000000        0x0 C:/Program Files (Dev)/13.2 Rel1/bin/../lib/gcc/arm-none-eabi/13.2.1/thumb/v8-m.main/nofp\libg_nano.a(libc_a-fflush.o)
 .data          0x00000000        0x0 C:/Program Files (Dev)/13.2 Rel1/bin/../lib/gcc/arm-none-eabi/13.2.1/thumb/v8-m.main/nofp\libg_nano.a(libc_a-fflush.o)
 .bss           0x00000000        0x0 C:/Program Files (Dev)/13.2 Rel1/bin/../lib/gcc/arm-none-eabi/13.2.1/thumb/v8-m.main/nofp\libg_nano.a(libc_a-fflush.o)
 .text.__sflush_r
                0x00000000      0x100 C:/Program Files (Dev)/13.2 Rel1/bin/../lib/gcc/arm-none-eabi/13.2.1/thumb/v8-m.main/nofp\libg_nano.a(libc_a-fflush.o)
 .text._fflush_r
                0x00000000       0x50 C:/Program Files (Dev)/13.2 Rel1/bin/../lib/gcc/arm-none-eabi/13.2.1/thumb/v8-m.main/nofp\libg_nano.a(libc_a-fflush.o)
 .text.fflush   0x00000000       0x28 C:/Program Files (Dev)/13.2 Rel1/bin/../lib/gcc/arm-none-eabi/13.2.1/thumb/v8-m.main/nofp\libg_nano.a(libc_a-fflush.o)
 .debug_frame   0x00000000       0x5c C:/Program Files (Dev)/13.2 Rel1/bin/../lib/gcc/arm-none-eabi/13.2.1/thumb/v8-m.main/nofp\libg_nano.a(libc_a-fflush.o)
 .ARM.attributes
                0x00000000       0x32 C:/Program Files (Dev)/13.2 Rel1/bin/../lib/gcc/arm-none-eabi/13.2.1/thumb/v8-m.main/nofp\libg_nano.a(libc_a-fflush.o)
 .text          0x00000000        0x0 C:/Program Files (Dev)/13.2 Rel1/bin/../lib/gcc/arm-none-eabi/13.2.1/thumb/v8-m.main/nofp\libg_nano.a(libc_a-sbrkr.o)
 .data          0x00000000        0x0 C:/Program Files (Dev)/13.2 Rel1/bin/../lib/gcc/arm-none-eabi/13.2.1/thumb/v8-m.main/nofp\libg_nano.a(libc_a-sbrkr.o)
 .bss           0x00000000        0x0 C:/Program Files (Dev)/13.2 Rel1/bin/../lib/gcc/arm-none-eabi/13.2.1/thumb/v8-m.main/nofp\libg_nano.a(libc_a-sbrkr.o)
 .text._sbrk_r  0x00000000       0x20 C:/Program Files (Dev)/13.2 Rel1/bin/../lib/gcc/arm-none-eabi/13.2.1/thumb/v8-m.main/nofp\libg_nano.a(libc_a-sbrkr.o)
 .debug_frame   0x00000000       0x2c C:/Program Files (Dev)/13.2 Rel1/bin/../lib/gcc/arm-none-eabi/13.2.1/thumb/v8-m.main/nofp\libg_nano.a(libc_a-sbrkr.o)
 .ARM.attributes
                0x00000000       0x32 C:/Program Files (Dev)/13.2 Rel1/bin/../lib/gcc/arm-none-eabi/13.2.1/thumb/v8-m.main/nofp\libg_nano.a(libc_a-sbrkr.o)
 .text          0x00000000        0x0 C:/Program Files (Dev)/13.2 Rel1/bin/../lib/gcc/arm-none-eabi/13.2.1/thumb/v8-m.main/nofp/crtend.o
 .data          0x00000000        0x0 C:/Program Files (Dev)/13.2 Rel1/bin/../lib/gcc/arm-none-eabi/13.2.1/thumb/v8-m.main/nofp/crtend.o
 .bss           0x00000000        0x0 C:/Program Files (Dev)/13.2 Rel1/bin/../lib/gcc/arm-none-eabi/13.2.1/thumb/v8-m.main/nofp/crtend.o
 .rodata.all_implied_fbits
                0x00000000       0x24 C:/Program Files (Dev)/13.2 Rel1/bin/../lib/gcc/arm-none-eabi/13.2.1/thumb/v8-m.main/nofp/crtend.o
 .text          0x00000000        0x0 C:/Program Files (Dev)/13.2 Rel1/bin/../lib/gcc/arm-none-eabi/13.2.1/thumb/v8-m.main/nofp/crtn.o
 .data          0x00000000        0x0 C:/Program Files (Dev)/13.2 Rel1/bin/../lib/gcc/arm-none-eabi/13.2.1/thumb/v8-m.main/nofp/crtn.o
 .bss           0x00000000        0x0 C:/Program Files (Dev)/13.2 Rel1/bin/../lib/gcc/arm-none-eabi/13.2.1/thumb/v8-m.main/nofp/crtn.o

Memory Configuration

Name             Origin             Length             Attributes
FLASH            0x10000000         0x00200000         xr
RAM              0x20000000         0x00020000         xrw
*default*        0x00000000         0xffffffff

Linker script and memory map

LOAD C:/Program Files (Dev)/13.2 Rel1/bin/../lib/gcc/arm-none-eabi/13.2.1/thumb/v8-m.main/nofp/crti.o
LOAD C:/Program Files (Dev)/13.2 Rel1/bin/../lib/gcc/arm-none-eabi/13.2.1/thumb/v8-m.main/nofp/crtbegin.o
LOAD C:/Program Files (Dev)/13.2 Rel1/bin/../lib/gcc/arm-none-eabi/13.2.1/thumb/v8-m.main/nofp/crt0.o
LOAD ./Debug/main.o
LOAD ./Debug/startup_Musca-B1.o
LOAD ./Debug/system_Musca-B1.o
START GROUP
LOAD C:/Program Files (Dev)/13.2 Rel1/bin/../lib/gcc/arm-none-eabi/13.2.1/thumb/v8-m.main/nofp\libgcc.a
LOAD C:/Program Files (Dev)/13.2 Rel1/bin/../lib/gcc/arm-none-eabi/13.2.1/thumb/v8-m.main/nofp\libg_nano.a
LOAD C:/Program Files (Dev)/13.2 Rel1/bin/../lib/gcc/arm-none-eabi/13.2.1/thumb/v8-m.main/nofp\libc_nano.a
END GROUP
START GROUP
LOAD C:/Program Files (Dev)/13.2 Rel1/bin/../lib/gcc/arm-none-eabi/13.2.1/thumb/v8-m.main/nofp\libgcc.a
LOAD C:/Program Files (Dev)/13.2 Rel1/bin/../lib/gcc/arm-none-eabi/13.2.1/thumb/v8-m.main/nofp\libc_nano.a
END GROUP
LOAD C:/Program Files (Dev)/13.2 Rel1/bin/../lib/gcc/arm-none-eabi/13.2.1/thumb/v8-m.main/nofp/crtend.o
LOAD C:/Program Files (Dev)/13.2 Rel1/bin/../lib/gcc/arm-none-eabi/13.2.1/thumb/v8-m.main/nofp/crtn.o
                0x10000000                        __ROM_BASE = 0x10000000
                0x00200000                        __ROM_SIZE = 0x200000
                0x20000000                        __RAM_BASE = 0x20000000
                0x00020000                        __RAM_SIZE = 0x20000
                0x00000200                        __STACK_SIZE = 0x200
                0x00000c00                        __HEAP_SIZE = 0xc00
                0x00000000                        __STACKSEAL_SIZE = 0x0

.text           0x10000000      0x29c
 *(.vectors)
 .vectors       0x10000000       0x68 ./Debug/startup_Musca-B1.o
                0x10000000                __Vectors
 *(.text*)
 .text.deregister_tm_clones
                0x10000068       0x1c C:/Program Files (Dev)/13.2 Rel1/bin/../lib/gcc/arm-none-eabi/13.2.1/thumb/v8-m.main/nofp/crtbegin.o
 .text.register_tm_clones
                0x10000084       0x28 C:/Program Files (Dev)/13.2 Rel1/bin/../lib/gcc/arm-none-eabi/13.2.1/thumb/v8-m.main/nofp/crtbegin.o
 .text.__do_global_dtors_aux
                0x100000ac       0x28 C:/Program Files (Dev)/13.2 Rel1/bin/../lib/gcc/arm-none-eabi/13.2.1/thumb/v8-m.main/nofp/crtbegin.o
 .text.frame_dummy
                0x100000d4       0x24 C:/Program Files (Dev)/13.2 Rel1/bin/../lib/gcc/arm-none-eabi/13.2.1/thumb/v8-m.main/nofp/crtbegin.o
 .text          0x100000f8       0xf4 ./Debug/main.o
                0x100000f8                config_priority_and_enable_interrupt
                0x1000018c                enable_intterupt_by_sw
                0x100001ac                main
                0x100001d2                Interrupt3_Handler
                0x100001de                Interrupt8_Handler
 .text          0x100001ec       0x50 ./Debug/startup_Musca-B1.o
                0x100001ec                Reset_Handler
                0x1000022c                HardFault_Handler
                0x10000234                PendSV_Handler
                0x10000234                NMI_Handler
                0x10000234                Interrupt5_Handler
                0x10000234                UsageFault_Handler
                0x10000234                SysTick_Handler
                0x10000234                DebugMon_Handler
                0x10000234                Interrupt7_Handler
                0x10000234                Interrupt2_Handler
                0x10000234                Interrupt0_Handler
                0x10000234                Interrupt4_Handler
                0x10000234                SecureFault_Handler
                0x10000234                Default_Handler
                0x10000234                Interrupt9_Handler
                0x10000234                Interrupt6_Handler
                0x10000234                MemManage_Handler
                0x10000234                SVC_Handler
                0x10000234                Interrupt1_Handler
                0x10000234                BusFault_Handler
 .text          0x1000023c       0x44 ./Debug/system_Musca-B1.o
                0x1000023c                SystemCoreClockUpdate
                0x10000258                SystemInit
 *(.init)
 .init          0x10000280        0x4 C:/Program Files (Dev)/13.2 Rel1/bin/../lib/gcc/arm-none-eabi/13.2.1/thumb/v8-m.main/nofp/crti.o
                0x10000280                _init
 .init          0x10000284        0x8 C:/Program Files (Dev)/13.2 Rel1/bin/../lib/gcc/arm-none-eabi/13.2.1/thumb/v8-m.main/nofp/crtn.o
 *(.fini)
 .fini          0x1000028c        0x4 C:/Program Files (Dev)/13.2 Rel1/bin/../lib/gcc/arm-none-eabi/13.2.1/thumb/v8-m.main/nofp/crti.o
                0x1000028c                _fini
 .fini          0x10000290        0x8 C:/Program Files (Dev)/13.2 Rel1/bin/../lib/gcc/arm-none-eabi/13.2.1/thumb/v8-m.main/nofp/crtn.o
 *crtbegin.o(.ctors)
 *crtbegin?.o(.ctors)
 *(EXCLUDE_FILE(*crtend.o *crtend?.o) .ctors)
 *(SORT_BY_NAME(.ctors.*))
 *(.ctors)
 *crtbegin.o(.dtors)
 *crtbegin?.o(.dtors)
 *(EXCLUDE_FILE(*crtend.o *crtend?.o) .dtors)
 *(SORT_BY_NAME(.dtors.*))
 *(.dtors)
 *(.rodata*)
 *(.eh_frame*)
 .eh_frame      0x10000298        0x0 C:/Program Files (Dev)/13.2 Rel1/bin/../lib/gcc/arm-none-eabi/13.2.1/thumb/v8-m.main/nofp/crtbegin.o
 .eh_frame      0x10000298        0x4 C:/Program Files (Dev)/13.2 Rel1/bin/../lib/gcc/arm-none-eabi/13.2.1/thumb/v8-m.main/nofp/crtend.o

.glue_7         0x1000029c        0x0
 .glue_7        0x1000029c        0x0 linker stubs

.glue_7t        0x1000029c        0x0
 .glue_7t       0x1000029c        0x0 linker stubs

.vfp11_veneer   0x1000029c        0x0
 .vfp11_veneer  0x1000029c        0x0 linker stubs

.v4_bx          0x1000029c        0x0
 .v4_bx         0x1000029c        0x0 linker stubs

.iplt           0x1000029c        0x0
 .iplt          0x1000029c        0x0 C:/Program Files (Dev)/13.2 Rel1/bin/../lib/gcc/arm-none-eabi/13.2.1/thumb/v8-m.main/nofp/crtbegin.o

.rel.dyn        0x1000029c        0x0
 .rel.iplt      0x1000029c        0x0 C:/Program Files (Dev)/13.2 Rel1/bin/../lib/gcc/arm-none-eabi/13.2.1/thumb/v8-m.main/nofp/crtbegin.o

.ARM.extab
 *(.ARM.extab* .gnu.linkonce.armextab.*)
                0x1000029c                        __exidx_start = .

.ARM.exidx
 *(.ARM.exidx* .gnu.linkonce.armexidx.*)
                0x1000029c                        __exidx_end = .

.copy.table     0x1000029c        0xc
                0x1000029c                        . = ALIGN (0x4)
                0x1000029c                        __copy_table_start__ = .
                0x1000029c        0x4 LONG 0x100002a8 __etext
                0x100002a0        0x4 LONG 0x20000000 __data_start__
                0x100002a4        0x4 LONG 0x7 ((__data_end__ - __data_start__) / 0x4)
                0x100002a8                        __copy_table_end__ = .

.zero.table     0x100002a8        0x0
                0x100002a8                        . = ALIGN (0x4)
                0x100002a8                        __zero_table_start__ = .
                0x100002a8                        __zero_table_end__ = .
                0x100002a8                        __etext = ALIGN (0x4)

.data           0x20000000       0x1c load address 0x100002a8
                0x20000000                        __data_start__ = .
 *(vtable)
 *(.data)
 .data          0x20000000       0x10 ./Debug/main.o
                0x20000000                pNVIC_IPRBase
                0x20000004                pNVIC_ISERBase
                0x20000008                pNVIC_ISPRBase
                0x2000000c                pNVIC_STIRBase
 .data          0x20000010        0x4 ./Debug/system_Musca-B1.o
                0x20000010                SystemCoreClock
 *(.data.*)
                0x20000014                        . = ALIGN (0x4)
                0x20000014                        PROVIDE (__preinit_array_start = .)
 *(.preinit_array)
                0x20000014                        PROVIDE (__preinit_array_end = .)
                0x20000014                        . = ALIGN (0x4)
                0x20000014                        PROVIDE (__init_array_start = .)
 *(SORT_BY_NAME(.init_array.*))
 *(.init_array)
 .init_array    0x20000014        0x4 C:/Program Files (Dev)/13.2 Rel1/bin/../lib/gcc/arm-none-eabi/13.2.1/thumb/v8-m.main/nofp/crtbegin.o
                0x20000018                        PROVIDE (__init_array_end = .)
                0x20000018                        . = ALIGN (0x4)
                [!provide]                        PROVIDE (__fini_array_start = .)
 *(SORT_BY_NAME(.fini_array.*))
 *(.fini_array)
 .fini_array    0x20000018        0x4 C:/Program Files (Dev)/13.2 Rel1/bin/../lib/gcc/arm-none-eabi/13.2.1/thumb/v8-m.main/nofp/crtbegin.o
                [!provide]                        PROVIDE (__fini_array_end = .)
 *(.jcr*)
                0x2000001c                        . = ALIGN (0x4)
                0x2000001c                        __data_end__ = .

.tm_clone_table
                0x2000001c        0x0 load address 0x100002c4
 .tm_clone_table
                0x2000001c        0x0 C:/Program Files (Dev)/13.2 Rel1/bin/../lib/gcc/arm-none-eabi/13.2.1/thumb/v8-m.main/nofp/crtbegin.o
 .tm_clone_table
                0x2000001c        0x0 C:/Program Files (Dev)/13.2 Rel1/bin/../lib/gcc/arm-none-eabi/13.2.1/thumb/v8-m.main/nofp/crtend.o

.igot.plt       0x2000001c        0x0 load address 0x100002c4
 .igot.plt      0x2000001c        0x0 C:/Program Files (Dev)/13.2 Rel1/bin/../lib/gcc/arm-none-eabi/13.2.1/thumb/v8-m.main/nofp/crtbegin.o

.bss            0x2000001c       0x1c
                0x2000001c                        . = ALIGN (0x4)
                0x2000001c                        __bss_start__ = .
 *(.bss)
 *(.bss.*)
 .bss.completed.1
                0x2000001c        0x1 C:/Program Files (Dev)/13.2 Rel1/bin/../lib/gcc/arm-none-eabi/13.2.1/thumb/v8-m.main/nofp/crtbegin.o
 *fill*         0x2000001d        0x3 
 .bss.object.0  0x20000020       0x18 C:/Program Files (Dev)/13.2 Rel1/bin/../lib/gcc/arm-none-eabi/13.2.1/thumb/v8-m.main/nofp/crtbegin.o
 *(COMMON)
                0x20000038                        . = ALIGN (0x4)
                0x20000038                        __bss_end__ = .

.heap           0x20000038      0xc00
                0x20000038                        . = ALIGN (0x8)
                0x20000038                        __end__ = .
                [!provide]                        PROVIDE (end = .)
                0x20000c38                        . = (. + __HEAP_SIZE)
 *fill*         0x20000038      0xc00 
                0x20000c38                        . = ALIGN (0x8)
                0x20000c38                        __HeapLimit = .

.stack          0x2001fe00      0x200
                0x2001fe00                        . = ALIGN (0x8)
                0x2001fe00                        __StackLimit = .
                0x20020000                        . = (. + __STACK_SIZE)
 *fill*         0x2001fe00      0x200 
                0x20020000                        . = ALIGN (0x8)
                0x20020000                        __StackTop = .
                0x20020000                        PROVIDE (__stack = __StackTop)
                0x00000001                        ASSERT ((__StackLimit >= __HeapLimit), region RAM overflowed with stack)
OUTPUT(./Debug/Musca_bare.elf elf32-littlearm)
LOAD linker stubs

.ARM.attributes
                0x00000000       0x30
 .ARM.attributes
                0x00000000       0x22 C:/Program Files (Dev)/13.2 Rel1/bin/../lib/gcc/arm-none-eabi/13.2.1/thumb/v8-m.main/nofp/crti.o
 .ARM.attributes
                0x00000022       0x32 C:/Program Files (Dev)/13.2 Rel1/bin/../lib/gcc/arm-none-eabi/13.2.1/thumb/v8-m.main/nofp/crtbegin.o
 .ARM.attributes
                0x00000054       0x34 ./Debug/main.o
 .ARM.attributes
                0x00000088       0x34 ./Debug/startup_Musca-B1.o
 .ARM.attributes
                0x000000bc       0x34 ./Debug/system_Musca-B1.o
 .ARM.attributes
                0x000000f0       0x32 C:/Program Files (Dev)/13.2 Rel1/bin/../lib/gcc/arm-none-eabi/13.2.1/thumb/v8-m.main/nofp/crtend.o
 .ARM.attributes
                0x00000122       0x22 C:/Program Files (Dev)/13.2 Rel1/bin/../lib/gcc/arm-none-eabi/13.2.1/thumb/v8-m.main/nofp/crtn.o

.comment        0x00000000       0x44
 .comment       0x00000000       0x44 ./Debug/main.o
                                 0x45 (size before relaxing)
 .comment       0x00000044       0x45 ./Debug/startup_Musca-B1.o
 .comment       0x00000044       0x45 ./Debug/system_Musca-B1.o

.debug_info     0x00000000      0x916
 .debug_info    0x00000000      0x200 ./Debug/main.o
 .debug_info    0x00000200      0x235 ./Debug/startup_Musca-B1.o
 .debug_info    0x00000435      0x4e1 ./Debug/system_Musca-B1.o

.debug_abbrev   0x00000000      0x326
 .debug_abbrev  0x00000000       0xf4 ./Debug/main.o
 .debug_abbrev  0x000000f4      0x148 ./Debug/startup_Musca-B1.o
 .debug_abbrev  0x0000023c       0xea ./Debug/system_Musca-B1.o

.debug_loc      0x00000000      0x284
 .debug_loc     0x00000000      0x16c ./Debug/main.o
 .debug_loc     0x0000016c       0x90 ./Debug/startup_Musca-B1.o
 .debug_loc     0x000001fc       0x88 ./Debug/system_Musca-B1.o

.debug_aranges  0x00000000       0x60
 .debug_aranges
                0x00000000       0x20 ./Debug/main.o
 .debug_aranges
                0x00000020       0x20 ./Debug/startup_Musca-B1.o
 .debug_aranges
                0x00000040       0x20 ./Debug/system_Musca-B1.o

.debug_line     0x00000000      0x3ff
 .debug_line    0x00000000      0x13d ./Debug/main.o
 .debug_line    0x0000013d      0x17a ./Debug/startup_Musca-B1.o
 .debug_line    0x000002b7      0x148 ./Debug/system_Musca-B1.o

.debug_str      0x00000000      0x45f
 .debug_str     0x00000000      0x45f ./Debug/main.o
                                0x250 (size before relaxing)
 .debug_str     0x0000045f      0x265 ./Debug/startup_Musca-B1.o
 .debug_str     0x0000045f      0x2ec ./Debug/system_Musca-B1.o

.debug_frame    0x00000000      0x16c
 .debug_frame   0x00000000       0xbc ./Debug/main.o
 .debug_frame   0x000000bc       0x60 ./Debug/startup_Musca-B1.o
 .debug_frame   0x0000011c       0x50 ./Debug/system_Musca-B1.o
