   1              		.cpu cortex-m33
   2              		.arch armv8-m.main
   3              		.fpu softvfp
   4              		.arch_extension dsp
   5              		.eabi_attribute 20, 1
   6              		.eabi_attribute 21, 1
   7              		.eabi_attribute 23, 3
   8              		.eabi_attribute 24, 1
   9              		.eabi_attribute 25, 1
  10              		.eabi_attribute 26, 1
  11              		.eabi_attribute 30, 6
  12              		.eabi_attribute 34, 1
  13              		.eabi_attribute 18, 4
  14              		.file	"main.c"
  15              		.text
  16              	.Ltext0:
  17              		.cfi_sections	.debug_frame
  18              		.section	.rodata
  19              		.align	2
  20              	.LC0:
  21 0000 48656C6C 		.ascii	"Hello, Boot sequence is finished. I'm in main funct"
  21      6F2C2042 
  21      6F6F7420 
  21      73657175 
  21      656E6365 
  22 0033 696F6E20 		.ascii	"ion now!!\000"
  22      6E6F7721 
  22      2100
  23              		.text
  24              		.align	1
  25              		.global	main
  26              		.syntax unified
  27              		.thumb
  28              		.thumb_func
  30              	main:
  31              	.LFB3:
  32              		.file 1 "./Source/main.c"
   1:./Source/main.c **** #include "stdio.h"
   2:./Source/main.c **** int main(void)
   3:./Source/main.c **** {
  33              		.loc 1 3 1
  34              		.cfi_startproc
  35              		@ args = 0, pretend = 0, frame = 0
  36              		@ frame_needed = 1, uses_anonymous_args = 0
  37 0000 80B5     		push	{r7, lr}
  38              	.LCFI0:
  39              		.cfi_def_cfa_offset 8
  40              		.cfi_offset 7, -8
  41              		.cfi_offset 14, -4
  42 0002 00AF     		add	r7, sp, #0
  43              	.LCFI1:
  44              		.cfi_def_cfa_register 7
   4:./Source/main.c ****     printf("Hello, Boot sequence is finished. I'm in main function now!!");
  45              		.loc 1 4 5
  46 0004 0248     		ldr	r0, .L3
  47 0006 FFF7FEFF 		bl	printf
   5:./Source/main.c ****     return 0;
  48              		.loc 1 5 12
  49 000a 0023     		movs	r3, #0
   6:./Source/main.c **** }
  50              		.loc 1 6 1
  51 000c 1846     		mov	r0, r3
  52 000e 80BD     		pop	{r7, pc}
  53              	.L4:
  54              		.align	2
  55              	.L3:
  56 0010 00000000 		.word	.LC0
  57              		.cfi_endproc
  58              	.LFE3:
  60              	.Letext0:
DEFINED SYMBOLS
                            *ABS*:00000000 main.c
C:\Users\ADMIN\AppData\Local\Temp\cc76QaV6.s:19     .rodata:00000000 $d
C:\Users\ADMIN\AppData\Local\Temp\cc76QaV6.s:24     .text:00000000 $t
C:\Users\ADMIN\AppData\Local\Temp\cc76QaV6.s:30     .text:00000000 main
C:\Users\ADMIN\AppData\Local\Temp\cc76QaV6.s:56     .text:00000010 $d

UNDEFINED SYMBOLS
printf
